Archive member included because of file (symbol)

d:/winavr-20100110/bin/../lib/gcc/avr/4.3.3/../../../../avr/lib/avr5\libm.a(addsf3.o)
                              ./src/Print.o (__subsf3)
d:/winavr-20100110/bin/../lib/gcc/avr/4.3.3/../../../../avr/lib/avr5\libm.a(addsf3x.o)
                              d:/winavr-20100110/bin/../lib/gcc/avr/4.3.3/../../../../avr/lib/avr5\libm.a(addsf3.o) (__addsf3x)
d:/winavr-20100110/bin/../lib/gcc/avr/4.3.3/../../../../avr/lib/avr5\libm.a(cmpsf2.o)
                              ./src/Print.o (__ltsf2)
d:/winavr-20100110/bin/../lib/gcc/avr/4.3.3/../../../../avr/lib/avr5\libm.a(divsf3.o)
                              ./src/Print.o (__divsf3)
d:/winavr-20100110/bin/../lib/gcc/avr/4.3.3/../../../../avr/lib/avr5\libm.a(divsf3x.o)
                              d:/winavr-20100110/bin/../lib/gcc/avr/4.3.3/../../../../avr/lib/avr5\libm.a(divsf3.o) (__divsf3x)
d:/winavr-20100110/bin/../lib/gcc/avr/4.3.3/../../../../avr/lib/avr5\libm.a(fixsfsi.o)
                              ./src/Print.o (__fixsfsi)
d:/winavr-20100110/bin/../lib/gcc/avr/4.3.3/../../../../avr/lib/avr5\libm.a(fixunssfsi.o)
                              ./src/Print.o (__fixunssfsi)
d:/winavr-20100110/bin/../lib/gcc/avr/4.3.3/../../../../avr/lib/avr5\libm.a(floatsisf.o)
                              ./src/Print.o (__floatunsisf)
d:/winavr-20100110/bin/../lib/gcc/avr/4.3.3/../../../../avr/lib/avr5\libm.a(fp_cmp.o)
                              d:/winavr-20100110/bin/../lib/gcc/avr/4.3.3/../../../../avr/lib/avr5\libm.a(cmpsf2.o) (__fp_cmp)
d:/winavr-20100110/bin/../lib/gcc/avr/4.3.3/../../../../avr/lib/avr5\libm.a(fp_inf.o)
                              d:/winavr-20100110/bin/../lib/gcc/avr/4.3.3/../../../../avr/lib/avr5\libm.a(addsf3x.o) (__fp_inf)
d:/winavr-20100110/bin/../lib/gcc/avr/4.3.3/../../../../avr/lib/avr5\libm.a(fp_nan.o)
                              d:/winavr-20100110/bin/../lib/gcc/avr/4.3.3/../../../../avr/lib/avr5\libm.a(addsf3x.o) (__fp_nan)
d:/winavr-20100110/bin/../lib/gcc/avr/4.3.3/../../../../avr/lib/avr5\libm.a(fp_pscA.o)
                              d:/winavr-20100110/bin/../lib/gcc/avr/4.3.3/../../../../avr/lib/avr5\libm.a(addsf3x.o) (__fp_pscA)
d:/winavr-20100110/bin/../lib/gcc/avr/4.3.3/../../../../avr/lib/avr5\libm.a(fp_pscB.o)
                              d:/winavr-20100110/bin/../lib/gcc/avr/4.3.3/../../../../avr/lib/avr5\libm.a(addsf3x.o) (__fp_pscB)
d:/winavr-20100110/bin/../lib/gcc/avr/4.3.3/../../../../avr/lib/avr5\libm.a(fp_round.o)
                              d:/winavr-20100110/bin/../lib/gcc/avr/4.3.3/../../../../avr/lib/avr5\libm.a(addsf3.o) (__fp_round)
d:/winavr-20100110/bin/../lib/gcc/avr/4.3.3/../../../../avr/lib/avr5\libm.a(fp_split3.o)
                              d:/winavr-20100110/bin/../lib/gcc/avr/4.3.3/../../../../avr/lib/avr5\libm.a(addsf3x.o) (__fp_split3)
d:/winavr-20100110/bin/../lib/gcc/avr/4.3.3/../../../../avr/lib/avr5\libm.a(fp_zero.o)
                              d:/winavr-20100110/bin/../lib/gcc/avr/4.3.3/../../../../avr/lib/avr5\libm.a(addsf3x.o) (__fp_zero)
d:/winavr-20100110/bin/../lib/gcc/avr/4.3.3/../../../../avr/lib/avr5\libm.a(gesf2.o)
                              ./src/Print.o (__gtsf2)
d:/winavr-20100110/bin/../lib/gcc/avr/4.3.3/../../../../avr/lib/avr5\libm.a(mulsf3.o)
                              ./src/Print.o (__mulsf3)
d:/winavr-20100110/bin/../lib/gcc/avr/4.3.3/../../../../avr/lib/avr5\libm.a(mulsf3x.o)
                              d:/winavr-20100110/bin/../lib/gcc/avr/4.3.3/../../../../avr/lib/avr5\libm.a(mulsf3.o) (__mulsf3x)
d:/winavr-20100110/bin/../lib/gcc/avr/4.3.3/../../../../avr/lib/avr5\libm.a(unordsf2.o)
                              ./src/Print.o (__unordsf2)
d:/winavr-20100110/bin/../lib/gcc/avr/4.3.3/avr5\libgcc.a(_mulsi3.o)
                              ./src/Print.o (__mulsi3)
d:/winavr-20100110/bin/../lib/gcc/avr/4.3.3/avr5\libgcc.a(_divmodhi4.o)
                              ./libraries/Adafruit_GFX.o (__divmodhi4)
d:/winavr-20100110/bin/../lib/gcc/avr/4.3.3/avr5\libgcc.a(_udivmodsi4.o)
                              ./src/HardwareSerial.o (__udivmodsi4)
d:/winavr-20100110/bin/../lib/gcc/avr/4.3.3/avr5\libgcc.a(_divmodsi4.o)
                              ./src/WMath.o (__divmodsi4)
d:/winavr-20100110/bin/../lib/gcc/avr/4.3.3/avr5\libgcc.a(_exit.o)
                              d:/winavr-20100110/bin/../lib/gcc/avr/4.3.3/../../../../avr/lib/avr5/crtm328p.o (exit)
d:/winavr-20100110/bin/../lib/gcc/avr/4.3.3/avr5\libgcc.a(_copy_data.o)
                              ./src/avr-libc/malloc.o (__do_copy_data)
d:/winavr-20100110/bin/../lib/gcc/avr/4.3.3/avr5\libgcc.a(_clear_bss.o)
                              ./src/avr-libc/malloc.o (__do_clear_bss)
d:/winavr-20100110/bin/../lib/gcc/avr/4.3.3/avr5\libgcc.a(_ctors.o)
                              ./src/HardwareSerial.o (__do_global_ctors)
d:/winavr-20100110/bin/../lib/gcc/avr/4.3.3/avr5\libgcc.a(_udivmodhi4.o)
[...]
Memory Configuration

Name             Origin             Length             Attributes
text             0x00000000         0x00020000         xr
data             0x00800060         0x0000ffa0         rw !x
eeprom           0x00810000         0x00010000         rw !x
fuse             0x00820000         0x00000400         rw !x
lock             0x00830000         0x00000400         rw !x
signature        0x00840000         0x00000400         rw !x
*default*        0x00000000         0xffffffff

Linker script and memory map

Address of section .data set to 0x800100
LOAD d:/winavr-20100110/bin/../lib/gcc/avr/4.3.3/../../../../avr/lib/avr5/crtm328p.o
LOAD ./src/avr-libc/malloc.o
LOAD ./src/avr-libc/realloc.o
LOAD ./src/CDC.o
LOAD ./src/HID.o
LOAD ./src/HardwareSerial.o
LOAD ./src/Print.o
LOAD ./src/SPI.o
LOAD ./src/Stream.o
LOAD ./src/Tone.o
LOAD ./src/USBCore.o
LOAD ./src/WInterrupts.o
LOAD ./src/WMath.o
LOAD ./src/WString.o
LOAD ./src/main.o
LOAD ./src/new.o
LOAD ./src/wiring.o
LOAD ./src/wiring_analog.o
LOAD ./src/wiring_digital.o
LOAD ./src/wiring_pulse.o
LOAD ./src/wiring_shift.o
LOAD ./libraries/Adafruit_GFX.o
LOAD ./libraries/Adafruit_NFCShield_I2C.o
LOAD ./libraries/Adafruit_TFTLCD.o
LOAD ./libraries/TouchScreen.o
LOAD ./libraries/Wire.o
LOAD ./libraries/glcdfont.o
LOAD ./libraries/twi.o
LOAD ./nfc_pos_display.o
LOAD ./nfc_pos_main.o
LOAD ./nfc_pos_transaction.o
LOAD d:/winavr-20100110/bin/../lib/gcc/avr/4.3.3/../../../../avr/lib/avr5\libm.a
LOAD d:/winavr-20100110/bin/../lib/gcc/avr/4.3.3/avr5\libgcc.a
LOAD d:/winavr-20100110/bin/../lib/gcc/avr/4.3.3/../../../../avr/lib/avr5\libc.a
LOAD d:/winavr-20100110/bin/../lib/gcc/avr/4.3.3/avr5\libgcc.a

.hash
 *(.hash)

.dynsym
 *(.dynsym)

.dynstr
 *(.dynstr)

.gnu.version
 *(.gnu.version)

.gnu.version_d
 *(.gnu.version_d)

.gnu.version_r
 *(.gnu.version_r)

.rel.init
 *(.rel.init)

.rela.init
 *(.rela.init)

.rel.text
 *(.rel.text)
 *(.rel.text.*)
 *(.rel.gnu.linkonce.t*)

.rela.text
 *(.rela.text)
 *(.rela.text.*)
 *(.rela.gnu.linkonce.t*)

.rel.fini
 *(.rel.fini)

.rela.fini
 *(.rela.fini)

.rel.rodata
 *(.rel.rodata)
 *(.rel.rodata.*)
 *(.rel.gnu.linkonce.r*)

.rela.rodata
 *(.rela.rodata)
 *(.rela.rodata.*)
 *(.rela.gnu.linkonce.r*)

.rel.data
 *(.rel.data)
 *(.rel.data.*)
 *(.rel.gnu.linkonce.d*)

.rela.data
 *(.rela.data)
 *(.rela.data.*)
 *(.rela.gnu.linkonce.d*)

.rel.ctors
 *(.rel.ctors)

.rela.ctors
 *(.rela.ctors)

.rel.dtors
 *(.rel.dtors)

.rela.dtors
 *(.rela.dtors)

.rel.got
 *(.rel.got)

.rela.got
 *(.rela.got)

.rel.bss
 *(.rel.bss)

.rela.bss
 *(.rela.bss)

.rel.plt
 *(.rel.plt)

.rela.plt
 *(.rela.plt)

.text           0x00000000     0x5baa
 *(.vectors)
 .vectors       0x00000000       0x68 d:/winavr-20100110/bin/../lib/gcc/avr/4.3.3/../../../../avr/lib/avr5/crtm328p.o
                0x00000000                __vectors
                0x00000000                __vector_default
 *(.vectors)
 *(.progmem.gcc*)
 *(.progmem*)
 .progmem.data  0x00000068        0x1 ./src/Tone.o
 .progmem.data  0x00000069       0x5a ./src/wiring_digital.o
                0x00000069                port_to_mode_PGM
                0x00000087                digital_pin_to_port_PGM
                0x0000009b                digital_pin_to_bit_mask_PGM
                0x00000073                port_to_output_PGM
                0x0000007d                port_to_input_PGM
                0x000000af                digital_pin_to_timer_PGM
 .progmem.data  0x000000c3      0x4fb ./libraries/Adafruit_GFX.o
 .progmem.data  0x000005be      0x122 ./libraries/Adafruit_TFTLCD.o
 .progmem.data  0x000006e0       0xf3 ./nfc_pos_main.o
 .progmem.data  0x000007d3      0x2f7 ./nfc_pos_transaction.o
                0x00000aca                . = ALIGN (0x2)
                0x00000aca                __trampolines_start = .
 *(.trampolines)
 .trampolines   0x00000aca        0x0 linker stubs
 *(.trampolines*)
                0x00000aca                __trampolines_end = .
 *(.jumptables)
 *(.jumptables*)
 *(.lowtext)
 *(.lowtext*)
                0x00000aca                __ctors_start = .
 *(.ctors)
 .ctors         0x00000aca        0x2 ./src/HardwareSerial.o
 .ctors         0x00000acc        0x2 ./libraries/Wire.o
 .ctors         0x00000ace        0x2 ./nfc_pos_display.o
 .ctors         0x00000ad0        0x2 ./nfc_pos_transaction.o
                0x00000ad2                __ctors_end = .
                0x00000ad2                __dtors_start = .
 *(.dtors)
                0x00000ad2                __dtors_end = .
 SORT(*)(.ctors)
 SORT(*)(.dtors)
 *(.init0)
 .init0         0x00000ad2        0x0 d:/winavr-20100110/bin/../lib/gcc/avr/4.3.3/../../../../avr/lib/avr5/crtm328p.o
                0x00000ad2                __init
 *(.init0)
 *(.init1)
 *(.init1)
 *(.init2)
 .init2         0x00000ad2        0xc d:/winavr-20100110/bin/../lib/gcc/avr/4.3.3/../../../../avr/lib/avr5/crtm328p.o
 *(.init2)
 *(.init3)
 *(.init3)
 *(.init4)
 .init4         0x00000ade       0x16 d:/winavr-20100110/bin/../lib/gcc/avr/4.3.3/avr5\libgcc.a(_copy_data.o)
                0x00000ade                __do_copy_data
 .init4         0x00000af4       0x10 d:/winavr-20100110/bin/../lib/gcc/avr/4.3.3/avr5\libgcc.a(_clear_bss.o)
                0x00000af4                __do_clear_bss
 *(.init4)
 *(.init5)
 *(.init5)
 *(.init6)
 .init6         0x00000b04       0x16 d:/winavr-20100110/bin/../lib/gcc/avr/4.3.3/avr5\libgcc.a(_ctors.o)
                0x00000b04                __do_global_ctors
 *(.init6)
 *(.init7)
 *(.init7)
 *(.init8)
 *(.init8)
 *(.init9)
 .init9         0x00000b1a        0x8 d:/winavr-20100110/bin/../lib/gcc/avr/4.3.3/../../../../avr/lib/avr5/crtm328p.o
 *(.init9)
 *(.text)
 .text          0x00000b22        0x4 d:/winavr-20100110/bin/../lib/gcc/avr/4.3.3/../../../../avr/lib/avr5/crtm328p.o
                0x00000b22                __vector_22
                0x00000b22                __vector_12
                0x00000b22                __bad_interrupt
                0x00000b22                __vector_6
                0x00000b22                __vector_3
                0x00000b22                __vector_23
                0x00000b22                __vector_25
                0x00000b22                __vector_11
                0x00000b22                __vector_13
                0x00000b22                __vector_17
                0x00000b22                __vector_5
                0x00000b22                __vector_4
                0x00000b22                __vector_9
                0x00000b22                __vector_21
                0x00000b22                __vector_15
                0x00000b22                __vector_8
                0x00000b22                __vector_14
                0x00000b22                __vector_10
                0x00000b22                __vector_20
                0x00000b26                . = ALIGN (0x2)
 *(.text.*)
 .text._Z11serialEventv
                0x00000b26        0x2 ./src/HardwareSerial.o
                0x00000b26                serialEvent()
 .text.__vector_18
                0x00000b28       0x76 ./src/HardwareSerial.o
                0x00000b28                __vector_18
 .text._Z14serialEventRunv
                0x00000b9e       0x26 ./src/HardwareSerial.o
                0x00000b9e                serialEventRun()
 .text.__vector_19
                0x00000bc4       0x76 ./src/HardwareSerial.o
                0x00000bc4                __vector_19
 .text._ZN14HardwareSerial5beginEm
                0x00000c3a      0x10e ./src/HardwareSerial.o
                0x00000c3a                HardwareSerial::begin(unsigned long)
 .text._ZN14HardwareSerial9availableEv
                0x00000d48       0x22 ./src/HardwareSerial.o
                0x00000d48                HardwareSerial::available()
 .text._ZN14HardwareSerial4peekEv
                0x00000d6a       0x40 ./src/HardwareSerial.o
                0x00000d6a                HardwareSerial::peek()
 .text._ZN14HardwareSerial4readEv
                0x00000daa       0x52 ./src/HardwareSerial.o
                0x00000daa                HardwareSerial::read()
 .text._ZN14HardwareSerial5flushEv
                0x00000dfc       0x20 ./src/HardwareSerial.o
                0x00000dfc                HardwareSerial::flush()
 .text._ZN14HardwareSerial5writeEh
                0x00000e1c       0x80 ./src/HardwareSerial.o
                0x00000e1c                HardwareSerial::write(unsigned char)
 .text._GLOBAL__I_rx_buffer
                0x00000e9c       0xac ./src/HardwareSerial.o
 .text._ZN5Print5writeEPKhj
                0x00000f48       0x54 ./src/Print.o
                0x00000f48                Print::write(unsigned char const*, unsigned int)
 .text._ZN5Print5printEc
                0x00000f9c       0x10 ./src/Print.o
                0x00000f9c                Print::print(char)
 .text._ZN5Print7printlnEv
                0x00000fac       0x40 ./src/Print.o
                0x00000fac                Print::println()
 .text._ZN5Print5writeEPKc
                0x00000fec       0x38 ./src/Print.o
                0x00000fec                Print::write(char const*)
 .text._ZN5Print11printNumberEmh
                0x00001024       0xc8 ./src/Print.o
                0x00001024                Print::printNumber(unsigned long, unsigned char)
 .text._ZN5Print5printEmi
                0x000010ec       0x1e ./src/Print.o
                0x000010ec                Print::print(unsigned long, int)
 .text._ZN5Print7printlnEmi
                0x0000110a       0x28 ./src/Print.o
                0x0000110a                Print::println(unsigned long, int)
 .text._ZN5Print5printEhi
                0x00001132       0x24 ./src/Print.o
                0x00001132                Print::print(unsigned char, int)
 .text._ZN5Print7printlnEhi
                0x00001156       0x3c ./src/Print.o
                0x00001156                Print::println(unsigned char, int)
 .text._ZN5Print5printEli
                0x00001192       0x80 ./src/Print.o
                0x00001192                Print::print(long, int)
 .text._ZN5Print7printlnEii
                0x00001212       0x3e ./src/Print.o
                0x00001212                Print::println(int, int)
 .text._ZN5Print5printEPKc
                0x00001250        0x6 ./src/Print.o
                0x00001250                Print::print(char const*)
 .text._ZN5Print7printlnEPKc
                0x00001256       0x26 ./src/Print.o
                0x00001256                Print::println(char const*)
 .text._Z12disableTimerh
                0x0000127c       0x42 ./src/Tone.o
                0x0000127c                disableTimer(unsigned char)
 .text._Z6noToneh
                0x000012be       0x2e ./src/Tone.o
                0x000012be                noTone(unsigned char)
 .text.__vector_7
                0x000012ec       0xb8 ./src/Tone.o
                0x000012ec                __vector_7
 .text.__vector_1
                0x000013a4       0x5a ./src/WInterrupts.o
                0x000013a4                __vector_1
 .text.__vector_2
                0x000013fe       0x5a ./src/WInterrupts.o
                0x000013fe                __vector_2
 .text._Z3maplllll
                0x00001458       0x92 ./src/WMath.o
                0x00001458                map(long, long, long, long, long)
 .text.main     0x000014ea       0x1e ./src/main.o
                0x000014ea                main
 .text.__vector_16
                0x00001508       0x90 ./src/wiring.o
                0x00001508                __vector_16
 .text.micros   0x00001598       0x4c ./src/wiring.o
                0x00001598                micros
 .text.delay    0x000015e4       0x4c ./src/wiring.o
                0x000015e4                delay
 .text.delayMicroseconds
                0x00001630       0x14 ./src/wiring.o
                0x00001630                delayMicroseconds
 .text.init     0x00001644       0x76 ./src/wiring.o
                0x00001644                init
 .text.analogRead
                0x000016ba       0x44 ./src/wiring_analog.o
                0x000016ba                analogRead
 .text.pinMode  0x000016fe       0x7e ./src/wiring_digital.o
                0x000016fe                pinMode
 .text.turnOffPWM
                0x0000177c       0x5a ./src/wiring_digital.o
 .text.digitalWrite
                0x000017d6       0x66 ./src/wiring_digital.o
                0x000017d6                digitalWrite
 .text.digitalRead
                0x0000183c       0x60 ./src/wiring_digital.o
                0x0000183c                digitalRead
 .text._ZN12Adafruit_GFX11constructorEii
                0x0000189c       0x30 ./libraries/Adafruit_GFX.o
                0x0000189c                Adafruit_GFX::constructor(int, int)
 .text._ZN12Adafruit_GFX8drawLineEiiiij
                0x000018cc      0x158 ./libraries/Adafruit_GFX.o
                0x000018cc                Adafruit_GFX::drawLine(int, int, int, int, unsigned int)
 .text._ZN12Adafruit_GFX8drawRectEiiiij
                0x00001a24       0xa8 ./libraries/Adafruit_GFX.o
                0x00001a24                Adafruit_GFX::drawRect(int, int, int, int, unsigned int)
 .text._ZN12Adafruit_GFX8drawCharEiihjjh
                0x00001acc      0x1d0 ./libraries/Adafruit_GFX.o
                0x00001acc                Adafruit_GFX::drawChar(int, int, unsigned char, unsigned int, unsigned int, unsigned char)
 .text._ZN12Adafruit_GFX5writeEh
                0x00001c9c       0xb8 ./libraries/Adafruit_GFX.o
                0x00001c9c                Adafruit_GFX::write(unsigned char)
 .text._ZN12Adafruit_GFX9setCursorEii
                0x00001d54        0xc ./libraries/Adafruit_GFX.o
                0x00001d54                Adafruit_GFX::setCursor(int, int)
 .text._ZN12Adafruit_GFX11setTextSizeEh
                0x00001d60        0xc ./libraries/Adafruit_GFX.o
                0x00001d60                Adafruit_GFX::setTextSize(unsigned char)
 .text._ZN12Adafruit_GFX12setTextColorEj
                0x00001d6c        0xc ./libraries/Adafruit_GFX.o
                0x00001d6c                Adafruit_GFX::setTextColor(unsigned int)
 .text._ZN12Adafruit_GFX11setRotationEh
                0x00001d78       0x3c ./libraries/Adafruit_GFX.o
                0x00001d78                Adafruit_GFX::setRotation(unsigned char)
 .text._ZN12Adafruit_GFX13invertDisplayEh
                0x00001db4        0x2 ./libraries/Adafruit_GFX.o
                0x00001db4                Adafruit_GFX::invertDisplay(unsigned char)
 .text._ZN12Adafruit_GFX5widthEv
                0x00001db6        0x8 ./libraries/Adafruit_GFX.o
                0x00001db6                Adafruit_GFX::width()
 .text._ZN12Adafruit_GFX6heightEv
                0x00001dbe        0x8 ./libraries/Adafruit_GFX.o
                0x00001dbe                Adafruit_GFX::height()
 .text._ZL8wiresendh
                0x00001dc6        0xc ./libraries/Adafruit_NFCShield_I2C.o
 .text._ZN22Adafruit_NFCShield_I2C15wiresendcommandEPhh
                0x00001dd2       0xaa ./libraries/Adafruit_NFCShield_I2C.o
                0x00001dd2                Adafruit_NFCShield_I2C::wiresendcommand(unsigned char*, unsigned char)
 .text._ZN22Adafruit_NFCShield_I2C12wirereaddataEPhh
                0x00001e7c       0xa6 ./libraries/Adafruit_NFCShield_I2C.o
                0x00001e7c                Adafruit_NFCShield_I2C::wirereaddata(unsigned char*, unsigned char)
 .text._ZN22Adafruit_NFCShield_I2C14wirereadstatusEv
                0x00001f22       0x14 ./libraries/Adafruit_NFCShield_I2C.o
                0x00001f22                Adafruit_NFCShield_I2C::wirereadstatus()
 .text._ZN22Adafruit_NFCShield_I2C14waitUntilReadyEj
                0x00001f36       0x72 ./libraries/Adafruit_NFCShield_I2C.o
                0x00001f36                Adafruit_NFCShield_I2C::waitUntilReady(unsigned int)
 .text._ZN22Adafruit_NFCShield_I2C12readackframeEv
                0x00001fa8       0x4e ./libraries/Adafruit_NFCShield_I2C.o
                0x00001fa8                Adafruit_NFCShield_I2C::readackframe()
 .text._ZN22Adafruit_NFCShield_I2C19sendCommandCheckAckEPhhj
                0x00001ff6       0x5a ./libraries/Adafruit_NFCShield_I2C.o
                0x00001ff6                Adafruit_NFCShield_I2C::sendCommandCheckAck(unsigned char*, unsigned char, unsigned int)
 .text._ZN22Adafruit_NFCShield_I2C19inListPassiveTargetEv
                0x00002050      0x148 ./libraries/Adafruit_NFCShield_I2C.o
                0x00002050                Adafruit_NFCShield_I2C::inListPassiveTarget()
 .text._ZN22Adafruit_NFCShield_I2C14inDataExchangeEPchS0_Ph
                0x00002198      0x18a ./libraries/Adafruit_NFCShield_I2C.o
                0x00002198                Adafruit_NFCShield_I2C::inDataExchange(char*, unsigned char, char*, unsigned char*)
 .text._ZN22Adafruit_NFCShield_I2C9SAMConfigEv
                0x00002322       0x52 ./libraries/Adafruit_NFCShield_I2C.o
                0x00002322                Adafruit_NFCShield_I2C::SAMConfig()
 .text._ZN22Adafruit_NFCShield_I2C18getFirmwareVersionEv
                0x00002374       0xac ./libraries/Adafruit_NFCShield_I2C.o
                0x00002374                Adafruit_NFCShield_I2C::getFirmwareVersion()
 .text._ZN22Adafruit_NFCShield_I2C5beginEv
                0x00002420       0x3e ./libraries/Adafruit_NFCShield_I2C.o
                0x00002420                Adafruit_NFCShield_I2C::begin()
 .text._ZN22Adafruit_NFCShield_I2CC1Ehh
                0x0000245e       0x24 ./libraries/Adafruit_NFCShield_I2C.o
                0x0000245e                Adafruit_NFCShield_I2C::Adafruit_NFCShield_I2C(unsigned char, unsigned char)
 .text._ZN15Adafruit_TFTLCD5floodEjm
                0x00002482      0x1c6 ./libraries/Adafruit_TFTLCD.o
                0x00002482                Adafruit_TFTLCD::flood(unsigned int, unsigned long)
 .text._ZN15Adafruit_TFTLCD5read8Ev
                0x00002648       0x10 ./libraries/Adafruit_TFTLCD.o
                0x00002648                Adafruit_TFTLCD::read8()
 .text._ZN15Adafruit_TFTLCD14writeRegister8Ehh
                0x00002658       0x3a ./libraries/Adafruit_TFTLCD.o
                0x00002658                Adafruit_TFTLCD::writeRegister8(unsigned char, unsigned char)
 .text._ZN15Adafruit_TFTLCD15writeRegister16Ejj
                0x00002692       0x6e ./libraries/Adafruit_TFTLCD.o
                0x00002692                Adafruit_TFTLCD::writeRegister16(unsigned int, unsigned int)
 .text._ZN15Adafruit_TFTLCD17writeRegisterPairEhhj
                0x00002700       0x72 ./libraries/Adafruit_TFTLCD.o
                0x00002700                Adafruit_TFTLCD::writeRegisterPair(unsigned char, unsigned char, unsigned int)
 .text._ZN15Adafruit_TFTLCD9drawPixelEiij
                0x00002772      0x14e ./libraries/Adafruit_TFTLCD.o
                0x00002772                Adafruit_TFTLCD::drawPixel(int, int, unsigned int)
 .text._ZN15Adafruit_TFTLCD5setLREv
                0x000028c0       0x36 ./libraries/Adafruit_TFTLCD.o
                0x000028c0                Adafruit_TFTLCD::setLR()
 .text._ZN15Adafruit_TFTLCD13setAddrWindowEiiii
                0x000028f6      0x142 ./libraries/Adafruit_TFTLCD.o
                0x000028f6                Adafruit_TFTLCD::setAddrWindow(int, int, int, int)
 .text._ZN15Adafruit_TFTLCD10fillScreenEj
                0x00002a38       0x9c ./libraries/Adafruit_TFTLCD.o
                0x00002a38                Adafruit_TFTLCD::fillScreen(unsigned int)
 .text._ZN15Adafruit_TFTLCD8fillRectEiiiij
                0x00002ad4      0x118 ./libraries/Adafruit_TFTLCD.o
                0x00002ad4                Adafruit_TFTLCD::fillRect(int, int, int, int, unsigned int)
 .text._ZN15Adafruit_TFTLCD13drawFastVLineEiiij
                0x00002bec       0xc2 ./libraries/Adafruit_TFTLCD.o
                0x00002bec                Adafruit_TFTLCD::drawFastVLine(int, int, int, unsigned int)
 .text._ZN15Adafruit_TFTLCD13drawFastHLineEiiij
                0x00002cae       0xc4 ./libraries/Adafruit_TFTLCD.o
                0x00002cae                Adafruit_TFTLCD::drawFastHLine(int, int, int, unsigned int)
 .text._ZN15Adafruit_TFTLCD6readIDEv
                0x00002d72       0x7e ./libraries/Adafruit_TFTLCD.o
                0x00002d72                Adafruit_TFTLCD::readID()
 .text._ZN15Adafruit_TFTLCD11setRotationEh
                0x00002df0       0x9c ./libraries/Adafruit_TFTLCD.o
                0x00002df0                Adafruit_TFTLCD::setRotation(unsigned char)
 .text._ZN15Adafruit_TFTLCD5resetEv
                0x00002e8c       0x54 ./libraries/Adafruit_TFTLCD.o
                0x00002e8c                Adafruit_TFTLCD::reset()
 .text._ZN15Adafruit_TFTLCD5beginEj
                0x00002ee0       0xf4 ./libraries/Adafruit_TFTLCD.o
                0x00002ee0                Adafruit_TFTLCD::begin(unsigned int)
 .text._ZN15Adafruit_TFTLCD4initEv
                0x00002fd4       0x78 ./libraries/Adafruit_TFTLCD.o
                0x00002fd4                Adafruit_TFTLCD::init()
 .text._ZN15Adafruit_TFTLCDC1Ehhhhh
                0x0000304c       0x16 ./libraries/Adafruit_TFTLCD.o
                0x0000304c                Adafruit_TFTLCD::Adafruit_TFTLCD(unsigned char, unsigned char, unsigned char, unsigned char, unsigned char)
 .text._ZN5PointC1Ev
                0x00003062        0xc ./libraries/TouchScreen.o
                0x00003062                Point::Point()
 .text._ZN11TouchScreenC1Ehhhhj
                0x0000306e       0x24 ./libraries/TouchScreen.o
                0x0000306e                TouchScreen::TouchScreen(unsigned char, unsigned char, unsigned char, unsigned char, unsigned int)
 .text._ZN11TouchScreen8getPointEv
                0x00003092      0x326 ./libraries/TouchScreen.o
                0x00003092                TouchScreen::getPoint()
 .text._ZN7TwoWire17beginTransmissionEi
                0x000033b8       0x14 ./libraries/Wire.o
                0x000033b8                TwoWire::beginTransmission(int)
 .text._ZN7TwoWire9availableEv
                0x000033cc       0x12 ./libraries/Wire.o
                0x000033cc                TwoWire::available()
 .text._ZN7TwoWire4readEv
                0x000033de       0x2a ./libraries/Wire.o
                0x000033de                TwoWire::read()
 .text._ZN7TwoWire4peekEv
                0x00003408       0x22 ./libraries/Wire.o
                0x00003408                TwoWire::peek()
 .text._ZN7TwoWire5flushEv
                0x0000342a        0x2 ./libraries/Wire.o
                0x0000342a                TwoWire::flush()
 .text._GLOBAL__I__ZN7TwoWire8rxBufferE
                0x0000342c       0x2e ./libraries/Wire.o
 .text._ZN7TwoWire5writeEPKhj
                0x0000345a       0x62 ./libraries/Wire.o
                0x0000345a                TwoWire::write(unsigned char const*, unsigned int)
 .text._ZN7TwoWire5writeEh
                0x000034bc       0x60 ./libraries/Wire.o
                0x000034bc                TwoWire::write(unsigned char)
 .text._ZN7TwoWire15endTransmissionEh
                0x0000351c       0x26 ./libraries/Wire.o
                0x0000351c                TwoWire::endTransmission(unsigned char)
 .text._ZN7TwoWire15endTransmissionEv
                0x00003542        0x8 ./libraries/Wire.o
                0x00003542                TwoWire::endTransmission()
 .text._ZN7TwoWire11requestFromEhhh
                0x0000354a       0x1a ./libraries/Wire.o
                0x0000354a                TwoWire::requestFrom(unsigned char, unsigned char, unsigned char)
 .text._ZN7TwoWire11requestFromEhh
                0x00003564        0x8 ./libraries/Wire.o
                0x00003564                TwoWire::requestFrom(unsigned char, unsigned char)
 .text._ZN7TwoWire5beginEv
                0x0000356c       0x16 ./libraries/Wire.o
                0x0000356c                TwoWire::begin()
 .text.twi_readFrom
                0x00003582       0x92 ./libraries/twi.o
                0x00003582                twi_readFrom
 .text.twi_writeTo
                0x00003614       0xaa ./libraries/twi.o
                0x00003614                twi_writeTo
 .text.twi_transmit
                0x000036be       0x36 ./libraries/twi.o
                0x000036be                twi_transmit
 .text.__vector_24
                0x000036f4      0x322 ./libraries/twi.o
                0x000036f4                __vector_24
 .text.twi_init
                0x00003a16       0x3c ./libraries/twi.o
                0x00003a16                twi_init
 .text._GLOBAL__I_tft
                0x00003a52       0x3a ./nfc_pos_display.o
 .text._Z12processTouchv
                0x00003a8c      0x244 ./nfc_pos_display.o
                0x00003a8c                processTouch()
 .text._Z14displaySettingh
                0x00003cd0      0x186 ./nfc_pos_display.o
                0x00003cd0                displaySetting(unsigned char)
 .text._Z11displayMenuh
                0x00003e56      0x186 ./nfc_pos_display.o
                0x00003e56                displayMenu(unsigned char)
 .text._Z11displayIdlev
                0x00003fdc      0x124 ./nfc_pos_display.o
                0x00003fdc                displayIdle()
 .text._Z11displayLinePKc
                0x00004100       0x38 ./nfc_pos_display.o
                0x00004100                displayLine(char const*)
 .text._Z18displayTransactionv
                0x00004138       0xde ./nfc_pos_display.o
                0x00004138                displayTransaction()
 .text._Z14displayPaymentv
                0x00004216      0x256 ./nfc_pos_display.o
                0x00004216                displayPayment()
 .text._Z20displayRefreshAmountv
                0x0000446c        0x6 ./nfc_pos_display.o
                0x0000446c                displayRefreshAmount()
 .text._Z14initialDisplayv
                0x00004472       0x2a ./nfc_pos_display.o
                0x00004472                initialDisplay()
 .text._Z12progmemPrintPKc
                0x0000449c       0x20 ./nfc_pos_main.o
                0x0000449c                progmemPrint(char const*)
 .text._Z14progmemPrintlnPKc
                0x000044bc        0xe ./nfc_pos_main.o
                0x000044bc                progmemPrintln(char const*)
 .text.setup    0x000044ca       0x22 ./nfc_pos_main.o
                0x000044ca                setup
 .text._Z11processMainv
                0x000044ec      0x3b4 ./nfc_pos_main.o
                0x000044ec                processMain()
 .text.loop     0x000048a0        0x6 ./nfc_pos_main.o
                0x000048a0                loop
 .text._GLOBAL__I_nfc
                0x000048a6        0xe ./nfc_pos_transaction.o
 .text._Z22nfc_pos_message_mobileiPci
                0x000048b4      0x2ee ./nfc_pos_transaction.o
                0x000048b4                nfc_pos_message_mobile(int, char*, int)
 .text._Z25nfc_pos_mobile_peer_readyv
                0x00004ba2       0x6a ./nfc_pos_transaction.o
                0x00004ba2                nfc_pos_mobile_peer_ready()
 .text._Z27nfc_pos_transaction_handleriPc
                0x00004c0c      0x3a8 ./nfc_pos_transaction.o
                0x00004c0c                nfc_pos_transaction_handler(int, char*)
 .text._Z23nfc_pos_configure_boardv
                0x00004fb4       0xac ./nfc_pos_transaction.o
                0x00004fb4                nfc_pos_configure_board()
 .text.avr-libc.fplib
                0x00005060        0xa d:/winavr-20100110/bin/../lib/gcc/avr/4.3.3/../../../../avr/lib/avr5\libm.a(addsf3.o)
                0x00005060                __subsf3
                0x00005062                __addsf3
 .text.avr-libc.fplib
                0x0000506a       0xc0 d:/winavr-20100110/bin/../lib/gcc/avr/4.3.3/../../../../avr/lib/avr5\libm.a(addsf3x.o)
                0x00005084                __addsf3x
 .text.avr-libc.fplib
                0x0000512a        0x4 d:/winavr-20100110/bin/../lib/gcc/avr/4.3.3/../../../../avr/lib/avr5\libm.a(divsf3.o)
                0x0000512a                __divsf3
 .text.avr-libc.fplib
                0x0000512e       0xcc d:/winavr-20100110/bin/../lib/gcc/avr/4.3.3/../../../../avr/lib/avr5\libm.a(divsf3x.o)
                0x00005144                __divsf3x
                0x00005148                __divsf3_pse
 .text.avr-libc.fplib
                0x000051fa        0xa d:/winavr-20100110/bin/../lib/gcc/avr/4.3.3/../../../../avr/lib/avr5\libm.a(fixsfsi.o)
                0x000051fa                __fixsfsi
 .text.avr-libc.fplib
                0x00005204       0x58 d:/winavr-20100110/bin/../lib/gcc/avr/4.3.3/../../../../avr/lib/avr5\libm.a(fixunssfsi.o)
                0x00005204                __fixunssfsi
 .text.avr-libc.fplib
                0x0000525c       0x7a d:/winavr-20100110/bin/../lib/gcc/avr/4.3.3/../../../../avr/lib/avr5\libm.a(floatsisf.o)
                0x00005260                __floatsisf
                0x0000525c                __floatunsisf
 .text.avr-libc.fplib
                0x000052d6        0xc d:/winavr-20100110/bin/../lib/gcc/avr/4.3.3/../../../../avr/lib/avr5\libm.a(fp_inf.o)
                0x000052d6                __fp_inf
 .text.avr-libc.fplib
                0x000052e2        0x6 d:/winavr-20100110/bin/../lib/gcc/avr/4.3.3/../../../../avr/lib/avr5\libm.a(fp_nan.o)
                0x000052e2                __fp_nan
 .text.avr-libc.fplib
                0x000052e8        0xe d:/winavr-20100110/bin/../lib/gcc/avr/4.3.3/../../../../avr/lib/avr5\libm.a(fp_pscA.o)
                0x000052e8                __fp_pscA
 .text.avr-libc.fplib
                0x000052f6        0xe d:/winavr-20100110/bin/../lib/gcc/avr/4.3.3/../../../../avr/lib/avr5\libm.a(fp_pscB.o)
                0x000052f6                __fp_pscB
 .text.avr-libc.fplib
                0x00005304       0x22 d:/winavr-20100110/bin/../lib/gcc/avr/4.3.3/../../../../avr/lib/avr5\libm.a(fp_round.o)
                0x00005304                __fp_round
 .text.avr-libc.fplib
                0x00005326       0x44 d:/winavr-20100110/bin/../lib/gcc/avr/4.3.3/../../../../avr/lib/avr5\libm.a(fp_split3.o)
                0x00005326                __fp_split3
                0x00005336                __fp_splitA
 .text.avr-libc.fplib
                0x0000536a        0xe d:/winavr-20100110/bin/../lib/gcc/avr/4.3.3/../../../../avr/lib/avr5\libm.a(fp_zero.o)
                0x0000536a                __fp_zero
                0x0000536c                __fp_szero
 .text.avr-libc.fplib
                0x00005378        0x4 d:/winavr-20100110/bin/../lib/gcc/avr/4.3.3/../../../../avr/lib/avr5\libm.a(mulsf3.o)
                0x00005378                __mulsf3
 .text.avr-libc.fplib
                0x0000537c       0xc2 d:/winavr-20100110/bin/../lib/gcc/avr/4.3.3/../../../../avr/lib/avr5\libm.a(mulsf3x.o)
                0x00005394                __mulsf3_pse
                0x00005390                __mulsf3x
 .text.libgcc   0x0000543e       0x3e d:/winavr-20100110/bin/../lib/gcc/avr/4.3.3/avr5\libgcc.a(_mulsi3.o)
                0x0000543e                __mulsi3
 .text.libgcc   0x0000547c       0x26 d:/winavr-20100110/bin/../lib/gcc/avr/4.3.3/avr5\libgcc.a(_divmodhi4.o)
                0x0000547c                __divmodhi4
                0x0000547c                _div
 .text.libgcc   0x000054a2       0x44 d:/winavr-20100110/bin/../lib/gcc/avr/4.3.3/avr5\libgcc.a(_udivmodsi4.o)
                0x000054a2                __udivmodsi4
 .text.libgcc   0x000054e6       0x36 d:/winavr-20100110/bin/../lib/gcc/avr/4.3.3/avr5\libgcc.a(_divmodsi4.o)
                0x000054e6                __divmodsi4
 .text.libgcc   0x0000551c       0x28 d:/winavr-20100110/bin/../lib/gcc/avr/4.3.3/avr5\libgcc.a(_udivmodhi4.o)
                0x0000551c                __udivmodhi4
 .text.libgcc   0x00005544        0xc d:/winavr-20100110/bin/../lib/gcc/avr/4.3.3/avr5\libgcc.a(_tablejump.o)
                0x00005548                __tablejump__
                0x00005544                __tablejump2__
 .text.avr-libc
                0x00005550       0x3c d:/winavr-20100110/bin/../lib/gcc/avr/4.3.3/../../../../avr/lib/avr5\libc.a(atoi.o)
                0x00005550                atoi
 .text.avr-libc
                0x0000558c       0x3e d:/winavr-20100110/bin/../lib/gcc/avr/4.3.3/../../../../avr/lib/avr5\libc.a(strlcat.o)
                0x0000558c                strlcat
 .text.avr-libc
                0x000055ca       0x1c d:/winavr-20100110/bin/../lib/gcc/avr/4.3.3/../../../../avr/lib/avr5\libc.a(strncmp.o)
                0x000055ca                strncmp
 .text.avr-libc
                0x000055e6       0x10 d:/winavr-20100110/bin/../lib/gcc/avr/4.3.3/../../../../avr/lib/avr5\libc.a(mul10.o)
                0x000055e6                __mulhi_const_10
 .text.avr-libc
                0x000055f6       0x48 d:/winavr-20100110/bin/../lib/gcc/avr/4.3.3/../../../../avr/lib/avr5\libc.a(sprintf.o)
                0x000055f6                sprintf
 .text.avr-libc
                0x0000563e      0x3ba d:/winavr-20100110/bin/../lib/gcc/avr/4.3.3/../../../../avr/lib/avr5\libc.a(vfprintf_std.o)
                0x0000563e                vfprintf
 .text.avr-libc
                0x000059f8       0x16 d:/winavr-20100110/bin/../lib/gcc/avr/4.3.3/../../../../avr/lib/avr5\libc.a(strnlen_P.o)
                0x000059f8                strnlen_P
 .text.avr-libc
                0x00005a0e       0x16 d:/winavr-20100110/bin/../lib/gcc/avr/4.3.3/../../../../avr/lib/avr5\libc.a(strnlen.o)
                0x00005a0e                strnlen
 .text.avr-libc
                0x00005a24       0x58 d:/winavr-20100110/bin/../lib/gcc/avr/4.3.3/../../../../avr/lib/avr5\libc.a(fputc.o)
                0x00005a24                fputc
 .text.avr-libc
                0x00005a7c       0xbc d:/winavr-20100110/bin/../lib/gcc/avr/4.3.3/../../../../avr/lib/avr5\libc.a(ultoa_invert.o)
                0x00005a7c                __ultoa_invert
 .text.libgcc   0x00005b38       0x38 d:/winavr-20100110/bin/../lib/gcc/avr/4.3.3/avr5\libgcc.a(_prologue.o)
                0x00005b38                __prologue_saves__
 .text.libgcc   0x00005b70       0x36 d:/winavr-20100110/bin/../lib/gcc/avr/4.3.3/avr5\libgcc.a(_epilogue.o)
                0x00005b70                __epilogue_restores__
                0x00005ba6                . = ALIGN (0x2)
 *(.fini9)
 .fini9         0x00005ba6        0x0 d:/winavr-20100110/bin/../lib/gcc/avr/4.3.3/avr5\libgcc.a(_exit.o)
                0x00005ba6                exit
                0x00005ba6                _exit
 *(.fini9)
 *(.fini8)
 *(.fini8)
 *(.fini7)
 *(.fini7)
 *(.fini6)
 *(.fini6)
 *(.fini5)
 *(.fini5)
 *(.fini4)
 *(.fini4)
 *(.fini3)
 *(.fini3)
 *(.fini2)
 *(.fini2)
 *(.fini1)
 *(.fini1)
 *(.fini0)
 .fini0         0x00005ba6        0x4 d:/winavr-20100110/bin/../lib/gcc/avr/4.3.3/avr5\libgcc.a(_exit.o)
 *(.fini0)
                0x00005baa                _etext = .

.data           0x00800100      0x4e2 load address 0x00005baa
                0x00800100                PROVIDE (__data_start, .)
 *(.data)
 .data          0x00800100      0x21a ./libraries/Adafruit_NFCShield_I2C.o
 .data          0x0080031a      0x15f ./nfc_pos_display.o
 .data          0x00800479       0x40 ./nfc_pos_main.o
 .data          0x008004b9       0xa9 ./nfc_pos_transaction.o
 *(.data*)
 .data._ZL9tone_pins
                0x00800562        0x1 ./src/Tone.o
 .data.analog_reference
                0x00800563        0x1 ./src/wiring_analog.o
                0x00800563                analog_reference
 .data.pn532ack
                0x00800564        0x6 ./libraries/Adafruit_NFCShield_I2C.o
                0x00800564                pn532ack
 .data.pn532response_firmwarevers
                0x0080056a        0x6 ./libraries/Adafruit_NFCShield_I2C.o
                0x0080056a                pn532response_firmwarevers
 .data.accountNum
                0x00800570        0x2 ./nfc_pos_main.o
                0x00800570                accountNum
 .data.outgoing_table
                0x00800572       0x38 ./nfc_pos_transaction.o
                0x00800572                outgoing_table
 *(.rodata)
 *(.rodata*)
 .rodata._ZTV14HardwareSerial
                0x008005aa       0x10 ./src/HardwareSerial.o
                0x008005aa                vtable for HardwareSerial
 .rodata._ZTV15Adafruit_TFTLCD
                0x008005ba       0x18 ./libraries/Adafruit_TFTLCD.o
                0x008005ba                vtable for Adafruit_TFTLCD
 .rodata._ZTV7TwoWire
                0x008005d2       0x10 ./libraries/Wire.o
                0x008005d2                vtable for TwoWire
 *(.gnu.linkonce.d*)
                0x008005e2                . = ALIGN (0x2)
                0x008005e2                _edata = .
                0x008005e2                PROVIDE (__data_end, .)

.bss            0x008005e2      0x201
                0x008005e2                PROVIDE (__bss_start, .)
 *(.bss)
 *(.bss*)
 .bss.rx_buffer
                0x008005e2       0x44 ./src/HardwareSerial.o
                0x008005e2                rx_buffer
 .bss.tx_buffer
                0x00800626       0x44 ./src/HardwareSerial.o
                0x00800626                tx_buffer
 .bss.Serial    0x0080066a       0x22 ./src/HardwareSerial.o
                0x0080066a                Serial
 .bss.timer2_toggle_count
                0x0080068c        0x4 ./src/Tone.o
                0x0080068c                timer2_toggle_count
 .bss.timer2_pin_port
                0x00800690        0x2 ./src/Tone.o
                0x00800690                timer2_pin_port
 .bss.timer2_pin_mask
                0x00800692        0x1 ./src/Tone.o
                0x00800692                timer2_pin_mask
 .bss.intFunc   0x00800693        0x4 ./src/WInterrupts.o
 .bss.timer0_overflow_count
                0x00800697        0x4 ./src/wiring.o
                0x00800697                timer0_overflow_count
 .bss.timer0_millis
                0x0080069b        0x4 ./src/wiring.o
                0x0080069b                timer0_millis
 .bss.timer0_fract
                0x0080069f        0x1 ./src/wiring.o
 .bss.pn532_packetbuffer
                0x008006a0       0x40 ./libraries/Adafruit_NFCShield_I2C.o
                0x008006a0                pn532_packetbuffer
 .bss._ZN7TwoWire8rxBufferE
                0x008006e0       0x20 ./libraries/Wire.o
                0x008006e0                TwoWire::rxBuffer
 .bss._ZN7TwoWire13rxBufferIndexE
                0x00800700        0x1 ./libraries/Wire.o
                0x00800700                TwoWire::rxBufferIndex
 .bss._ZN7TwoWire14rxBufferLengthE
                0x00800701        0x1 ./libraries/Wire.o
                0x00800701                TwoWire::rxBufferLength
 .bss._ZN7TwoWire9txAddressE
                0x00800702        0x1 ./libraries/Wire.o
                0x00800702                TwoWire::txAddress
 .bss._ZN7TwoWire8txBufferE
                0x00800703       0x20 ./libraries/Wire.o
                0x00800703                TwoWire::txBuffer
 .bss._ZN7TwoWire13txBufferIndexE
                0x00800723        0x1 ./libraries/Wire.o
                0x00800723                TwoWire::txBufferIndex
 .bss._ZN7TwoWire14txBufferLengthE
                0x00800724        0x1 ./libraries/Wire.o
                0x00800724                TwoWire::txBufferLength
 .bss._ZN7TwoWire12transmittingE
                0x00800725        0x1 ./libraries/Wire.o
                0x00800725                TwoWire::transmitting
 .bss.Wire      0x00800726        0xc ./libraries/Wire.o
                0x00800726                Wire
 .bss.twi_state
                0x00800732        0x1 ./libraries/twi.o
 .bss.twi_slarw
                0x00800733        0x1 ./libraries/twi.o
 .bss.twi_sendStop
                0x00800734        0x1 ./libraries/twi.o
 .bss.twi_inRepStart
                0x00800735        0x1 ./libraries/twi.o
 .bss.twi_onSlaveTransmit
                0x00800736        0x2 ./libraries/twi.o
 .bss.twi_onSlaveReceive
                0x00800738        0x2 ./libraries/twi.o
 .bss.twi_masterBuffer
                0x0080073a       0x20 ./libraries/twi.o
 .bss.twi_masterBufferIndex
                0x0080075a        0x1 ./libraries/twi.o
 .bss.twi_masterBufferLength
                0x0080075b        0x1 ./libraries/twi.o
 .bss.twi_txBuffer
                0x0080075c       0x20 ./libraries/twi.o
 .bss.twi_txBufferIndex
                0x0080077c        0x1 ./libraries/twi.o
 .bss.twi_txBufferLength
                0x0080077d        0x1 ./libraries/twi.o
 .bss.twi_rxBuffer
                0x0080077e       0x20 ./libraries/twi.o
 .bss.twi_rxBufferIndex
                0x0080079e        0x1 ./libraries/twi.o
 .bss.twi_error
                0x0080079f        0x1 ./libraries/twi.o
 .bss.tft       0x008007a0       0x18 ./nfc_pos_display.o
                0x008007a0                tft
 .bss.ts        0x008007b8        0x8 ./nfc_pos_display.o
                0x008007b8                ts
 .bss.keyDelay  0x008007c0        0x2 ./nfc_pos_display.o
                0x008007c0                keyDelay
 .bss._ZL6cursor
                0x008007c2        0x4 ./nfc_pos_display.o
 .bss.state     0x008007c6        0x2 ./nfc_pos_main.o
                0x008007c6                state
 .bss.keyValue  0x008007c8        0x2 ./nfc_pos_main.o
                0x008007c8                keyValue
 .bss.keyPressed
                0x008007ca        0x2 ./nfc_pos_main.o
                0x008007ca                keyPressed
 .bss.moneyAmount
                0x008007cc        0x4 ./nfc_pos_main.o
                0x008007cc                moneyAmount
 .bss.pageNumber
                0x008007d0        0x2 ./nfc_pos_main.o
                0x008007d0                pageNumber
 .bss.nfc       0x008007d2       0x11 ./nfc_pos_transaction.o
                0x008007d2                nfc
 *(COMMON)
                0x008007e3                PROVIDE (__bss_end, .)
                0x00005baa                __data_load_start = LOADADDR (.data)
                0x0000608c                __data_load_end = (__data_load_start + SIZEOF (.data))

.noinit         0x008007e3        0x0
                0x008007e3                PROVIDE (__noinit_start, .)
 *(.noinit*)
                0x008007e3                PROVIDE (__noinit_end, .)
                0x008007e3                _end = .
                0x008007e3                PROVIDE (__heap_start, .)

.eeprom         0x00810000        0x0
 *(.eeprom*)
                0x00810000                __eeprom_end = .

.fuse
 *(.fuse)
 *(.lfuse)
 *(.hfuse)
 *(.efuse)

.lock
 *(.lock*)

.signature
 *(.signature*)

.stab           0x00000000     0xe6c4
 *(.stab)
 .stab          0x00000000      0x3a8 ./src/avr-libc/malloc.o
                                0x768 (size before relaxing)
 .stab          0x000003a8      0x144 ./src/avr-libc/realloc.o
                                0x5dc (size before relaxing)
 .stab          0x000004ec      0x51c ./src/CDC.o
                                0x528 (size before relaxing)
 .stab          0x00000a08      0x51c ./src/HID.o
                                0x528 (size before relaxing)
 .stab          0x00000f24      0xbdc ./src/HardwareSerial.o
                               0x1164 (size before relaxing)
 .stab          0x00001b00      0xc6c ./src/Print.o
                               0x1398 (size before relaxing)
 .stab          0x0000276c      0x540 ./src/SPI.o
                                0x72c (size before relaxing)
 .stab          0x00002cac      0x5ac ./src/Stream.o
                                0xec4 (size before relaxing)
 .stab          0x00003258      0x72c ./src/Tone.o
                                0xa98 (size before relaxing)
 .stab          0x00003984      0x51c ./src/USBCore.o
                                0x528 (size before relaxing)
 .stab          0x00003ea0      0x450 ./src/WInterrupts.o
                                0x750 (size before relaxing)
 .stab          0x000042f0      0x294 ./src/WMath.o
                                0x450 (size before relaxing)
 .stab          0x00004584      0x744 ./src/WString.o
                               0x2c28 (size before relaxing)
 .stab          0x00004cc8      0x564 ./src/main.o
                                0x570 (size before relaxing)
 .stab          0x0000522c      0x228 ./src/new.o
                                0x48c (size before relaxing)
 .stab          0x00005454      0x678 ./src/wiring.o
                                0xa38 (size before relaxing)
 .stab          0x00005acc      0x324 ./src/wiring_analog.o
                                0x804 (size before relaxing)
 .stab          0x00005df0      0x864 ./src/wiring_digital.o
                                0xb94 (size before relaxing)
 .stab          0x00006654      0x240 ./src/wiring_pulse.o
                                0x774 (size before relaxing)
 .stab          0x00006894      0x24c ./src/wiring_shift.o
                                0x72c (size before relaxing)
 .stab          0x00006ae0      0xda4 ./libraries/Adafruit_GFX.o
                               0x1b9c (size before relaxing)
 .stab          0x00007884     0x108c ./libraries/Adafruit_NFCShield_I2C.o
                               0x1ba8 (size before relaxing)
 .stab          0x00008910     0x1644 ./libraries/Adafruit_TFTLCD.o
                               0x1ba8 (size before relaxing)
 .stab          0x00009f54      0x924 ./libraries/TouchScreen.o
                               0x1050 (size before relaxing)
 .stab          0x0000a878      0xbd0 ./libraries/Wire.o
                               0x10c8 (size before relaxing)
 .stab          0x0000b448      0x138 ./libraries/glcdfont.o
                                0x39c (size before relaxing)
 .stab          0x0000b580      0x9d8 ./libraries/twi.o
                                0xe7c (size before relaxing)
 .stab          0x0000bf58      0xff0 ./nfc_pos_display.o
                               0x1158 (size before relaxing)
 .stab          0x0000cf48      0xad4 ./nfc_pos_main.o
                                0xb28 (size before relaxing)
 .stab          0x0000da1c      0xca8 ./nfc_pos_transaction.o
                                0xcfc (size before relaxing)

.stabstr        0x00000000    0x1a166
 *(.stabstr)
 .stabstr       0x00000000    0x1a166 ./src/avr-libc/malloc.o

.stab.excl
 *(.stab.excl)

.stab.exclstr
 *(.stab.exclstr)

.stab.index
 *(.stab.index)

.stab.indexstr
 *(.stab.indexstr)

.comment
 *(.comment)

.debug
 *(.debug)

.line
 *(.line)

.debug_srcinfo
 *(.debug_srcinfo)

.debug_sfnames
 *(.debug_sfnames)

.debug_aranges
 *(.debug_aranges)

.debug_pubnames
 *(.debug_pubnames)

.debug_info
 *(.debug_info)
 *(.gnu.linkonce.wi.*)

.debug_abbrev
 *(.debug_abbrev)

.debug_line
 *(.debug_line)

.debug_frame
 *(.debug_frame)

.debug_str
 *(.debug_str)

.debug_loc
 *(.debug_loc)

.debug_macinfo
 *(.debug_macinfo)
OUTPUT(nfc_pos.elf elf32-avr)
LOAD linker stubs

Cross Reference Table

Symbol                                            File
Adafruit_GFX::constructor(int, int)               ./libraries/Adafruit_GFX.o
                                                  ./libraries/Adafruit_TFTLCD.o
Adafruit_GFX::drawBitmap(int, int, unsigned char const*, int, int, unsigned int) ./libraries/Adafruit_GFX.o
Adafruit_GFX::drawChar(int, int, unsigned char, unsigned int, unsigned int, unsigned char) ./libraries/Adafruit_GFX.o
Adafruit_GFX::drawCircle(int, int, int, unsigned int) ./libraries/Adafruit_GFX.o
Adafruit_GFX::drawCircleHelper(int, int, int, unsigned char, unsigned int) ./libraries/Adafruit_GFX.o
Adafruit_GFX::drawFastHLine(int, int, int, unsigned int) ./libraries/Adafruit_GFX.o
Adafruit_GFX::drawFastVLine(int, int, int, unsigned int) ./libraries/Adafruit_GFX.o
Adafruit_GFX::drawLine(int, int, int, int, unsigned int) ./libraries/Adafruit_GFX.o
                                                  ./nfc_pos_display.o
                                                  ./libraries/Adafruit_TFTLCD.o
Adafruit_GFX::drawRect(int, int, int, int, unsigned int) ./libraries/Adafruit_GFX.o
                                                  ./libraries/Adafruit_TFTLCD.o
Adafruit_GFX::drawRoundRect(int, int, int, int, int, unsigned int) ./libraries/Adafruit_GFX.o
Adafruit_GFX::drawTriangle(int, int, int, int, int, int, unsigned int) ./libraries/Adafruit_GFX.o
Adafruit_GFX::fillCircle(int, int, int, unsigned int) ./libraries/Adafruit_GFX.o
Adafruit_GFX::fillCircleHelper(int, int, int, unsigned char, int, unsigned int) ./libraries/Adafruit_GFX.o
Adafruit_GFX::fillRect(int, int, int, int, unsigned int) ./libraries/Adafruit_GFX.o
Adafruit_GFX::fillRoundRect(int, int, int, int, int, unsigned int) ./libraries/Adafruit_GFX.o
Adafruit_GFX::fillScreen(unsigned int)            ./libraries/Adafruit_GFX.o
Adafruit_GFX::fillTriangle(int, int, int, int, int, int, unsigned int) ./libraries/Adafruit_GFX.o
Adafruit_GFX::getRotation()                       ./libraries/Adafruit_GFX.o
Adafruit_GFX::height()                            ./libraries/Adafruit_GFX.o
                                                  ./nfc_pos_display.o
Adafruit_GFX::invertDisplay(unsigned char)        ./libraries/Adafruit_GFX.o
                                                  ./libraries/Adafruit_TFTLCD.o
Adafruit_GFX::setCursor(int, int)                 ./libraries/Adafruit_GFX.o
                                                  ./nfc_pos_display.o
Adafruit_GFX::setRotation(unsigned char)          ./libraries/Adafruit_GFX.o
                                                  ./libraries/Adafruit_TFTLCD.o
Adafruit_GFX::setTextColor(unsigned int)          ./libraries/Adafruit_GFX.o
                                                  ./nfc_pos_display.o
Adafruit_GFX::setTextColor(unsigned int, unsigned int) ./libraries/Adafruit_GFX.o
Adafruit_GFX::setTextSize(unsigned char)          ./libraries/Adafruit_GFX.o
                                                  ./nfc_pos_display.o
Adafruit_GFX::setTextWrap(unsigned char)          ./libraries/Adafruit_GFX.o
Adafruit_GFX::width()                             ./libraries/Adafruit_GFX.o
                                                  ./nfc_pos_display.o
Adafruit_GFX::write(unsigned char)                ./libraries/Adafruit_GFX.o
                                                  ./libraries/Adafruit_TFTLCD.o
Adafruit_NFCShield_I2C::Adafruit_NFCShield_I2C(unsigned char, unsigned char) ./libraries/Adafruit_NFCShield_I2C.o
                                                  ./nfc_pos_transaction.o
Adafruit_NFCShield_I2C::Adafruit_NFCShield_I2C(unsigned char, unsigned char) ./libraries/Adafruit_NFCShield_I2C.o
Adafruit_NFCShield_I2C::PrintHex(unsigned char const*, unsigned long) ./libraries/Adafruit_NFCShield_I2C.o
Adafruit_NFCShield_I2C::PrintHexChar(unsigned char const*, unsigned long) ./libraries/Adafruit_NFCShield_I2C.o
Adafruit_NFCShield_I2C::SAMConfig()               ./libraries/Adafruit_NFCShield_I2C.o
                                                  ./nfc_pos_transaction.o
Adafruit_NFCShield_I2C::begin()                   ./libraries/Adafruit_NFCShield_I2C.o
                                                  ./nfc_pos_transaction.o
Adafruit_NFCShield_I2C::getFirmwareVersion()      ./libraries/Adafruit_NFCShield_I2C.o
                                                  ./nfc_pos_transaction.o
Adafruit_NFCShield_I2C::inDataExchange(char*, unsigned char, char*, unsigned char*) ./libraries/Adafruit_NFCShield_I2C.o
                                                  ./nfc_pos_transaction.o
Adafruit_NFCShield_I2C::inListPassiveTarget()     ./libraries/Adafruit_NFCShield_I2C.o
                                                  ./nfc_pos_transaction.o
Adafruit_NFCShield_I2C::mifareclassic_AuthenticateBlock(unsigned char*, unsigned char, unsigned long, unsigned char, unsigned char*) ./libraries/Adafruit_NFCShield_I2C.o
Adafruit_NFCShield_I2C::mifareclassic_FormatNDEF() ./libraries/Adafruit_NFCShield_I2C.o
Adafruit_NFCShield_I2C::mifareclassic_IsFirstBlock(unsigned long) ./libraries/Adafruit_NFCShield_I2C.o
Adafruit_NFCShield_I2C::mifareclassic_IsTrailerBlock(unsigned long) ./libraries/Adafruit_NFCShield_I2C.o
Adafruit_NFCShield_I2C::mifareclassic_ReadDataBlock(unsigned char, unsigned char*) ./libraries/Adafruit_NFCShield_I2C.o
Adafruit_NFCShield_I2C::mifareclassic_WriteDataBlock(unsigned char, unsigned char*) ./libraries/Adafruit_NFCShield_I2C.o
Adafruit_NFCShield_I2C::mifareclassic_WriteNDEFURI(unsigned char, unsigned char, char const*) ./libraries/Adafruit_NFCShield_I2C.o
Adafruit_NFCShield_I2C::mifareultralight_ReadPage(unsigned char, unsigned char*) ./libraries/Adafruit_NFCShield_I2C.o
Adafruit_NFCShield_I2C::readGPIO()                ./libraries/Adafruit_NFCShield_I2C.o
Adafruit_NFCShield_I2C::readPassiveTargetID(unsigned char, unsigned char*, unsigned char*) ./libraries/Adafruit_NFCShield_I2C.o
Adafruit_NFCShield_I2C::readackframe()            ./libraries/Adafruit_NFCShield_I2C.o
Adafruit_NFCShield_I2C::sendCommandCheckAck(unsigned char*, unsigned char, unsigned int) ./libraries/Adafruit_NFCShield_I2C.o
Adafruit_NFCShield_I2C::setPassiveActivationRetries(unsigned char) ./libraries/Adafruit_NFCShield_I2C.o
Adafruit_NFCShield_I2C::waitUntilReady(unsigned int) ./libraries/Adafruit_NFCShield_I2C.o
Adafruit_NFCShield_I2C::wirereaddata(unsigned char*, unsigned char) ./libraries/Adafruit_NFCShield_I2C.o
Adafruit_NFCShield_I2C::wirereadstatus()          ./libraries/Adafruit_NFCShield_I2C.o
Adafruit_NFCShield_I2C::wiresendcommand(unsigned char*, unsigned char) ./libraries/Adafruit_NFCShield_I2C.o
Adafruit_NFCShield_I2C::writeGPIO(unsigned char)  ./libraries/Adafruit_NFCShield_I2C.o
Adafruit_TFTLCD::Adafruit_TFTLCD()                ./libraries/Adafruit_TFTLCD.o
Adafruit_TFTLCD::Adafruit_TFTLCD()                ./libraries/Adafruit_TFTLCD.o
Adafruit_TFTLCD::Adafruit_TFTLCD(unsigned char, unsigned char, unsigned char, unsigned char, unsigned char) ./libraries/Adafruit_TFTLCD.o
Adafruit_TFTLCD::Adafruit_TFTLCD(unsigned char, unsigned char, unsigned char, unsigned char, unsigned char) ./libraries/Adafruit_TFTLCD.o
                                                  ./nfc_pos_display.o
Adafruit_TFTLCD::begin(unsigned int)              ./libraries/Adafruit_TFTLCD.o
                                                  ./nfc_pos_display.o
Adafruit_TFTLCD::color565(unsigned char, unsigned char, unsigned char) ./libraries/Adafruit_TFTLCD.o
Adafruit_TFTLCD::drawFastHLine(int, int, int, unsigned int) ./libraries/Adafruit_TFTLCD.o
Adafruit_TFTLCD::drawFastVLine(int, int, int, unsigned int) ./libraries/Adafruit_TFTLCD.o
Adafruit_TFTLCD::drawPixel(int, int, unsigned int) ./libraries/Adafruit_TFTLCD.o
Adafruit_TFTLCD::fillRect(int, int, int, int, unsigned int) ./libraries/Adafruit_TFTLCD.o
Adafruit_TFTLCD::fillScreen(unsigned int)         ./libraries/Adafruit_TFTLCD.o
                                                  ./nfc_pos_display.o
Adafruit_TFTLCD::flood(unsigned int, unsigned long) ./libraries/Adafruit_TFTLCD.o
Adafruit_TFTLCD::init()                           ./libraries/Adafruit_TFTLCD.o
Adafruit_TFTLCD::pushColors(unsigned int*, unsigned char, unsigned char) ./libraries/Adafruit_TFTLCD.o
Adafruit_TFTLCD::read8()                          ./libraries/Adafruit_TFTLCD.o
Adafruit_TFTLCD::readID()                         ./libraries/Adafruit_TFTLCD.o
                                                  ./nfc_pos_display.o
Adafruit_TFTLCD::readPixel(int, int)              ./libraries/Adafruit_TFTLCD.o
Adafruit_TFTLCD::reset()                          ./libraries/Adafruit_TFTLCD.o
                                                  ./nfc_pos_display.o
Adafruit_TFTLCD::setAddrWindow(int, int, int, int) ./libraries/Adafruit_TFTLCD.o
Adafruit_TFTLCD::setLR()                          ./libraries/Adafruit_TFTLCD.o
Adafruit_TFTLCD::setReadDir()                     ./libraries/Adafruit_TFTLCD.o
Adafruit_TFTLCD::setRotation(unsigned char)       ./libraries/Adafruit_TFTLCD.o
                                                  ./nfc_pos_display.o
Adafruit_TFTLCD::setWriteDir()                    ./libraries/Adafruit_TFTLCD.o
Adafruit_TFTLCD::writeRegister16(unsigned int, unsigned int) ./libraries/Adafruit_TFTLCD.o
Adafruit_TFTLCD::writeRegister8(unsigned char, unsigned char) ./libraries/Adafruit_TFTLCD.o
Adafruit_TFTLCD::writeRegisterPair(unsigned char, unsigned char, unsigned int) ./libraries/Adafruit_TFTLCD.o
HardwareSerial::HardwareSerial(ring_buffer*, ring_buffer*, unsigned char volatile*, unsigned char volatile*, unsigned char volatile*, unsigned char volatile*, unsigned char volatile*, unsigned char volatile*, unsigned char, unsigned char, unsigned char, unsigned char, unsigned char) ./src/HardwareSerial.o
HardwareSerial::HardwareSerial(ring_buffer*, ring_buffer*, unsigned char volatile*, unsigned char volatile*, unsigned char volatile*, unsigned char volatile*, unsigned char volatile*, unsigned char volatile*, unsigned char, unsigned char, unsigned char, unsigned char, unsigned char) ./src/HardwareSerial.o
HardwareSerial::available()                       ./src/HardwareSerial.o
HardwareSerial::begin(unsigned long)              ./src/HardwareSerial.o
                                                  ./nfc_pos_main.o
HardwareSerial::begin(unsigned long, unsigned char) ./src/HardwareSerial.o
HardwareSerial::end()                             ./src/HardwareSerial.o
HardwareSerial::flush()                           ./src/HardwareSerial.o
HardwareSerial::operator bool()                   ./src/HardwareSerial.o
HardwareSerial::peek()                            ./src/HardwareSerial.o
HardwareSerial::read()                            ./src/HardwareSerial.o
HardwareSerial::write(unsigned char)              ./src/HardwareSerial.o
Point::Point()                                    ./libraries/TouchScreen.o
                                                  ./nfc_pos_display.o
Point::Point()                                    ./libraries/TouchScreen.o
Point::Point(int, int, int)                       ./libraries/TouchScreen.o
Point::Point(int, int, int)                       ./libraries/TouchScreen.o
Point::operator!=(Point)                          ./libraries/TouchScreen.o
Point::operator==(Point)                          ./libraries/TouchScreen.o
Print::print(Printable const&)                    ./src/Print.o
Print::print(String const&)                       ./src/Print.o
Print::print(__FlashStringHelper const*)          ./src/Print.o
Print::print(char const*)                         ./src/Print.o
                                                  ./nfc_pos_transaction.o
                                                  ./libraries/Adafruit_NFCShield_I2C.o
Print::print(char)                                ./src/Print.o
                                                  ./nfc_pos_transaction.o
                                                  ./nfc_pos_main.o
                                                  ./libraries/Adafruit_NFCShield_I2C.o
Print::print(double, int)                         ./src/Print.o
Print::print(int, int)                            ./src/Print.o
                                                  ./libraries/Adafruit_NFCShield_I2C.o
Print::print(long, int)                           ./src/Print.o
                                                  ./nfc_pos_display.o
Print::print(unsigned char, int)                  ./src/Print.o
                                                  ./libraries/Adafruit_NFCShield_I2C.o
Print::print(unsigned int, int)                   ./src/Print.o
Print::print(unsigned long, int)                  ./src/Print.o
                                                  ./nfc_pos_transaction.o
Print::printFloat(double, unsigned char)          ./src/Print.o
Print::printNumber(unsigned long, unsigned char)  ./src/Print.o
Print::println()                                  ./src/Print.o
                                                  ./nfc_pos_main.o
                                                  ./nfc_pos_display.o
                                                  ./libraries/Adafruit_NFCShield_I2C.o
Print::println(Printable const&)                  ./src/Print.o
Print::println(String const&)                     ./src/Print.o
Print::println(__FlashStringHelper const*)        ./src/Print.o
Print::println(char const*)                       ./src/Print.o
                                                  ./nfc_pos_transaction.o
                                                  ./nfc_pos_display.o
                                                  ./libraries/Adafruit_NFCShield_I2C.o
Print::println(char)                              ./src/Print.o
Print::println(double, int)                       ./src/Print.o
                                                  ./nfc_pos_display.o
Print::println(int, int)                          ./src/Print.o
                                                  ./nfc_pos_transaction.o
                                                  ./libraries/Adafruit_NFCShield_I2C.o
Print::println(long, int)                         ./src/Print.o
Print::println(unsigned char, int)                ./src/Print.o
                                                  ./libraries/Adafruit_NFCShield_I2C.o
Print::println(unsigned int, int)                 ./src/Print.o
Print::println(unsigned long, int)                ./src/Print.o
                                                  ./nfc_pos_transaction.o
                                                  ./nfc_pos_display.o
Print::write(char const*)                         ./src/Print.o
Print::write(unsigned char const*, unsigned int)  ./src/Print.o
                                                  ./libraries/Wire.o
                                                  ./libraries/Adafruit_TFTLCD.o
                                                  ./src/HardwareSerial.o
SPI                                               ./src/SPI.o
SPIClass::begin()                                 ./src/SPI.o
SPIClass::end()                                   ./src/SPI.o
SPIClass::setBitOrder(unsigned char)              ./src/SPI.o
SPIClass::setClockDivider(unsigned char)          ./src/SPI.o
SPIClass::setDataMode(unsigned char)              ./src/SPI.o
Serial                                            ./src/HardwareSerial.o
                                                  ./nfc_pos_transaction.o
                                                  ./nfc_pos_main.o
                                                  ./libraries/Adafruit_NFCShield_I2C.o
Stream::find(char*)                               ./src/Stream.o
Stream::find(char*, unsigned int)                 ./src/Stream.o
Stream::findUntil(char*, char*)                   ./src/Stream.o
Stream::findUntil(char*, unsigned int, char*, unsigned int) ./src/Stream.o
Stream::parseFloat()                              ./src/Stream.o
Stream::parseFloat(char)                          ./src/Stream.o
Stream::parseInt()                                ./src/Stream.o
Stream::parseInt(char)                            ./src/Stream.o
Stream::peekNextDigit()                           ./src/Stream.o
Stream::readBytes(char*, unsigned int)            ./src/Stream.o
Stream::readBytesUntil(char, char*, unsigned int) ./src/Stream.o
Stream::readString()                              ./src/Stream.o
Stream::readStringUntil(char)                     ./src/Stream.o
Stream::setTimeout(unsigned long)                 ./src/Stream.o
Stream::timedPeek()                               ./src/Stream.o
Stream::timedRead()                               ./src/Stream.o
String::String(String const&)                     ./src/WString.o
String::String(String const&)                     ./src/WString.o
String::String(char const*)                       ./src/WString.o
String::String(char const*)                       ./src/WString.o
                                                  ./src/Stream.o
String::String(char)                              ./src/WString.o
String::String(char)                              ./src/WString.o
String::String(int, unsigned char)                ./src/WString.o
String::String(int, unsigned char)                ./src/WString.o
String::String(long, unsigned char)               ./src/WString.o
String::String(long, unsigned char)               ./src/WString.o
String::String(unsigned char, unsigned char)      ./src/WString.o
String::String(unsigned char, unsigned char)      ./src/WString.o
String::String(unsigned int, unsigned char)       ./src/WString.o
String::String(unsigned int, unsigned char)       ./src/WString.o
String::String(unsigned long, unsigned char)      ./src/WString.o
String::String(unsigned long, unsigned char)      ./src/WString.o
String::changeBuffer(unsigned int)                ./src/WString.o
String::charAt(unsigned int) const                ./src/WString.o
String::compareTo(String const&) const            ./src/WString.o
String::concat(String const&)                     ./src/WString.o
String::concat(char const*)                       ./src/WString.o
String::concat(char const*, unsigned int)         ./src/WString.o
String::concat(char)                              ./src/WString.o
                                                  ./src/Stream.o
String::concat(int)                               ./src/WString.o
String::concat(long)                              ./src/WString.o
String::concat(unsigned char)                     ./src/WString.o
String::concat(unsigned int)                      ./src/WString.o
String::concat(unsigned long)                     ./src/WString.o
String::copy(char const*, unsigned int)           ./src/WString.o
String::endsWith(String const&) const             ./src/WString.o
String::equals(String const&) const               ./src/WString.o
String::equals(char const*) const                 ./src/WString.o
String::equalsIgnoreCase(String const&) const     ./src/WString.o
String::getBytes(unsigned char*, unsigned int, unsigned int) const ./src/WString.o
String::indexOf(String const&) const              ./src/WString.o
String::indexOf(String const&, unsigned int) const ./src/WString.o
String::indexOf(char) const                       ./src/WString.o
String::indexOf(char, unsigned int) const         ./src/WString.o
String::invalidate()                              ./src/WString.o
String::lastIndexOf(String const&) const          ./src/WString.o
String::lastIndexOf(String const&, unsigned int) const ./src/WString.o
String::lastIndexOf(char) const                   ./src/WString.o
String::lastIndexOf(char, unsigned int) const     ./src/WString.o
String::operator<(String const&) const            ./src/WString.o
String::operator<=(String const&) const           ./src/WString.o
String::operator=(String const&)                  ./src/WString.o
String::operator=(char const*)                    ./src/WString.o
String::operator>(String const&) const            ./src/WString.o
String::operator>=(String const&) const           ./src/WString.o
String::operator[](unsigned int)                  ./src/WString.o
String::operator[](unsigned int) const            ./src/WString.o
                                                  ./src/Print.o
String::replace(String const&, String const&)     ./src/WString.o
String::replace(char, char)                       ./src/WString.o
String::reserve(unsigned int)                     ./src/WString.o
String::setCharAt(unsigned int, char)             ./src/WString.o
String::startsWith(String const&) const           ./src/WString.o
String::startsWith(String const&, unsigned int) const ./src/WString.o
String::substring(unsigned int) const             ./src/WString.o
String::substring(unsigned int, unsigned int) const ./src/WString.o
String::toInt() const                             ./src/WString.o
String::toLowerCase()                             ./src/WString.o
String::toUpperCase()                             ./src/WString.o
String::trim()                                    ./src/WString.o
String::~String()                                 ./src/WString.o
String::~String()                                 ./src/WString.o
TouchScreen::TouchScreen(unsigned char, unsigned char, unsigned char, unsigned char) ./libraries/TouchScreen.o
TouchScreen::TouchScreen(unsigned char, unsigned char, unsigned char, unsigned char) ./libraries/TouchScreen.o
TouchScreen::TouchScreen(unsigned char, unsigned char, unsigned char, unsigned char, unsigned int) ./libraries/TouchScreen.o
TouchScreen::TouchScreen(unsigned char, unsigned char, unsigned char, unsigned char, unsigned int) ./libraries/TouchScreen.o
                                                  ./nfc_pos_display.o
TouchScreen::getPoint()                           ./libraries/TouchScreen.o
                                                  ./nfc_pos_display.o
TouchScreen::pressure()                           ./libraries/TouchScreen.o
TouchScreen::readTouchX()                         ./libraries/TouchScreen.o
TouchScreen::readTouchY()                         ./libraries/TouchScreen.o
TwoWire::TwoWire()                                ./libraries/Wire.o
TwoWire::TwoWire()                                ./libraries/Wire.o
TwoWire::available()                              ./libraries/Wire.o
TwoWire::begin()                                  ./libraries/Wire.o
                                                  ./libraries/Adafruit_NFCShield_I2C.o
TwoWire::begin(int)                               ./libraries/Wire.o
TwoWire::begin(unsigned char)                     ./libraries/Wire.o
TwoWire::beginTransmission(int)                   ./libraries/Wire.o
                                                  ./libraries/Adafruit_NFCShield_I2C.o
TwoWire::beginTransmission(unsigned char)         ./libraries/Wire.o
TwoWire::endTransmission()                        ./libraries/Wire.o
                                                  ./libraries/Adafruit_NFCShield_I2C.o
TwoWire::endTransmission(unsigned char)           ./libraries/Wire.o
TwoWire::flush()                                  ./libraries/Wire.o
TwoWire::onReceive(void (*)(int))                 ./libraries/Wire.o
TwoWire::onReceiveService(unsigned char*, int)    ./libraries/Wire.o
TwoWire::onRequest(void (*)())                    ./libraries/Wire.o
TwoWire::onRequestService()                       ./libraries/Wire.o
TwoWire::peek()                                   ./libraries/Wire.o
TwoWire::read()                                   ./libraries/Wire.o
                                                  ./libraries/Adafruit_NFCShield_I2C.o
TwoWire::requestFrom(int, int)                    ./libraries/Wire.o
TwoWire::requestFrom(int, int, int)               ./libraries/Wire.o
TwoWire::requestFrom(unsigned char, unsigned char) ./libraries/Wire.o
                                                  ./libraries/Adafruit_NFCShield_I2C.o
TwoWire::requestFrom(unsigned char, unsigned char, unsigned char) ./libraries/Wire.o
TwoWire::rxBuffer                                 ./libraries/Wire.o
TwoWire::rxBufferIndex                            ./libraries/Wire.o
TwoWire::rxBufferLength                           ./libraries/Wire.o
TwoWire::transmitting                             ./libraries/Wire.o
TwoWire::txAddress                                ./libraries/Wire.o
TwoWire::txBuffer                                 ./libraries/Wire.o
TwoWire::txBufferIndex                            ./libraries/Wire.o
TwoWire::txBufferLength                           ./libraries/Wire.o
TwoWire::user_onReceive                           ./libraries/Wire.o
TwoWire::user_onRequest                           ./libraries/Wire.o
TwoWire::write(unsigned char const*, unsigned int) ./libraries/Wire.o
TwoWire::write(unsigned char)                     ./libraries/Wire.o
                                                  ./libraries/Adafruit_NFCShield_I2C.o
Wire                                              ./libraries/Wire.o
                                                  ./libraries/Adafruit_NFCShield_I2C.o
__addsf3                                          d:/winavr-20100110/bin/../lib/gcc/avr/4.3.3/../../../../avr/lib/avr5\libm.a(addsf3.o)
                                                  ./src/Print.o
__addsf3x                                         d:/winavr-20100110/bin/../lib/gcc/avr/4.3.3/../../../../avr/lib/avr5\libm.a(addsf3x.o)
                                                  d:/winavr-20100110/bin/../lib/gcc/avr/4.3.3/../../../../avr/lib/avr5\libm.a(addsf3.o)
__bad_interrupt                                   d:/winavr-20100110/bin/../lib/gcc/avr/4.3.3/../../../../avr/lib/avr5/crtm328p.o
__brkval                                          ./src/avr-libc/realloc.o
                                                  ./src/avr-libc/malloc.o
__bss_end                                         d:/winavr-20100110/bin/../lib/gcc/avr/4.3.3/avr5\libgcc.a(_clear_bss.o)
__bss_start                                       d:/winavr-20100110/bin/../lib/gcc/avr/4.3.3/avr5\libgcc.a(_clear_bss.o)
__cmpsf2                                          d:/winavr-20100110/bin/../lib/gcc/avr/4.3.3/../../../../avr/lib/avr5\libm.a(cmpsf2.o)
__ctors_end                                       d:/winavr-20100110/bin/../lib/gcc/avr/4.3.3/avr5\libgcc.a(_ctors.o)
__ctors_start                                     d:/winavr-20100110/bin/../lib/gcc/avr/4.3.3/avr5\libgcc.a(_ctors.o)
__ctype_isfalse                                   d:/winavr-20100110/bin/../lib/gcc/avr/4.3.3/../../../../avr/lib/avr5\libc.a(cty_isfalse.o)
                                                  d:/winavr-20100110/bin/../lib/gcc/avr/4.3.3/../../../../avr/lib/avr5\libc.a(isspace.o)
__ctype_istrue                                    d:/winavr-20100110/bin/../lib/gcc/avr/4.3.3/../../../../avr/lib/avr5\libc.a(cty_isfalse.o)
__cxa_guard_abort                                 ./src/new.o
__cxa_guard_acquire                               ./src/new.o
__cxa_guard_release                               ./src/new.o
__cxa_pure_virtual                                ./src/new.o
                                                  ./libraries/Wire.o
                                                  ./src/Print.o
                                                  ./src/HardwareSerial.o
__data_end                                        d:/winavr-20100110/bin/../lib/gcc/avr/4.3.3/avr5\libgcc.a(_copy_data.o)
__data_load_start                                 d:/winavr-20100110/bin/../lib/gcc/avr/4.3.3/avr5\libgcc.a(_copy_data.o)
__data_start                                      d:/winavr-20100110/bin/../lib/gcc/avr/4.3.3/avr5\libgcc.a(_copy_data.o)
__divmodhi4                                       d:/winavr-20100110/bin/../lib/gcc/avr/4.3.3/avr5\libgcc.a(_divmodhi4.o)
                                                  ./libraries/Adafruit_GFX.o
__divmodsi4                                       d:/winavr-20100110/bin/../lib/gcc/avr/4.3.3/avr5\libgcc.a(_divmodsi4.o)
                                                  d:/winavr-20100110/bin/../lib/gcc/avr/4.3.3/../../../../avr/lib/avr5\libc.a(random.o)
                                                  ./nfc_pos_main.o
                                                  ./src/WMath.o
__divsf3                                          d:/winavr-20100110/bin/../lib/gcc/avr/4.3.3/../../../../avr/lib/avr5\libm.a(divsf3.o)
                                                  ./libraries/TouchScreen.o
                                                  ./src/Print.o
__divsf3_pse                                      d:/winavr-20100110/bin/../lib/gcc/avr/4.3.3/../../../../avr/lib/avr5\libm.a(divsf3x.o)
__divsf3x                                         d:/winavr-20100110/bin/../lib/gcc/avr/4.3.3/../../../../avr/lib/avr5\libm.a(divsf3x.o)
                                                  d:/winavr-20100110/bin/../lib/gcc/avr/4.3.3/../../../../avr/lib/avr5\libm.a(divsf3.o)
__do_clear_bss                                    d:/winavr-20100110/bin/../lib/gcc/avr/4.3.3/avr5\libgcc.a(_clear_bss.o)
                                                  ./nfc_pos_transaction.o
                                                  ./nfc_pos_main.o
                                                  ./nfc_pos_display.o
                                                  ./libraries/twi.o
                                                  ./libraries/Wire.o
                                                  ./libraries/Adafruit_NFCShield_I2C.o
                                                  ./src/wiring.o
                                                  ./src/WString.o
                                                  ./src/WInterrupts.o
                                                  ./src/Tone.o
                                                  ./src/SPI.o
                                                  ./src/HardwareSerial.o
                                                  ./src/avr-libc/malloc.o
__do_copy_data                                    d:/winavr-20100110/bin/../lib/gcc/avr/4.3.3/avr5\libgcc.a(_copy_data.o)
                                                  d:/winavr-20100110/bin/../lib/gcc/avr/4.3.3/../../../../avr/lib/avr5\libc.a(random.o)
                                                  ./nfc_pos_transaction.o
                                                  ./nfc_pos_main.o
                                                  ./nfc_pos_display.o
                                                  ./libraries/Wire.o
                                                  ./libraries/Adafruit_TFTLCD.o
                                                  ./libraries/Adafruit_NFCShield_I2C.o
                                                  ./src/wiring_analog.o
                                                  ./src/WString.o
                                                  ./src/Tone.o
                                                  ./src/Stream.o
                                                  ./src/Print.o
                                                  ./src/HardwareSerial.o
                                                  ./src/avr-libc/malloc.o
__do_global_ctors                                 d:/winavr-20100110/bin/../lib/gcc/avr/4.3.3/avr5\libgcc.a(_ctors.o)
                                                  ./nfc_pos_transaction.o
                                                  ./nfc_pos_display.o
                                                  ./libraries/Wire.o
                                                  ./src/HardwareSerial.o
__epilogue_restores__                             d:/winavr-20100110/bin/../lib/gcc/avr/4.3.3/avr5\libgcc.a(_epilogue.o)
                                                  d:/winavr-20100110/bin/../lib/gcc/avr/4.3.3/../../../../avr/lib/avr5\libc.a(vfprintf_std.o)
                                                  d:/winavr-20100110/bin/../lib/gcc/avr/4.3.3/../../../../avr/lib/avr5\libc.a(sprintf.o)
                                                  d:/winavr-20100110/bin/../lib/gcc/avr/4.3.3/../../../../avr/lib/avr5\libc.a(random.o)
__eqsf2                                           d:/winavr-20100110/bin/../lib/gcc/avr/4.3.3/../../../../avr/lib/avr5\libm.a(cmpsf2.o)
__fixsfsi                                         d:/winavr-20100110/bin/../lib/gcc/avr/4.3.3/../../../../avr/lib/avr5\libm.a(fixsfsi.o)
                                                  ./libraries/TouchScreen.o
                                                  ./src/Print.o
__fixunssfsi                                      d:/winavr-20100110/bin/../lib/gcc/avr/4.3.3/../../../../avr/lib/avr5\libm.a(fixunssfsi.o)
                                                  d:/winavr-20100110/bin/../lib/gcc/avr/4.3.3/../../../../avr/lib/avr5\libm.a(fixsfsi.o)
                                                  ./libraries/TouchScreen.o
                                                  ./src/Print.o
__floatsisf                                       d:/winavr-20100110/bin/../lib/gcc/avr/4.3.3/../../../../avr/lib/avr5\libm.a(floatsisf.o)
                                                  ./libraries/TouchScreen.o
                                                  ./src/Stream.o
                                                  ./src/Print.o
__floatunsisf                                     d:/winavr-20100110/bin/../lib/gcc/avr/4.3.3/../../../../avr/lib/avr5\libm.a(floatsisf.o)
                                                  ./libraries/TouchScreen.o
                                                  ./src/Print.o
__flp                                             ./src/avr-libc/realloc.o
                                                  ./src/avr-libc/malloc.o
__fp_cmp                                          d:/winavr-20100110/bin/../lib/gcc/avr/4.3.3/../../../../avr/lib/avr5\libm.a(fp_cmp.o)
                                                  d:/winavr-20100110/bin/../lib/gcc/avr/4.3.3/../../../../avr/lib/avr5\libm.a(unordsf2.o)
                                                  d:/winavr-20100110/bin/../lib/gcc/avr/4.3.3/../../../../avr/lib/avr5\libm.a(gesf2.o)
                                                  d:/winavr-20100110/bin/../lib/gcc/avr/4.3.3/../../../../avr/lib/avr5\libm.a(cmpsf2.o)
__fp_inf                                          d:/winavr-20100110/bin/../lib/gcc/avr/4.3.3/../../../../avr/lib/avr5\libm.a(fp_inf.o)
                                                  d:/winavr-20100110/bin/../lib/gcc/avr/4.3.3/../../../../avr/lib/avr5\libm.a(mulsf3x.o)
                                                  d:/winavr-20100110/bin/../lib/gcc/avr/4.3.3/../../../../avr/lib/avr5\libm.a(divsf3x.o)
                                                  d:/winavr-20100110/bin/../lib/gcc/avr/4.3.3/../../../../avr/lib/avr5\libm.a(addsf3x.o)
__fp_nan                                          d:/winavr-20100110/bin/../lib/gcc/avr/4.3.3/../../../../avr/lib/avr5\libm.a(fp_nan.o)
                                                  d:/winavr-20100110/bin/../lib/gcc/avr/4.3.3/../../../../avr/lib/avr5\libm.a(mulsf3x.o)
                                                  d:/winavr-20100110/bin/../lib/gcc/avr/4.3.3/../../../../avr/lib/avr5\libm.a(divsf3x.o)
                                                  d:/winavr-20100110/bin/../lib/gcc/avr/4.3.3/../../../../avr/lib/avr5\libm.a(addsf3x.o)
__fp_pscA                                         d:/winavr-20100110/bin/../lib/gcc/avr/4.3.3/../../../../avr/lib/avr5\libm.a(fp_pscA.o)
                                                  d:/winavr-20100110/bin/../lib/gcc/avr/4.3.3/../../../../avr/lib/avr5\libm.a(mulsf3x.o)
                                                  d:/winavr-20100110/bin/../lib/gcc/avr/4.3.3/../../../../avr/lib/avr5\libm.a(divsf3x.o)
                                                  d:/winavr-20100110/bin/../lib/gcc/avr/4.3.3/../../../../avr/lib/avr5\libm.a(addsf3x.o)
__fp_pscB                                         d:/winavr-20100110/bin/../lib/gcc/avr/4.3.3/../../../../avr/lib/avr5\libm.a(fp_pscB.o)
                                                  d:/winavr-20100110/bin/../lib/gcc/avr/4.3.3/../../../../avr/lib/avr5\libm.a(mulsf3x.o)
                                                  d:/winavr-20100110/bin/../lib/gcc/avr/4.3.3/../../../../avr/lib/avr5\libm.a(divsf3x.o)
                                                  d:/winavr-20100110/bin/../lib/gcc/avr/4.3.3/../../../../avr/lib/avr5\libm.a(addsf3x.o)
__fp_round                                        d:/winavr-20100110/bin/../lib/gcc/avr/4.3.3/../../../../avr/lib/avr5\libm.a(fp_round.o)
                                                  d:/winavr-20100110/bin/../lib/gcc/avr/4.3.3/../../../../avr/lib/avr5\libm.a(mulsf3.o)
                                                  d:/winavr-20100110/bin/../lib/gcc/avr/4.3.3/../../../../avr/lib/avr5\libm.a(divsf3.o)
                                                  d:/winavr-20100110/bin/../lib/gcc/avr/4.3.3/../../../../avr/lib/avr5\libm.a(addsf3.o)
__fp_split3                                       d:/winavr-20100110/bin/../lib/gcc/avr/4.3.3/../../../../avr/lib/avr5\libm.a(fp_split3.o)
                                                  d:/winavr-20100110/bin/../lib/gcc/avr/4.3.3/../../../../avr/lib/avr5\libm.a(mulsf3x.o)
                                                  d:/winavr-20100110/bin/../lib/gcc/avr/4.3.3/../../../../avr/lib/avr5\libm.a(divsf3x.o)
                                                  d:/winavr-20100110/bin/../lib/gcc/avr/4.3.3/../../../../avr/lib/avr5\libm.a(addsf3x.o)
__fp_splitA                                       d:/winavr-20100110/bin/../lib/gcc/avr/4.3.3/../../../../avr/lib/avr5\libm.a(fp_split3.o)
                                                  d:/winavr-20100110/bin/../lib/gcc/avr/4.3.3/../../../../avr/lib/avr5\libm.a(fixunssfsi.o)
__fp_szero                                        d:/winavr-20100110/bin/../lib/gcc/avr/4.3.3/../../../../avr/lib/avr5\libm.a(fp_zero.o)
                                                  d:/winavr-20100110/bin/../lib/gcc/avr/4.3.3/../../../../avr/lib/avr5\libm.a(mulsf3x.o)
                                                  d:/winavr-20100110/bin/../lib/gcc/avr/4.3.3/../../../../avr/lib/avr5\libm.a(fixsfsi.o)
                                                  d:/winavr-20100110/bin/../lib/gcc/avr/4.3.3/../../../../avr/lib/avr5\libm.a(divsf3x.o)
__fp_zero                                         d:/winavr-20100110/bin/../lib/gcc/avr/4.3.3/../../../../avr/lib/avr5\libm.a(fp_zero.o)
                                                  d:/winavr-20100110/bin/../lib/gcc/avr/4.3.3/../../../../avr/lib/avr5\libm.a(fixunssfsi.o)
                                                  d:/winavr-20100110/bin/../lib/gcc/avr/4.3.3/../../../../avr/lib/avr5\libm.a(addsf3x.o)
__gesf2                                           d:/winavr-20100110/bin/../lib/gcc/avr/4.3.3/../../../../avr/lib/avr5\libm.a(gesf2.o)
__gtsf2                                           d:/winavr-20100110/bin/../lib/gcc/avr/4.3.3/../../../../avr/lib/avr5\libm.a(gesf2.o)
                                                  ./src/Print.o
__heap_end                                        d:/winavr-20100110/bin/../lib/gcc/avr/4.3.3/../../../../avr/lib/avr5/crtm328p.o
                                                  ./src/avr-libc/malloc.o
__heap_start                                      ./src/avr-libc/malloc.o
__init                                            d:/winavr-20100110/bin/../lib/gcc/avr/4.3.3/../../../../avr/lib/avr5/crtm328p.o
__lesf2                                           d:/winavr-20100110/bin/../lib/gcc/avr/4.3.3/../../../../avr/lib/avr5\libm.a(cmpsf2.o)
                                                  ./src/Print.o
__ltsf2                                           d:/winavr-20100110/bin/../lib/gcc/avr/4.3.3/../../../../avr/lib/avr5\libm.a(cmpsf2.o)
                                                  ./src/Print.o
__malloc_heap_end                                 ./src/avr-libc/malloc.o
                                                  ./src/avr-libc/realloc.o
__malloc_heap_start                               ./src/avr-libc/malloc.o
__malloc_margin                                   ./src/avr-libc/malloc.o
                                                  ./src/avr-libc/realloc.o
__mulhi_const_10                                  d:/winavr-20100110/bin/../lib/gcc/avr/4.3.3/../../../../avr/lib/avr5\libc.a(mul10.o)
                                                  d:/winavr-20100110/bin/../lib/gcc/avr/4.3.3/../../../../avr/lib/avr5\libc.a(atoi.o)
__mulsf3                                          d:/winavr-20100110/bin/../lib/gcc/avr/4.3.3/../../../../avr/lib/avr5\libm.a(mulsf3.o)
                                                  ./libraries/TouchScreen.o
                                                  ./src/Stream.o
                                                  ./src/Print.o
__mulsf3_pse                                      d:/winavr-20100110/bin/../lib/gcc/avr/4.3.3/../../../../avr/lib/avr5\libm.a(mulsf3x.o)
__mulsf3x                                         d:/winavr-20100110/bin/../lib/gcc/avr/4.3.3/../../../../avr/lib/avr5\libm.a(mulsf3x.o)
                                                  d:/winavr-20100110/bin/../lib/gcc/avr/4.3.3/../../../../avr/lib/avr5\libm.a(mulsf3.o)
__mulsi3                                          d:/winavr-20100110/bin/../lib/gcc/avr/4.3.3/avr5\libgcc.a(_mulsi3.o)
                                                  d:/winavr-20100110/bin/../lib/gcc/avr/4.3.3/../../../../avr/lib/avr5\libc.a(random.o)
                                                  ./nfc_pos_main.o
                                                  ./libraries/Adafruit_TFTLCD.o
                                                  ./src/wiring_pulse.o
                                                  ./src/WMath.o
                                                  ./src/Tone.o
                                                  ./src/Stream.o
                                                  ./src/Print.o
__mulsi_const_10                                  d:/winavr-20100110/bin/../lib/gcc/avr/4.3.3/../../../../avr/lib/avr5\libc.a(mulsi10.o)
                                                  d:/winavr-20100110/bin/../lib/gcc/avr/4.3.3/../../../../avr/lib/avr5\libc.a(atol.o)
__nesf2                                           d:/winavr-20100110/bin/../lib/gcc/avr/4.3.3/../../../../avr/lib/avr5\libm.a(cmpsf2.o)
__prologue_saves__                                d:/winavr-20100110/bin/../lib/gcc/avr/4.3.3/avr5\libgcc.a(_prologue.o)
                                                  d:/winavr-20100110/bin/../lib/gcc/avr/4.3.3/../../../../avr/lib/avr5\libc.a(vfprintf_std.o)
                                                  d:/winavr-20100110/bin/../lib/gcc/avr/4.3.3/../../../../avr/lib/avr5\libc.a(sprintf.o)
                                                  d:/winavr-20100110/bin/../lib/gcc/avr/4.3.3/../../../../avr/lib/avr5\libc.a(random.o)
__stack                                           d:/winavr-20100110/bin/../lib/gcc/avr/4.3.3/../../../../avr/lib/avr5/crtm328p.o
__subsf3                                          d:/winavr-20100110/bin/../lib/gcc/avr/4.3.3/../../../../avr/lib/avr5\libm.a(addsf3.o)
                                                  ./libraries/TouchScreen.o
                                                  ./src/Print.o
__tablejump2__                                    d:/winavr-20100110/bin/../lib/gcc/avr/4.3.3/avr5\libgcc.a(_tablejump.o)
__tablejump__                                     d:/winavr-20100110/bin/../lib/gcc/avr/4.3.3/avr5\libgcc.a(_tablejump.o)
                                                  d:/winavr-20100110/bin/../lib/gcc/avr/4.3.3/avr5\libgcc.a(_ctors.o)
__udivmodhi4                                      d:/winavr-20100110/bin/../lib/gcc/avr/4.3.3/avr5\libgcc.a(_udivmodhi4.o)
                                                  d:/winavr-20100110/bin/../lib/gcc/avr/4.3.3/../../../../avr/lib/avr5\libc.a(utoa.o)
                                                  d:/winavr-20100110/bin/../lib/gcc/avr/4.3.3/../../../../avr/lib/avr5\libc.a(itoa.o)
                                                  d:/winavr-20100110/bin/../lib/gcc/avr/4.3.3/avr5\libgcc.a(_divmodhi4.o)
__udivmodsi4                                      d:/winavr-20100110/bin/../lib/gcc/avr/4.3.3/avr5\libgcc.a(_udivmodsi4.o)
                                                  d:/winavr-20100110/bin/../lib/gcc/avr/4.3.3/../../../../avr/lib/avr5\libc.a(ultoa.o)
                                                  d:/winavr-20100110/bin/../lib/gcc/avr/4.3.3/../../../../avr/lib/avr5\libc.a(ltoa.o)
                                                  d:/winavr-20100110/bin/../lib/gcc/avr/4.3.3/avr5\libgcc.a(_divmodsi4.o)
                                                  ./src/Tone.o
                                                  ./src/Print.o
                                                  ./src/HardwareSerial.o
__ultoa_invert                                    d:/winavr-20100110/bin/../lib/gcc/avr/4.3.3/../../../../avr/lib/avr5\libc.a(ultoa_invert.o)
                                                  d:/winavr-20100110/bin/../lib/gcc/avr/4.3.3/../../../../avr/lib/avr5\libc.a(vfprintf_std.o)
__unordsf2                                        d:/winavr-20100110/bin/../lib/gcc/avr/4.3.3/../../../../avr/lib/avr5\libm.a(unordsf2.o)
                                                  ./src/Print.o
__vector_1                                        ./src/WInterrupts.o
                                                  d:/winavr-20100110/bin/../lib/gcc/avr/4.3.3/../../../../avr/lib/avr5/crtm328p.o
__vector_10                                       d:/winavr-20100110/bin/../lib/gcc/avr/4.3.3/../../../../avr/lib/avr5/crtm328p.o
__vector_11                                       d:/winavr-20100110/bin/../lib/gcc/avr/4.3.3/../../../../avr/lib/avr5/crtm328p.o
__vector_12                                       d:/winavr-20100110/bin/../lib/gcc/avr/4.3.3/../../../../avr/lib/avr5/crtm328p.o
__vector_13                                       d:/winavr-20100110/bin/../lib/gcc/avr/4.3.3/../../../../avr/lib/avr5/crtm328p.o
__vector_14                                       d:/winavr-20100110/bin/../lib/gcc/avr/4.3.3/../../../../avr/lib/avr5/crtm328p.o
__vector_15                                       d:/winavr-20100110/bin/../lib/gcc/avr/4.3.3/../../../../avr/lib/avr5/crtm328p.o
__vector_16                                       ./src/wiring.o