Archive member included because of file (symbol)

d:/winavr-20100110/bin/../lib/gcc/avr/4.3.3/../../../../avr/lib/avr5\libm.a(addsf3.o)
                              ./src/Print.o (__subsf3)
d:/winavr-20100110/bin/../lib/gcc/avr/4.3.3/../../../../avr/lib/avr5\libm.a(addsf3x.o)
                              d:/winavr-20100110/bin/../lib/gcc/avr/4.3.3/../../../../avr/lib/avr5\libm.a(addsf3.o) (__addsf3x)
d:/winavr-20100110/bin/../lib/gcc/avr/4.3.3/../../../../avr/lib/avr5\libm.a(cmpsf2.o)
                              ./src/Print.o (__ltsf2)
d:/winavr-20100110/bin/../lib/gcc/avr/4.3.3/../../../../avr/lib/avr5\libm.a(divsf3.o)
                              ./src/Print.o (__divsf3)
d:/winavr-20100110/bin/../lib/gcc/avr/4.3.3/../../../../avr/lib/avr5\libm.a(divsf3x.o)
                              d:/winavr-20100110/bin/../lib/gcc/avr/4.3.3/../../../../avr/lib/avr5\libm.a(divsf3.o) (__divsf3x)
d:/winavr-20100110/bin/../lib/gcc/avr/4.3.3/../../../../avr/lib/avr5\libm.a(fixsfsi.o)
                              ./src/Print.o (__fixsfsi)
d:/winavr-20100110/bin/../lib/gcc/avr/4.3.3/../../../../avr/lib/avr5\libm.a(fixunssfsi.o)
                              ./src/Print.o (__fixunssfsi)
d:/winavr-20100110/bin/../lib/gcc/avr/4.3.3/../../../../avr/lib/avr5\libm.a(floatsisf.o)
                              ./src/Print.o (__floatunsisf)
d:/winavr-20100110/bin/../lib/gcc/avr/4.3.3/../../../../avr/lib/avr5\libm.a(fp_cmp.o)
                              d:/winavr-20100110/bin/../lib/gcc/avr/4.3.3/../../../../avr/lib/avr5\libm.a(cmpsf2.o) (__fp_cmp)
d:/winavr-20100110/bin/../lib/gcc/avr/4.3.3/../../../../avr/lib/avr5\libm.a(fp_inf.o)
                              d:/winavr-20100110/bin/../lib/gcc/avr/4.3.3/../../../../avr/lib/avr5\libm.a(addsf3x.o) (__fp_inf)
d:/winavr-20100110/bin/../lib/gcc/avr/4.3.3/../../../../avr/lib/avr5\libm.a(fp_nan.o)
                              d:/winavr-20100110/bin/../lib/gcc/avr/4.3.3/../../../../avr/lib/avr5\libm.a(addsf3x.o) (__fp_nan)
d:/winavr-20100110/bin/../lib/gcc/avr/4.3.3/../../../../avr/lib/avr5\libm.a(fp_pscA.o)
                              d:/winavr-20100110/bin/../lib/gcc/avr/4.3.3/../../../../avr/lib/avr5\libm.a(addsf3x.o) (__fp_pscA)
d:/winavr-20100110/bin/../lib/gcc/avr/4.3.3/../../../../avr/lib/avr5\libm.a(fp_pscB.o)
                              d:/winavr-20100110/bin/../lib/gcc/avr/4.3.3/../../../../avr/lib/avr5\libm.a(addsf3x.o) (__fp_pscB)
d:/winavr-20100110/bin/../lib/gcc/avr/4.3.3/../../../../avr/lib/avr5\libm.a(fp_round.o)
                              d:/winavr-20100110/bin/../lib/gcc/avr/4.3.3/../../../../avr/lib/avr5\libm.a(addsf3.o) (__fp_round)
d:/winavr-20100110/bin/../lib/gcc/avr/4.3.3/../../../../avr/lib/avr5\libm.a(fp_split3.o)
                              d:/winavr-20100110/bin/../lib/gcc/avr/4.3.3/../../../../avr/lib/avr5\libm.a(addsf3x.o) (__fp_split3)
d:/winavr-20100110/bin/../lib/gcc/avr/4.3.3/../../../../avr/lib/avr5\libm.a(fp_zero.o)
                              d:/winavr-20100110/bin/../lib/gcc/avr/4.3.3/../../../../avr/lib/avr5\libm.a(addsf3x.o) (__fp_zero)
d:/winavr-20100110/bin/../lib/gcc/avr/4.3.3/../../../../avr/lib/avr5\libm.a(gesf2.o)
                              ./src/Print.o (__gtsf2)
d:/winavr-20100110/bin/../lib/gcc/avr/4.3.3/../../../../avr/lib/avr5\libm.a(mulsf3.o)
                              ./src/Print.o (__mulsf3)
d:/winavr-20100110/bin/../lib/gcc/avr/4.3.3/../../../../avr/lib/avr5\libm.a(mulsf3x.o)
                              d:/winavr-20100110/bin/../lib/gcc/avr/4.3.3/../../../../avr/lib/avr5\libm.a(mulsf3.o) (__mulsf3x)
d:/winavr-20100110/bin/../lib/gcc/avr/4.3.3/../../../../avr/lib/avr5\libm.a(unordsf2.o)
                              ./src/Print.o (__unordsf2)
d:/winavr-20100110/bin/../lib/gcc/avr/4.3.3/avr5\libgcc.a(_mulsi3.o)
                              ./src/Print.o (__mulsi3)
d:/winavr-20100110/bin/../lib/gcc/avr/4.3.3/avr5\libgcc.a(_divmodhi4.o)
                              ./libraries/Adafruit_GFX.o (__divmodhi4)
d:/winavr-20100110/bin/../lib/gcc/avr/4.3.3/avr5\libgcc.a(_udivmodsi4.o)
                              ./src/HardwareSerial.o (__udivmodsi4)
d:/winavr-20100110/bin/../lib/gcc/avr/4.3.3/avr5\libgcc.a(_divmodsi4.o)
                              ./src/WMath.o (__divmodsi4)
d:/winavr-20100110/bin/../lib/gcc/avr/4.3.3/avr5\libgcc.a(_exit.o)
                              d:/winavr-20100110/bin/../lib/gcc/avr/4.3.3/../../../../avr/lib/avr5/crtm328p.o (exit)
d:/winavr-20100110/bin/../lib/gcc/avr/4.3.3/avr5\libgcc.a(_copy_data.o)
                              ./src/avr-libc/malloc.o (__do_copy_data)
d:/winavr-20100110/bin/../lib/gcc/avr/4.3.3/avr5\libgcc.a(_clear_bss.o)
                              ./src/avr-libc/malloc.o (__do_clear_bss)
d:/winavr-20100110/bin/../lib/gcc/avr/4.3.3/avr5\libgcc.a(_ctors.o)
                              ./src/HardwareSerial.o (__do_global_ctors)
d:/winavr-20100110/bin/../lib/gcc/avr/4.3.3/avr5\libgcc.a(_udivmodhi4.o)
[...]
Memory Configuration

Name             Origin             Length             Attributes
text             0x00000000         0x00020000         xr
data             0x00800060         0x0000ffa0         rw !x
eeprom           0x00810000         0x00010000         rw !x
fuse             0x00820000         0x00000400         rw !x
lock             0x00830000         0x00000400         rw !x
signature        0x00840000         0x00000400         rw !x
*default*        0x00000000         0xffffffff

Linker script and memory map

Address of section .data set to 0x800100
LOAD d:/winavr-20100110/bin/../lib/gcc/avr/4.3.3/../../../../avr/lib/avr5/crtm328p.o
LOAD ./src/avr-libc/malloc.o
LOAD ./src/avr-libc/realloc.o
LOAD ./src/CDC.o
LOAD ./src/HID.o
LOAD ./src/HardwareSerial.o
LOAD ./src/Print.o
LOAD ./src/SPI.o
LOAD ./src/Stream.o
LOAD ./src/Tone.o
LOAD ./src/USBCore.o
LOAD ./src/WInterrupts.o
LOAD ./src/WMath.o
LOAD ./src/WString.o
LOAD ./src/main.o
LOAD ./src/new.o
LOAD ./src/wiring.o
LOAD ./src/wiring_analog.o
LOAD ./src/wiring_digital.o
LOAD ./src/wiring_pulse.o
LOAD ./src/wiring_shift.o
LOAD ./source/nfc_pos_display.o
LOAD ./source/nfc_pos_main.o
LOAD ./source/nfc_pos_transaction.o
LOAD ./libraries/Adafruit_GFX.o
LOAD ./libraries/Adafruit_NFCShield_I2C.o
LOAD ./libraries/Adafruit_TFTLCD.o
LOAD ./libraries/TouchScreen.o
LOAD ./libraries/Wire.o
LOAD ./libraries/glcdfont.o
LOAD ./libraries/twi.o
LOAD d:/winavr-20100110/bin/../lib/gcc/avr/4.3.3/../../../../avr/lib/avr5\libm.a
LOAD d:/winavr-20100110/bin/../lib/gcc/avr/4.3.3/avr5\libgcc.a
LOAD d:/winavr-20100110/bin/../lib/gcc/avr/4.3.3/../../../../avr/lib/avr5\libc.a
LOAD d:/winavr-20100110/bin/../lib/gcc/avr/4.3.3/avr5\libgcc.a

.hash
 *(.hash)

.dynsym
 *(.dynsym)

.dynstr
 *(.dynstr)

.gnu.version
 *(.gnu.version)

.gnu.version_d
 *(.gnu.version_d)

.gnu.version_r
 *(.gnu.version_r)

.rel.init
 *(.rel.init)

.rela.init
 *(.rela.init)

.rel.text
 *(.rel.text)
 *(.rel.text.*)
 *(.rel.gnu.linkonce.t*)

.rela.text
 *(.rela.text)
 *(.rela.text.*)
 *(.rela.gnu.linkonce.t*)

.rel.fini
 *(.rel.fini)

.rela.fini
 *(.rela.fini)

.rel.rodata
 *(.rel.rodata)
 *(.rel.rodata.*)
 *(.rel.gnu.linkonce.r*)

.rela.rodata
 *(.rela.rodata)
 *(.rela.rodata.*)
 *(.rela.gnu.linkonce.r*)

.rel.data
 *(.rel.data)
 *(.rel.data.*)
 *(.rel.gnu.linkonce.d*)

.rela.data
 *(.rela.data)
 *(.rela.data.*)
 *(.rela.gnu.linkonce.d*)

.rel.ctors
 *(.rel.ctors)

.rela.ctors
 *(.rela.ctors)

.rel.dtors
 *(.rel.dtors)

.rela.dtors
 *(.rela.dtors)

.rel.got
 *(.rel.got)

.rela.got
 *(.rela.got)

.rel.bss
 *(.rel.bss)

.rela.bss
 *(.rela.bss)

.rel.plt
 *(.rel.plt)

.rela.plt
 *(.rela.plt)

.text           0x00000000     0x66ca
 *(.vectors)
 .vectors       0x00000000       0x68 d:/winavr-20100110/bin/../lib/gcc/avr/4.3.3/../../../../avr/lib/avr5/crtm328p.o
                0x00000000                __vectors
                0x00000000                __vector_default
 *(.vectors)
 *(.progmem.gcc*)
 *(.progmem*)
 .progmem.data  0x00000068        0x1 ./src/Tone.o
 .progmem.data  0x00000069       0x5a ./src/wiring_digital.o
                0x00000069                port_to_mode_PGM
                0x00000087                digital_pin_to_port_PGM
                0x0000009b                digital_pin_to_bit_mask_PGM
                0x00000073                port_to_output_PGM
                0x0000007d                port_to_input_PGM
                0x000000af                digital_pin_to_timer_PGM
 .progmem.data  0x000000c3      0x320 ./source/nfc_pos_display.o
                0x000000c3                touch_table
 .progmem.data  0x000003e3       0xe0 ./source/nfc_pos_main.o
 .progmem.data  0x000004c3      0x369 ./source/nfc_pos_transaction.o
                0x000004c3                outgoing_table
 .progmem.data  0x0000082c      0x4fb ./libraries/Adafruit_GFX.o
 .progmem.data  0x00000d27      0x122 ./libraries/Adafruit_TFTLCD.o
                0x00000e4a                . = ALIGN (0x2)
 *fill*         0x00000e49        0x1 00
                0x00000e4a                __trampolines_start = .
 *(.trampolines)
 .trampolines   0x00000e4a        0x0 linker stubs
 *(.trampolines*)
                0x00000e4a                __trampolines_end = .
 *(.jumptables)
 *(.jumptables*)
 *(.lowtext)
 *(.lowtext*)
                0x00000e4a                __ctors_start = .
 *(.ctors)
 .ctors         0x00000e4a        0x2 ./src/HardwareSerial.o
 .ctors         0x00000e4c        0x2 ./source/nfc_pos_display.o
 .ctors         0x00000e4e        0x2 ./source/nfc_pos_transaction.o
 .ctors         0x00000e50        0x2 ./libraries/Wire.o
                0x00000e52                __ctors_end = .
                0x00000e52                __dtors_start = .
 *(.dtors)
                0x00000e52                __dtors_end = .
 SORT(*)(.ctors)
 SORT(*)(.dtors)
 *(.init0)
 .init0         0x00000e52        0x0 d:/winavr-20100110/bin/../lib/gcc/avr/4.3.3/../../../../avr/lib/avr5/crtm328p.o
                0x00000e52                __init
 *(.init0)
 *(.init1)
 *(.init1)
 *(.init2)
 .init2         0x00000e52        0xc d:/winavr-20100110/bin/../lib/gcc/avr/4.3.3/../../../../avr/lib/avr5/crtm328p.o
 *(.init2)
 *(.init3)
 *(.init3)
 *(.init4)
 .init4         0x00000e5e       0x16 d:/winavr-20100110/bin/../lib/gcc/avr/4.3.3/avr5\libgcc.a(_copy_data.o)
                0x00000e5e                __do_copy_data
 .init4         0x00000e74       0x10 d:/winavr-20100110/bin/../lib/gcc/avr/4.3.3/avr5\libgcc.a(_clear_bss.o)
                0x00000e74                __do_clear_bss
 *(.init4)
 *(.init5)
 *(.init5)
 *(.init6)
 .init6         0x00000e84       0x16 d:/winavr-20100110/bin/../lib/gcc/avr/4.3.3/avr5\libgcc.a(_ctors.o)
                0x00000e84                __do_global_ctors
 *(.init6)
 *(.init7)
 *(.init7)
 *(.init8)
 *(.init8)
 *(.init9)
 .init9         0x00000e9a        0x8 d:/winavr-20100110/bin/../lib/gcc/avr/4.3.3/../../../../avr/lib/avr5/crtm328p.o
 *(.init9)
 *(.text)
 .text          0x00000ea2        0x4 d:/winavr-20100110/bin/../lib/gcc/avr/4.3.3/../../../../avr/lib/avr5/crtm328p.o
                0x00000ea2                __vector_22
                0x00000ea2                __vector_12
                0x00000ea2                __bad_interrupt
                0x00000ea2                __vector_6
                0x00000ea2                __vector_3
                0x00000ea2                __vector_23
                0x00000ea2                __vector_25
                0x00000ea2                __vector_11
                0x00000ea2                __vector_13
                0x00000ea2                __vector_17
                0x00000ea2                __vector_5
                0x00000ea2                __vector_4
                0x00000ea2                __vector_9
                0x00000ea2                __vector_21
                0x00000ea2                __vector_15
                0x00000ea2                __vector_8
                0x00000ea2                __vector_14
                0x00000ea2                __vector_10
                0x00000ea2                __vector_20
                0x00000ea6                . = ALIGN (0x2)
 *(.text.*)
 .text._Z11serialEventv
                0x00000ea6        0x2 ./src/HardwareSerial.o
                0x00000ea6                serialEvent()
 .text.__vector_18
                0x00000ea8       0x76 ./src/HardwareSerial.o
                0x00000ea8                __vector_18
 .text._Z14serialEventRunv
                0x00000f1e       0x26 ./src/HardwareSerial.o
                0x00000f1e                serialEventRun()
 .text.__vector_19
                0x00000f44       0x76 ./src/HardwareSerial.o
                0x00000f44                __vector_19
 .text._ZN14HardwareSerial5beginEm
                0x00000fba      0x10e ./src/HardwareSerial.o
                0x00000fba                HardwareSerial::begin(unsigned long)
 .text._ZN14HardwareSerial9availableEv
                0x000010c8       0x22 ./src/HardwareSerial.o
                0x000010c8                HardwareSerial::available()
 .text._ZN14HardwareSerial4peekEv
                0x000010ea       0x40 ./src/HardwareSerial.o
                0x000010ea                HardwareSerial::peek()
 .text._ZN14HardwareSerial4readEv
                0x0000112a       0x52 ./src/HardwareSerial.o
                0x0000112a                HardwareSerial::read()
 .text._ZN14HardwareSerial5flushEv
                0x0000117c       0x20 ./src/HardwareSerial.o
                0x0000117c                HardwareSerial::flush()
 .text._ZN14HardwareSerial5writeEh
                0x0000119c       0x80 ./src/HardwareSerial.o
                0x0000119c                HardwareSerial::write(unsigned char)
 .text._GLOBAL__I_rx_buffer
                0x0000121c       0xac ./src/HardwareSerial.o
 .text._ZN5Print5writeEPKhj
                0x000012c8       0x54 ./src/Print.o
                0x000012c8                Print::write(unsigned char const*, unsigned int)
 .text._ZN5Print5printEc
                0x0000131c       0x10 ./src/Print.o
                0x0000131c                Print::print(char)
 .text._ZN5Print7printlnEv
                0x0000132c       0x40 ./src/Print.o
                0x0000132c                Print::println()
 .text._ZN5Print5writeEPKc
                0x0000136c       0x38 ./src/Print.o
                0x0000136c                Print::write(char const*)
 .text._ZN5Print11printNumberEmh
                0x000013a4       0xc8 ./src/Print.o
                0x000013a4                Print::printNumber(unsigned long, unsigned char)
 .text._ZN5Print5printEmi
                0x0000146c       0x1e ./src/Print.o
                0x0000146c                Print::print(unsigned long, int)
 .text._ZN5Print7printlnEmi
                0x0000148a       0x28 ./src/Print.o
                0x0000148a                Print::println(unsigned long, int)
 .text._ZN5Print7printlnEhi
                0x000014b2       0x3c ./src/Print.o
                0x000014b2                Print::println(unsigned char, int)
 .text._ZN5Print5printEli
                0x000014ee       0x80 ./src/Print.o
                0x000014ee                Print::print(long, int)
 .text._ZN5Print5printEii
                0x0000156e       0x26 ./src/Print.o
                0x0000156e                Print::print(int, int)
 .text._ZN5Print7printlnEii
                0x00001594       0x3e ./src/Print.o
                0x00001594                Print::println(int, int)
 .text._ZN5Print5printEPKc
                0x000015d2        0x6 ./src/Print.o
                0x000015d2                Print::print(char const*)
 .text._ZN5Print7printlnEPKc
                0x000015d8       0x26 ./src/Print.o
                0x000015d8                Print::println(char const*)
 .text._Z12disableTimerh
                0x000015fe       0x42 ./src/Tone.o
                0x000015fe                disableTimer(unsigned char)
 .text._Z6noToneh
                0x00001640       0x2e ./src/Tone.o
                0x00001640                noTone(unsigned char)
 .text.__vector_7
                0x0000166e       0xb8 ./src/Tone.o
                0x0000166e                __vector_7
 .text.__vector_1
                0x00001726       0x5a ./src/WInterrupts.o
                0x00001726                __vector_1
 .text.__vector_2
                0x00001780       0x5a ./src/WInterrupts.o
                0x00001780                __vector_2
 .text._Z3maplllll
                0x000017da       0x92 ./src/WMath.o
                0x000017da                map(long, long, long, long, long)
 .text.main     0x0000186c       0x1e ./src/main.o
                0x0000186c                main
 .text.__vector_16
                0x0000188a       0x90 ./src/wiring.o
                0x0000188a                __vector_16
 .text.micros   0x0000191a       0x4c ./src/wiring.o
                0x0000191a                micros
 .text.delay    0x00001966       0x4c ./src/wiring.o
                0x00001966                delay
 .text.delayMicroseconds
                0x000019b2       0x14 ./src/wiring.o
                0x000019b2                delayMicroseconds
 .text.init     0x000019c6       0x76 ./src/wiring.o
                0x000019c6                init
 .text.analogRead
                0x00001a3c       0x44 ./src/wiring_analog.o
                0x00001a3c                analogRead
 .text.pinMode  0x00001a80       0x7e ./src/wiring_digital.o
                0x00001a80                pinMode
 .text.turnOffPWM
                0x00001afe       0x5a ./src/wiring_digital.o
 .text.digitalWrite
                0x00001b58       0x66 ./src/wiring_digital.o
                0x00001b58                digitalWrite
 .text.digitalRead
                0x00001bbe       0x60 ./src/wiring_digital.o
                0x00001bbe                digitalRead
 .text._GLOBAL__I_tft
                0x00001c1e       0x2e ./source/nfc_pos_display.o
 .text._Z13touchedRegion25nfc_pos_touch_screen_type
                0x00001c4c      0x46a ./source/nfc_pos_display.o
                0x00001c4c                touchedRegion(nfc_pos_touch_screen_type)
 .text._Z12confirmationPc
                0x000020b6       0xa6 ./source/nfc_pos_display.o
                0x000020b6                confirmation(char*)
 .text._Z17transactionResultPcS_
                0x0000215c       0x86 ./source/nfc_pos_display.o
                0x0000215c                transactionResult(char*, char*)
 .text._Z14mobileDetectedPc
                0x000021e2       0xa6 ./source/nfc_pos_display.o
                0x000021e2                mobileDetected(char*)
 .text._Z10homeScreenv
                0x00002288       0x8a ./source/nfc_pos_display.o
                0x00002288                homeScreen()
 .text._Z11confirmSalePKc
                0x00002312       0xd8 ./source/nfc_pos_display.o
                0x00002312                confirmSale(char const*)
 .text._Z10cancelSalePKc
                0x000023ea      0x172 ./source/nfc_pos_display.o
                0x000023ea                cancelSale(char const*)
 .text._Z13getSaleAmountPKc
                0x0000255c      0x2dc ./source/nfc_pos_display.o
                0x0000255c                getSaleAmount(char const*)
 .text._Z14initialDisplayv
                0x00002838       0x2a ./source/nfc_pos_display.o
                0x00002838                initialDisplay()
 .text._Z12progmemPrintPKc
                0x00002862       0x20 ./source/nfc_pos_main.o
                0x00002862                progmemPrint(char const*)
 .text._Z14progmemPrintlnPKc
                0x00002882        0xe ./source/nfc_pos_main.o
                0x00002882                progmemPrintln(char const*)
 .text.setup    0x00002890       0x22 ./source/nfc_pos_main.o
                0x00002890                setup
 .text._Z11processMainv
                0x000028b2      0x388 ./source/nfc_pos_main.o
                0x000028b2                processMain()
 .text.loop     0x00002c3a        0x6 ./source/nfc_pos_main.o
                0x00002c3a                loop
 .text._GLOBAL__I_nfc
                0x00002c40        0xe ./source/nfc_pos_transaction.o
 .text._Z22nfc_pos_message_mobileiPci
                0x00002c4e      0x36e ./source/nfc_pos_transaction.o
                0x00002c4e                nfc_pos_message_mobile(int, char*, int)
 .text._Z25nfc_pos_mobile_peer_readyv
                0x00002fbc       0x6a ./source/nfc_pos_transaction.o
                0x00002fbc                nfc_pos_mobile_peer_ready()
 .text._Z27nfc_pos_transaction_handlerPcS_
                0x00003026      0x3b0 ./source/nfc_pos_transaction.o
                0x00003026                nfc_pos_transaction_handler(char*, char*)
 .text._Z23nfc_pos_configure_boardv
                0x000033d6       0xac ./source/nfc_pos_transaction.o
                0x000033d6                nfc_pos_configure_board()
 .text._ZN12Adafruit_GFX11constructorEii
                0x00003482       0x30 ./libraries/Adafruit_GFX.o
                0x00003482                Adafruit_GFX::constructor(int, int)
 .text._ZN12Adafruit_GFX16drawCircleHelperEiiihj
                0x000034b2      0x25a ./libraries/Adafruit_GFX.o
                0x000034b2                Adafruit_GFX::drawCircleHelper(int, int, int, unsigned char, unsigned int)
 .text._ZN12Adafruit_GFX16fillCircleHelperEiiihij
                0x0000370c      0x1c8 ./libraries/Adafruit_GFX.o
                0x0000370c                Adafruit_GFX::fillCircleHelper(int, int, int, unsigned char, int, unsigned int)
 .text._ZN12Adafruit_GFX8drawLineEiiiij
                0x000038d4      0x158 ./libraries/Adafruit_GFX.o
                0x000038d4                Adafruit_GFX::drawLine(int, int, int, int, unsigned int)
 .text._ZN12Adafruit_GFX8drawRectEiiiij
                0x00003a2c       0xa8 ./libraries/Adafruit_GFX.o
                0x00003a2c                Adafruit_GFX::drawRect(int, int, int, int, unsigned int)
 .text._ZN12Adafruit_GFX13drawRoundRectEiiiiij
                0x00003ad4      0x166 ./libraries/Adafruit_GFX.o
                0x00003ad4                Adafruit_GFX::drawRoundRect(int, int, int, int, int, unsigned int)
 .text._ZN12Adafruit_GFX13fillRoundRectEiiiiij
                0x00003c3a       0xf0 ./libraries/Adafruit_GFX.o
                0x00003c3a                Adafruit_GFX::fillRoundRect(int, int, int, int, int, unsigned int)
 .text._ZN12Adafruit_GFX8drawCharEiihjjh
                0x00003d2a      0x1d0 ./libraries/Adafruit_GFX.o
                0x00003d2a                Adafruit_GFX::drawChar(int, int, unsigned char, unsigned int, unsigned int, unsigned char)
 .text._ZN12Adafruit_GFX5writeEh
                0x00003efa       0xb8 ./libraries/Adafruit_GFX.o
                0x00003efa                Adafruit_GFX::write(unsigned char)
 .text._ZN12Adafruit_GFX9setCursorEii
                0x00003fb2        0xc ./libraries/Adafruit_GFX.o
                0x00003fb2                Adafruit_GFX::setCursor(int, int)
 .text._ZN12Adafruit_GFX11setTextSizeEh
                0x00003fbe        0xc ./libraries/Adafruit_GFX.o
                0x00003fbe                Adafruit_GFX::setTextSize(unsigned char)
 .text._ZN12Adafruit_GFX12setTextColorEj
                0x00003fca        0xc ./libraries/Adafruit_GFX.o
                0x00003fca                Adafruit_GFX::setTextColor(unsigned int)
 .text._ZN12Adafruit_GFX11setRotationEh
                0x00003fd6       0x3c ./libraries/Adafruit_GFX.o
                0x00003fd6                Adafruit_GFX::setRotation(unsigned char)
 .text._ZN12Adafruit_GFX13invertDisplayEh
                0x00004012        0x2 ./libraries/Adafruit_GFX.o
                0x00004012                Adafruit_GFX::invertDisplay(unsigned char)
 .text._ZN12Adafruit_GFX5widthEv
                0x00004014        0x8 ./libraries/Adafruit_GFX.o
                0x00004014                Adafruit_GFX::width()
 .text._ZN12Adafruit_GFX6heightEv
                0x0000401c        0x8 ./libraries/Adafruit_GFX.o
                0x0000401c                Adafruit_GFX::height()
 .text._ZL8wiresendh
                0x00004024        0xc ./libraries/Adafruit_NFCShield_I2C.o
 .text._ZN22Adafruit_NFCShield_I2C15wiresendcommandEPhh
                0x00004030       0xaa ./libraries/Adafruit_NFCShield_I2C.o
                0x00004030                Adafruit_NFCShield_I2C::wiresendcommand(unsigned char*, unsigned char)
 .text._ZN22Adafruit_NFCShield_I2C12wirereaddataEPhh
                0x000040da       0x76 ./libraries/Adafruit_NFCShield_I2C.o
                0x000040da                Adafruit_NFCShield_I2C::wirereaddata(unsigned char*, unsigned char)
 .text._ZN22Adafruit_NFCShield_I2C14wirereadstatusEv
                0x00004150       0x14 ./libraries/Adafruit_NFCShield_I2C.o
                0x00004150                Adafruit_NFCShield_I2C::wirereadstatus()
 .text._ZN22Adafruit_NFCShield_I2C14waitUntilReadyEj
                0x00004164       0x4c ./libraries/Adafruit_NFCShield_I2C.o
                0x00004164                Adafruit_NFCShield_I2C::waitUntilReady(unsigned int)
 .text._ZN22Adafruit_NFCShield_I2C12readackframeEv
                0x000041b0       0x4e ./libraries/Adafruit_NFCShield_I2C.o
                0x000041b0                Adafruit_NFCShield_I2C::readackframe()
 .text._ZN22Adafruit_NFCShield_I2C19sendCommandCheckAckEPhhj
                0x000041fe       0x5a ./libraries/Adafruit_NFCShield_I2C.o
                0x000041fe                Adafruit_NFCShield_I2C::sendCommandCheckAck(unsigned char*, unsigned char, unsigned int)
 .text._ZN22Adafruit_NFCShield_I2C19inListPassiveTargetEv
                0x00004258       0xd0 ./libraries/Adafruit_NFCShield_I2C.o
                0x00004258                Adafruit_NFCShield_I2C::inListPassiveTarget()
 .text._ZN22Adafruit_NFCShield_I2C14inDataExchangeEPhhS0_S0_
                0x00004328      0x128 ./libraries/Adafruit_NFCShield_I2C.o
                0x00004328                Adafruit_NFCShield_I2C::inDataExchange(unsigned char*, unsigned char, unsigned char*, unsigned char*)
 .text._ZN22Adafruit_NFCShield_I2C9SAMConfigEv
                0x00004450       0x52 ./libraries/Adafruit_NFCShield_I2C.o
                0x00004450                Adafruit_NFCShield_I2C::SAMConfig()
 .text._ZN22Adafruit_NFCShield_I2C18getFirmwareVersionEv
                0x000044a2       0xac ./libraries/Adafruit_NFCShield_I2C.o
                0x000044a2                Adafruit_NFCShield_I2C::getFirmwareVersion()
 .text._ZN22Adafruit_NFCShield_I2C5beginEv
                0x0000454e       0x3e ./libraries/Adafruit_NFCShield_I2C.o
                0x0000454e                Adafruit_NFCShield_I2C::begin()
 .text._ZN22Adafruit_NFCShield_I2CC1Ehh
                0x0000458c       0x24 ./libraries/Adafruit_NFCShield_I2C.o
                0x0000458c                Adafruit_NFCShield_I2C::Adafruit_NFCShield_I2C(unsigned char, unsigned char)
 .text._ZN15Adafruit_TFTLCD5floodEjm
                0x000045b0      0x1c6 ./libraries/Adafruit_TFTLCD.o
                0x000045b0                Adafruit_TFTLCD::flood(unsigned int, unsigned long)
 .text._ZN15Adafruit_TFTLCD5read8Ev
                0x00004776       0x10 ./libraries/Adafruit_TFTLCD.o
                0x00004776                Adafruit_TFTLCD::read8()
 .text._ZN15Adafruit_TFTLCD14writeRegister8Ehh
                0x00004786       0x3a ./libraries/Adafruit_TFTLCD.o
                0x00004786                Adafruit_TFTLCD::writeRegister8(unsigned char, unsigned char)
 .text._ZN15Adafruit_TFTLCD15writeRegister16Ejj
                0x000047c0       0x6e ./libraries/Adafruit_TFTLCD.o
                0x000047c0                Adafruit_TFTLCD::writeRegister16(unsigned int, unsigned int)
 .text._ZN15Adafruit_TFTLCD17writeRegisterPairEhhj
                0x0000482e       0x72 ./libraries/Adafruit_TFTLCD.o
                0x0000482e                Adafruit_TFTLCD::writeRegisterPair(unsigned char, unsigned char, unsigned int)
 .text._ZN15Adafruit_TFTLCD9drawPixelEiij
                0x000048a0      0x14e ./libraries/Adafruit_TFTLCD.o
                0x000048a0                Adafruit_TFTLCD::drawPixel(int, int, unsigned int)
 .text._ZN15Adafruit_TFTLCD5setLREv
                0x000049ee       0x36 ./libraries/Adafruit_TFTLCD.o
                0x000049ee                Adafruit_TFTLCD::setLR()
 .text._ZN15Adafruit_TFTLCD13setAddrWindowEiiii
                0x00004a24      0x142 ./libraries/Adafruit_TFTLCD.o
                0x00004a24                Adafruit_TFTLCD::setAddrWindow(int, int, int, int)
 .text._ZN15Adafruit_TFTLCD10fillScreenEj
                0x00004b66       0x9c ./libraries/Adafruit_TFTLCD.o
                0x00004b66                Adafruit_TFTLCD::fillScreen(unsigned int)
 .text._ZN15Adafruit_TFTLCD8fillRectEiiiij
                0x00004c02      0x118 ./libraries/Adafruit_TFTLCD.o
                0x00004c02                Adafruit_TFTLCD::fillRect(int, int, int, int, unsigned int)
 .text._ZN15Adafruit_TFTLCD13drawFastVLineEiiij
                0x00004d1a       0xc2 ./libraries/Adafruit_TFTLCD.o
                0x00004d1a                Adafruit_TFTLCD::drawFastVLine(int, int, int, unsigned int)
 .text._ZN15Adafruit_TFTLCD13drawFastHLineEiiij
                0x00004ddc       0xc4 ./libraries/Adafruit_TFTLCD.o
                0x00004ddc                Adafruit_TFTLCD::drawFastHLine(int, int, int, unsigned int)
 .text._ZN15Adafruit_TFTLCD6readIDEv
                0x00004ea0       0x7e ./libraries/Adafruit_TFTLCD.o
                0x00004ea0                Adafruit_TFTLCD::readID()
 .text._ZN15Adafruit_TFTLCD11setRotationEh
                0x00004f1e       0x9c ./libraries/Adafruit_TFTLCD.o
                0x00004f1e                Adafruit_TFTLCD::setRotation(unsigned char)
 .text._ZN15Adafruit_TFTLCD5resetEv
                0x00004fba       0x54 ./libraries/Adafruit_TFTLCD.o
                0x00004fba                Adafruit_TFTLCD::reset()
 .text._ZN15Adafruit_TFTLCD5beginEj
                0x0000500e       0xf4 ./libraries/Adafruit_TFTLCD.o
                0x0000500e                Adafruit_TFTLCD::begin(unsigned int)
 .text._ZN15Adafruit_TFTLCD4initEv
                0x00005102       0x78 ./libraries/Adafruit_TFTLCD.o
                0x00005102                Adafruit_TFTLCD::init()
 .text._ZN15Adafruit_TFTLCDC1Ev
                0x0000517a       0x16 ./libraries/Adafruit_TFTLCD.o
                0x0000517a                Adafruit_TFTLCD::Adafruit_TFTLCD()
 .text._ZN5PointC1Ev
                0x00005190        0xc ./libraries/TouchScreen.o
                0x00005190                Point::Point()
 .text._ZN11TouchScreenC1Ehhhhj
                0x0000519c       0x24 ./libraries/TouchScreen.o
                0x0000519c                TouchScreen::TouchScreen(unsigned char, unsigned char, unsigned char, unsigned char, unsigned int)
 .text._ZN11TouchScreen8getPointEv
                0x000051c0      0x326 ./libraries/TouchScreen.o
                0x000051c0                TouchScreen::getPoint()
 .text._ZN7TwoWire17beginTransmissionEi
                0x000054e6       0x14 ./libraries/Wire.o
                0x000054e6                TwoWire::beginTransmission(int)
 .text._ZN7TwoWire9availableEv
                0x000054fa       0x12 ./libraries/Wire.o
                0x000054fa                TwoWire::available()
 .text._ZN7TwoWire4readEv
                0x0000550c       0x2a ./libraries/Wire.o
                0x0000550c                TwoWire::read()
 .text._ZN7TwoWire4peekEv
                0x00005536       0x22 ./libraries/Wire.o
                0x00005536                TwoWire::peek()
 .text._ZN7TwoWire5flushEv
                0x00005558        0x2 ./libraries/Wire.o
                0x00005558                TwoWire::flush()
 .text._GLOBAL__I__ZN7TwoWire8rxBufferE
                0x0000555a       0x2e ./libraries/Wire.o
 .text._ZN7TwoWire5writeEPKhj
                0x00005588       0x62 ./libraries/Wire.o
                0x00005588                TwoWire::write(unsigned char const*, unsigned int)
 .text._ZN7TwoWire5writeEh
                0x000055ea       0x60 ./libraries/Wire.o
                0x000055ea                TwoWire::write(unsigned char)
 .text._ZN7TwoWire15endTransmissionEh
                0x0000564a       0x26 ./libraries/Wire.o
                0x0000564a                TwoWire::endTransmission(unsigned char)
 .text._ZN7TwoWire15endTransmissionEv
                0x00005670        0x8 ./libraries/Wire.o
                0x00005670                TwoWire::endTransmission()
 .text._ZN7TwoWire11requestFromEhhh
                0x00005678       0x1a ./libraries/Wire.o
                0x00005678                TwoWire::requestFrom(unsigned char, unsigned char, unsigned char)
 .text._ZN7TwoWire11requestFromEhh
                0x00005692        0x8 ./libraries/Wire.o
                0x00005692                TwoWire::requestFrom(unsigned char, unsigned char)
 .text._ZN7TwoWire5beginEv
                0x0000569a       0x16 ./libraries/Wire.o
                0x0000569a                TwoWire::begin()
 .text.twi_readFrom
                0x000056b0       0x92 ./libraries/twi.o
                0x000056b0                twi_readFrom
 .text.twi_writeTo
                0x00005742       0xaa ./libraries/twi.o
                0x00005742                twi_writeTo
 .text.twi_transmit
                0x000057ec       0x36 ./libraries/twi.o
                0x000057ec                twi_transmit
 .text.__vector_24
                0x00005822      0x322 ./libraries/twi.o
                0x00005822                __vector_24
 .text.twi_init
                0x00005b44       0x3c ./libraries/twi.o
                0x00005b44                twi_init
 .text.avr-libc.fplib
                0x00005b80        0xa d:/winavr-20100110/bin/../lib/gcc/avr/4.3.3/../../../../avr/lib/avr5\libm.a(addsf3.o)
                0x00005b80                __subsf3
                0x00005b82                __addsf3
 .text.avr-libc.fplib
                0x00005b8a       0xc0 d:/winavr-20100110/bin/../lib/gcc/avr/4.3.3/../../../../avr/lib/avr5\libm.a(addsf3x.o)
                0x00005ba4                __addsf3x
 .text.avr-libc.fplib
                0x00005c4a        0x4 d:/winavr-20100110/bin/../lib/gcc/avr/4.3.3/../../../../avr/lib/avr5\libm.a(divsf3.o)
                0x00005c4a                __divsf3
 .text.avr-libc.fplib
                0x00005c4e       0xcc d:/winavr-20100110/bin/../lib/gcc/avr/4.3.3/../../../../avr/lib/avr5\libm.a(divsf3x.o)
                0x00005c64                __divsf3x
                0x00005c68                __divsf3_pse
 .text.avr-libc.fplib
                0x00005d1a        0xa d:/winavr-20100110/bin/../lib/gcc/avr/4.3.3/../../../../avr/lib/avr5\libm.a(fixsfsi.o)
                0x00005d1a                __fixsfsi
 .text.avr-libc.fplib
                0x00005d24       0x58 d:/winavr-20100110/bin/../lib/gcc/avr/4.3.3/../../../../avr/lib/avr5\libm.a(fixunssfsi.o)
                0x00005d24                __fixunssfsi
 .text.avr-libc.fplib
                0x00005d7c       0x7a d:/winavr-20100110/bin/../lib/gcc/avr/4.3.3/../../../../avr/lib/avr5\libm.a(floatsisf.o)
                0x00005d80                __floatsisf
                0x00005d7c                __floatunsisf
 .text.avr-libc.fplib
                0x00005df6        0xc d:/winavr-20100110/bin/../lib/gcc/avr/4.3.3/../../../../avr/lib/avr5\libm.a(fp_inf.o)
                0x00005df6                __fp_inf
 .text.avr-libc.fplib
                0x00005e02        0x6 d:/winavr-20100110/bin/../lib/gcc/avr/4.3.3/../../../../avr/lib/avr5\libm.a(fp_nan.o)
                0x00005e02                __fp_nan
 .text.avr-libc.fplib
                0x00005e08        0xe d:/winavr-20100110/bin/../lib/gcc/avr/4.3.3/../../../../avr/lib/avr5\libm.a(fp_pscA.o)
                0x00005e08                __fp_pscA
 .text.avr-libc.fplib
                0x00005e16        0xe d:/winavr-20100110/bin/../lib/gcc/avr/4.3.3/../../../../avr/lib/avr5\libm.a(fp_pscB.o)
                0x00005e16                __fp_pscB
 .text.avr-libc.fplib
                0x00005e24       0x22 d:/winavr-20100110/bin/../lib/gcc/avr/4.3.3/../../../../avr/lib/avr5\libm.a(fp_round.o)
                0x00005e24                __fp_round
 .text.avr-libc.fplib
                0x00005e46       0x44 d:/winavr-20100110/bin/../lib/gcc/avr/4.3.3/../../../../avr/lib/avr5\libm.a(fp_split3.o)
                0x00005e46                __fp_split3
                0x00005e56                __fp_splitA
 .text.avr-libc.fplib
                0x00005e8a        0xe d:/winavr-20100110/bin/../lib/gcc/avr/4.3.3/../../../../avr/lib/avr5\libm.a(fp_zero.o)
                0x00005e8a                __fp_zero
                0x00005e8c                __fp_szero
 .text.avr-libc.fplib
                0x00005e98        0x4 d:/winavr-20100110/bin/../lib/gcc/avr/4.3.3/../../../../avr/lib/avr5\libm.a(mulsf3.o)
                0x00005e98                __mulsf3
 .text.avr-libc.fplib
                0x00005e9c       0xc2 d:/winavr-20100110/bin/../lib/gcc/avr/4.3.3/../../../../avr/lib/avr5\libm.a(mulsf3x.o)
                0x00005eb4                __mulsf3_pse
                0x00005eb0                __mulsf3x
 .text.libgcc   0x00005f5e       0x3e d:/winavr-20100110/bin/../lib/gcc/avr/4.3.3/avr5\libgcc.a(_mulsi3.o)
                0x00005f5e                __mulsi3
 .text.libgcc   0x00005f9c       0x26 d:/winavr-20100110/bin/../lib/gcc/avr/4.3.3/avr5\libgcc.a(_divmodhi4.o)
                0x00005f9c                __divmodhi4
                0x00005f9c                _div
 .text.libgcc   0x00005fc2       0x44 d:/winavr-20100110/bin/../lib/gcc/avr/4.3.3/avr5\libgcc.a(_udivmodsi4.o)
                0x00005fc2                __udivmodsi4
 .text.libgcc   0x00006006       0x36 d:/winavr-20100110/bin/../lib/gcc/avr/4.3.3/avr5\libgcc.a(_divmodsi4.o)
                0x00006006                __divmodsi4
 .text.libgcc   0x0000603c       0x28 d:/winavr-20100110/bin/../lib/gcc/avr/4.3.3/avr5\libgcc.a(_udivmodhi4.o)
                0x0000603c                __udivmodhi4
 .text.libgcc   0x00006064        0xc d:/winavr-20100110/bin/../lib/gcc/avr/4.3.3/avr5\libgcc.a(_tablejump.o)
                0x00006068                __tablejump__
                0x00006064                __tablejump2__
 .text.avr-libc
                0x00006070       0x3c d:/winavr-20100110/bin/../lib/gcc/avr/4.3.3/../../../../avr/lib/avr5\libc.a(atoi.o)
                0x00006070                atoi
 .text.avr-libc
                0x000060ac       0x3e d:/winavr-20100110/bin/../lib/gcc/avr/4.3.3/../../../../avr/lib/avr5\libc.a(strlcat.o)
                0x000060ac                strlcat
 .text.avr-libc
                0x000060ea       0x1c d:/winavr-20100110/bin/../lib/gcc/avr/4.3.3/../../../../avr/lib/avr5\libc.a(strncmp.o)
                0x000060ea                strncmp
 .text.avr-libc
                0x00006106       0x10 d:/winavr-20100110/bin/../lib/gcc/avr/4.3.3/../../../../avr/lib/avr5\libc.a(mul10.o)
                0x00006106                __mulhi_const_10
 .text.avr-libc
                0x00006116       0x48 d:/winavr-20100110/bin/../lib/gcc/avr/4.3.3/../../../../avr/lib/avr5\libc.a(sprintf.o)
                0x00006116                sprintf
 .text.avr-libc
                0x0000615e      0x3ba d:/winavr-20100110/bin/../lib/gcc/avr/4.3.3/../../../../avr/lib/avr5\libc.a(vfprintf_std.o)
                0x0000615e                vfprintf
 .text.avr-libc
                0x00006518       0x16 d:/winavr-20100110/bin/../lib/gcc/avr/4.3.3/../../../../avr/lib/avr5\libc.a(strnlen_P.o)
                0x00006518                strnlen_P
 .text.avr-libc
                0x0000652e       0x16 d:/winavr-20100110/bin/../lib/gcc/avr/4.3.3/../../../../avr/lib/avr5\libc.a(strnlen.o)
                0x0000652e                strnlen
 .text.avr-libc
                0x00006544       0x58 d:/winavr-20100110/bin/../lib/gcc/avr/4.3.3/../../../../avr/lib/avr5\libc.a(fputc.o)
                0x00006544                fputc
 .text.avr-libc
                0x0000659c       0xbc d:/winavr-20100110/bin/../lib/gcc/avr/4.3.3/../../../../avr/lib/avr5\libc.a(ultoa_invert.o)
                0x0000659c                __ultoa_invert
 .text.libgcc   0x00006658       0x38 d:/winavr-20100110/bin/../lib/gcc/avr/4.3.3/avr5\libgcc.a(_prologue.o)
                0x00006658                __prologue_saves__
 .text.libgcc   0x00006690       0x36 d:/winavr-20100110/bin/../lib/gcc/avr/4.3.3/avr5\libgcc.a(_epilogue.o)
                0x00006690                __epilogue_restores__
                0x000066c6                . = ALIGN (0x2)
 *(.fini9)
 .fini9         0x000066c6        0x0 d:/winavr-20100110/bin/../lib/gcc/avr/4.3.3/avr5\libgcc.a(_exit.o)
                0x000066c6                exit
                0x000066c6                _exit
 *(.fini9)
 *(.fini8)
 *(.fini8)
 *(.fini7)
 *(.fini7)
 *(.fini6)
 *(.fini6)
 *(.fini5)
 *(.fini5)
 *(.fini4)
 *(.fini4)
 *(.fini3)
 *(.fini3)
 *(.fini2)
 *(.fini2)
 *(.fini1)
 *(.fini1)
 *(.fini0)
 .fini0         0x000066c6        0x4 d:/winavr-20100110/bin/../lib/gcc/avr/4.3.3/avr5\libgcc.a(_exit.o)
 *(.fini0)
                0x000066ca                _etext = .

.data           0x00800100      0x35e load address 0x000066ca
                0x00800100                PROVIDE (__data_start, .)
 *(.data)
 .data          0x00800100      0x1b3 ./source/nfc_pos_display.o
 .data          0x008002b3       0x1f ./source/nfc_pos_main.o
 .data          0x008002d2       0xd7 ./source/nfc_pos_transaction.o
 .data          0x008003a9       0x6c ./libraries/Adafruit_NFCShield_I2C.o
 *(.data*)
 .data._ZL9tone_pins
                0x00800415        0x1 ./src/Tone.o
 .data.analog_reference
                0x00800416        0x1 ./src/wiring_analog.o
                0x00800416                analog_reference
 .data.accountNum
                0x00800417        0x2 ./source/nfc_pos_main.o
                0x00800417                accountNum
 .data.pn532ack
                0x00800419        0x6 ./libraries/Adafruit_NFCShield_I2C.o
                0x00800419                pn532ack
 .data.pn532response_firmwarevers
                0x0080041f        0x6 ./libraries/Adafruit_NFCShield_I2C.o
                0x0080041f                pn532response_firmwarevers
 *(.rodata)
 *(.rodata*)
 .rodata._ZTV14HardwareSerial
                0x00800425       0x10 ./src/HardwareSerial.o
                0x00800425                vtable for HardwareSerial
 .rodata._ZTV15Adafruit_TFTLCD
                0x00800435       0x18 ./libraries/Adafruit_TFTLCD.o
                0x00800435                vtable for Adafruit_TFTLCD
 .rodata._ZTV7TwoWire
                0x0080044d       0x10 ./libraries/Wire.o
                0x0080044d                vtable for TwoWire
 *(.gnu.linkonce.d*)
                0x0080045e                . = ALIGN (0x2)
 *fill*         0x0080045d        0x1 00
                0x0080045e                _edata = .
                0x0080045e                PROVIDE (__data_end, .)

.bss            0x0080045e      0x200
                0x0080045e                PROVIDE (__bss_start, .)
 *(.bss)
 *(.bss*)
 .bss.rx_buffer
                0x0080045e       0x44 ./src/HardwareSerial.o
                0x0080045e                rx_buffer
 .bss.tx_buffer
                0x008004a2       0x44 ./src/HardwareSerial.o
                0x008004a2                tx_buffer
 .bss.Serial    0x008004e6       0x22 ./src/HardwareSerial.o
                0x008004e6                Serial
 .bss.timer2_toggle_count
                0x00800508        0x4 ./src/Tone.o
                0x00800508                timer2_toggle_count
 .bss.timer2_pin_port
                0x0080050c        0x2 ./src/Tone.o
                0x0080050c                timer2_pin_port
 .bss.timer2_pin_mask
                0x0080050e        0x1 ./src/Tone.o
                0x0080050e                timer2_pin_mask
 .bss.intFunc   0x0080050f        0x4 ./src/WInterrupts.o
 .bss.timer0_overflow_count
                0x00800513        0x4 ./src/wiring.o
                0x00800513                timer0_overflow_count
 .bss.timer0_millis
                0x00800517        0x4 ./src/wiring.o
                0x00800517                timer0_millis
 .bss.timer0_fract
                0x0080051b        0x1 ./src/wiring.o
 .bss.tft       0x0080051c       0x18 ./source/nfc_pos_display.o
                0x0080051c                tft
 .bss.touchScreen
                0x00800534        0x8 ./source/nfc_pos_display.o
                0x00800534                touchScreen
 .bss.state     0x0080053c        0x2 ./source/nfc_pos_main.o
                0x0080053c                state
 .bss.saleAmount
                0x0080053e        0xd ./source/nfc_pos_main.o
                0x0080053e                saleAmount
 .bss.pointEntered
                0x0080054b        0x1 ./source/nfc_pos_main.o
                0x0080054b                pointEntered
 .bss.selected  0x0080054c        0x1 ./source/nfc_pos_main.o
                0x0080054c                selected
 .bss.nfc       0x0080054d       0x11 ./source/nfc_pos_transaction.o
                0x0080054d                nfc
 .bss.pn532_packetbuffer
                0x0080055e       0x40 ./libraries/Adafruit_NFCShield_I2C.o
                0x0080055e                pn532_packetbuffer
 .bss._ZN7TwoWire8rxBufferE
                0x0080059e       0x20 ./libraries/Wire.o
                0x0080059e                TwoWire::rxBuffer
 .bss._ZN7TwoWire13rxBufferIndexE
                0x008005be        0x1 ./libraries/Wire.o
                0x008005be                TwoWire::rxBufferIndex
 .bss._ZN7TwoWire14rxBufferLengthE
                0x008005bf        0x1 ./libraries/Wire.o
                0x008005bf                TwoWire::rxBufferLength
 .bss._ZN7TwoWire9txAddressE
                0x008005c0        0x1 ./libraries/Wire.o
                0x008005c0                TwoWire::txAddress
 .bss._ZN7TwoWire8txBufferE
                0x008005c1       0x20 ./libraries/Wire.o
                0x008005c1                TwoWire::txBuffer
 .bss._ZN7TwoWire13txBufferIndexE
                0x008005e1        0x1 ./libraries/Wire.o
                0x008005e1                TwoWire::txBufferIndex
 .bss._ZN7TwoWire14txBufferLengthE
                0x008005e2        0x1 ./libraries/Wire.o
                0x008005e2                TwoWire::txBufferLength
 .bss._ZN7TwoWire12transmittingE
                0x008005e3        0x1 ./libraries/Wire.o
                0x008005e3                TwoWire::transmitting
 .bss.Wire      0x008005e4        0xc ./libraries/Wire.o
                0x008005e4                Wire
 .bss.twi_state
                0x008005f0        0x1 ./libraries/twi.o
 .bss.twi_slarw
                0x008005f1        0x1 ./libraries/twi.o
 .bss.twi_sendStop
                0x008005f2        0x1 ./libraries/twi.o
 .bss.twi_inRepStart
                0x008005f3        0x1 ./libraries/twi.o
 .bss.twi_onSlaveTransmit
                0x008005f4        0x2 ./libraries/twi.o
 .bss.twi_onSlaveReceive
                0x008005f6        0x2 ./libraries/twi.o
 .bss.twi_masterBuffer
                0x008005f8       0x20 ./libraries/twi.o
 .bss.twi_masterBufferIndex
                0x00800618        0x1 ./libraries/twi.o
 .bss.twi_masterBufferLength
                0x00800619        0x1 ./libraries/twi.o
 .bss.twi_txBuffer
                0x0080061a       0x20 ./libraries/twi.o
 .bss.twi_txBufferIndex
                0x0080063a        0x1 ./libraries/twi.o
 .bss.twi_txBufferLength
                0x0080063b        0x1 ./libraries/twi.o
 .bss.twi_rxBuffer
                0x0080063c       0x20 ./libraries/twi.o
 .bss.twi_rxBufferIndex
                0x0080065c        0x1 ./libraries/twi.o
 .bss.twi_error
                0x0080065d        0x1 ./libraries/twi.o
 *(COMMON)
                0x0080065e                PROVIDE (__bss_end, .)
                0x000066ca                __data_load_start = LOADADDR (.data)
                0x00006a28                __data_load_end = (__data_load_start + SIZEOF (.data))

.noinit         0x0080065e        0x0
                0x0080065e                PROVIDE (__noinit_start, .)
 *(.noinit*)
                0x0080065e                PROVIDE (__noinit_end, .)
                0x0080065e                _end = .
                0x0080065e                PROVIDE (__heap_start, .)

.eeprom         0x00810000        0x0
 *(.eeprom*)
                0x00810000                __eeprom_end = .

.fuse
 *(.fuse)
 *(.lfuse)
 *(.hfuse)
 *(.efuse)

.lock
 *(.lock*)

.signature
 *(.signature*)

.stab
 *(.stab)

.stabstr
 *(.stabstr)

.stab.excl
 *(.stab.excl)

.stab.exclstr
 *(.stab.exclstr)

.stab.index
 *(.stab.index)

.stab.indexstr
 *(.stab.indexstr)

.comment
 *(.comment)

.debug
 *(.debug)

.line
 *(.line)

.debug_srcinfo
 *(.debug_srcinfo)

.debug_sfnames
 *(.debug_sfnames)

.debug_aranges
 *(.debug_aranges)

.debug_pubnames
 *(.debug_pubnames)

.debug_info
 *(.debug_info)
 *(.gnu.linkonce.wi.*)

.debug_abbrev
 *(.debug_abbrev)

.debug_line
 *(.debug_line)

.debug_frame
 *(.debug_frame)

.debug_str
 *(.debug_str)

.debug_loc
 *(.debug_loc)

.debug_macinfo
 *(.debug_macinfo)
OUTPUT(nfc_pos.elf elf32-avr)
LOAD linker stubs

Cross Reference Table

Symbol                                            File
Adafruit_GFX::constructor(int, int)               ./libraries/Adafruit_GFX.o
                                                  ./libraries/Adafruit_TFTLCD.o
Adafruit_GFX::drawBitmap(int, int, unsigned char const*, int, int, unsigned int) ./libraries/Adafruit_GFX.o
Adafruit_GFX::drawChar(int, int, unsigned char, unsigned int, unsigned int, unsigned char) ./libraries/Adafruit_GFX.o
Adafruit_GFX::drawCircle(int, int, int, unsigned int) ./libraries/Adafruit_GFX.o
Adafruit_GFX::drawCircleHelper(int, int, int, unsigned char, unsigned int) ./libraries/Adafruit_GFX.o
Adafruit_GFX::drawFastHLine(int, int, int, unsigned int) ./libraries/Adafruit_GFX.o
Adafruit_GFX::drawFastVLine(int, int, int, unsigned int) ./libraries/Adafruit_GFX.o
Adafruit_GFX::drawLine(int, int, int, int, unsigned int) ./libraries/Adafruit_GFX.o
                                                  ./libraries/Adafruit_TFTLCD.o
Adafruit_GFX::drawRect(int, int, int, int, unsigned int) ./libraries/Adafruit_GFX.o
                                                  ./libraries/Adafruit_TFTLCD.o
Adafruit_GFX::drawRoundRect(int, int, int, int, int, unsigned int) ./libraries/Adafruit_GFX.o
                                                  ./source/nfc_pos_display.o
Adafruit_GFX::drawTriangle(int, int, int, int, int, int, unsigned int) ./libraries/Adafruit_GFX.o
Adafruit_GFX::fillCircle(int, int, int, unsigned int) ./libraries/Adafruit_GFX.o
Adafruit_GFX::fillCircleHelper(int, int, int, unsigned char, int, unsigned int) ./libraries/Adafruit_GFX.o
Adafruit_GFX::fillRect(int, int, int, int, unsigned int) ./libraries/Adafruit_GFX.o
Adafruit_GFX::fillRoundRect(int, int, int, int, int, unsigned int) ./libraries/Adafruit_GFX.o
                                                  ./source/nfc_pos_display.o
Adafruit_GFX::fillScreen(unsigned int)            ./libraries/Adafruit_GFX.o
Adafruit_GFX::fillTriangle(int, int, int, int, int, int, unsigned int) ./libraries/Adafruit_GFX.o
Adafruit_GFX::getRotation()                       ./libraries/Adafruit_GFX.o
Adafruit_GFX::height()                            ./libraries/Adafruit_GFX.o
                                                  ./source/nfc_pos_display.o
Adafruit_GFX::invertDisplay(unsigned char)        ./libraries/Adafruit_GFX.o
                                                  ./libraries/Adafruit_TFTLCD.o
Adafruit_GFX::setCursor(int, int)                 ./libraries/Adafruit_GFX.o
                                                  ./source/nfc_pos_display.o
Adafruit_GFX::setRotation(unsigned char)          ./libraries/Adafruit_GFX.o
                                                  ./libraries/Adafruit_TFTLCD.o
Adafruit_GFX::setTextColor(unsigned int)          ./libraries/Adafruit_GFX.o
                                                  ./source/nfc_pos_display.o
Adafruit_GFX::setTextColor(unsigned int, unsigned int) ./libraries/Adafruit_GFX.o
Adafruit_GFX::setTextSize(unsigned char)          ./libraries/Adafruit_GFX.o
                                                  ./source/nfc_pos_display.o
Adafruit_GFX::setTextWrap(unsigned char)          ./libraries/Adafruit_GFX.o
Adafruit_GFX::width()                             ./libraries/Adafruit_GFX.o
                                                  ./source/nfc_pos_display.o
Adafruit_GFX::write(unsigned char)                ./libraries/Adafruit_GFX.o
                                                  ./libraries/Adafruit_TFTLCD.o
Adafruit_NFCShield_I2C::Adafruit_NFCShield_I2C(unsigned char, unsigned char) ./libraries/Adafruit_NFCShield_I2C.o
Adafruit_NFCShield_I2C::Adafruit_NFCShield_I2C(unsigned char, unsigned char) ./libraries/Adafruit_NFCShield_I2C.o
                                                  ./source/nfc_pos_transaction.o
Adafruit_NFCShield_I2C::PrintHex(unsigned char const*, unsigned long) ./libraries/Adafruit_NFCShield_I2C.o
Adafruit_NFCShield_I2C::PrintHexChar(unsigned char const*, unsigned long) ./libraries/Adafruit_NFCShield_I2C.o
Adafruit_NFCShield_I2C::SAMConfig()               ./libraries/Adafruit_NFCShield_I2C.o
                                                  ./source/nfc_pos_transaction.o
Adafruit_NFCShield_I2C::begin()                   ./libraries/Adafruit_NFCShield_I2C.o
                                                  ./source/nfc_pos_transaction.o
Adafruit_NFCShield_I2C::getFirmwareVersion()      ./libraries/Adafruit_NFCShield_I2C.o
                                                  ./source/nfc_pos_transaction.o
Adafruit_NFCShield_I2C::inDataExchange(unsigned char*, unsigned char, unsigned char*, unsigned char*) ./libraries/Adafruit_NFCShield_I2C.o
                                                  ./source/nfc_pos_transaction.o
Adafruit_NFCShield_I2C::inListPassiveTarget()     ./libraries/Adafruit_NFCShield_I2C.o
                                                  ./source/nfc_pos_transaction.o
Adafruit_NFCShield_I2C::mifareclassic_AuthenticateBlock(unsigned char*, unsigned char, unsigned long, unsigned char, unsigned char*) ./libraries/Adafruit_NFCShield_I2C.o
Adafruit_NFCShield_I2C::mifareclassic_FormatNDEF() ./libraries/Adafruit_NFCShield_I2C.o
Adafruit_NFCShield_I2C::mifareclassic_IsFirstBlock(unsigned long) ./libraries/Adafruit_NFCShield_I2C.o
Adafruit_NFCShield_I2C::mifareclassic_IsTrailerBlock(unsigned long) ./libraries/Adafruit_NFCShield_I2C.o
Adafruit_NFCShield_I2C::mifareclassic_ReadDataBlock(unsigned char, unsigned char*) ./libraries/Adafruit_NFCShield_I2C.o
Adafruit_NFCShield_I2C::mifareclassic_WriteDataBlock(unsigned char, unsigned char*) ./libraries/Adafruit_NFCShield_I2C.o
Adafruit_NFCShield_I2C::mifareclassic_WriteNDEFURI(unsigned char, unsigned char, char const*) ./libraries/Adafruit_NFCShield_I2C.o
Adafruit_NFCShield_I2C::mifareultralight_ReadPage(unsigned char, unsigned char*) ./libraries/Adafruit_NFCShield_I2C.o
Adafruit_NFCShield_I2C::readGPIO()                ./libraries/Adafruit_NFCShield_I2C.o
Adafruit_NFCShield_I2C::readPassiveTargetID(unsigned char, unsigned char*, unsigned char*) ./libraries/Adafruit_NFCShield_I2C.o
Adafruit_NFCShield_I2C::readackframe()            ./libraries/Adafruit_NFCShield_I2C.o
Adafruit_NFCShield_I2C::sendCommandCheckAck(unsigned char*, unsigned char, unsigned int) ./libraries/Adafruit_NFCShield_I2C.o
Adafruit_NFCShield_I2C::setPassiveActivationRetries(unsigned char) ./libraries/Adafruit_NFCShield_I2C.o
Adafruit_NFCShield_I2C::waitUntilReady(unsigned int) ./libraries/Adafruit_NFCShield_I2C.o
Adafruit_NFCShield_I2C::wirereaddata(unsigned char*, unsigned char) ./libraries/Adafruit_NFCShield_I2C.o
Adafruit_NFCShield_I2C::wirereadstatus()          ./libraries/Adafruit_NFCShield_I2C.o
Adafruit_NFCShield_I2C::wiresendcommand(unsigned char*, unsigned char) ./libraries/Adafruit_NFCShield_I2C.o
Adafruit_NFCShield_I2C::writeGPIO(unsigned char)  ./libraries/Adafruit_NFCShield_I2C.o
Adafruit_TFTLCD::Adafruit_TFTLCD()                ./libraries/Adafruit_TFTLCD.o
                                                  ./source/nfc_pos_display.o
Adafruit_TFTLCD::Adafruit_TFTLCD()                ./libraries/Adafruit_TFTLCD.o
Adafruit_TFTLCD::Adafruit_TFTLCD(unsigned char, unsigned char, unsigned char, unsigned char, unsigned char) ./libraries/Adafruit_TFTLCD.o
Adafruit_TFTLCD::Adafruit_TFTLCD(unsigned char, unsigned char, unsigned char, unsigned char, unsigned char) ./libraries/Adafruit_TFTLCD.o
Adafruit_TFTLCD::begin(unsigned int)              ./libraries/Adafruit_TFTLCD.o
                                                  ./source/nfc_pos_display.o
Adafruit_TFTLCD::color565(unsigned char, unsigned char, unsigned char) ./libraries/Adafruit_TFTLCD.o
Adafruit_TFTLCD::drawFastHLine(int, int, int, unsigned int) ./libraries/Adafruit_TFTLCD.o
Adafruit_TFTLCD::drawFastVLine(int, int, int, unsigned int) ./libraries/Adafruit_TFTLCD.o
Adafruit_TFTLCD::drawPixel(int, int, unsigned int) ./libraries/Adafruit_TFTLCD.o
Adafruit_TFTLCD::fillRect(int, int, int, int, unsigned int) ./libraries/Adafruit_TFTLCD.o
Adafruit_TFTLCD::fillScreen(unsigned int)         ./libraries/Adafruit_TFTLCD.o
                                                  ./source/nfc_pos_display.o
Adafruit_TFTLCD::flood(unsigned int, unsigned long) ./libraries/Adafruit_TFTLCD.o
Adafruit_TFTLCD::init()                           ./libraries/Adafruit_TFTLCD.o
Adafruit_TFTLCD::pushColors(unsigned int*, unsigned char, unsigned char) ./libraries/Adafruit_TFTLCD.o
Adafruit_TFTLCD::read8()                          ./libraries/Adafruit_TFTLCD.o
Adafruit_TFTLCD::readID()                         ./libraries/Adafruit_TFTLCD.o
                                                  ./source/nfc_pos_display.o
Adafruit_TFTLCD::readPixel(int, int)              ./libraries/Adafruit_TFTLCD.o
Adafruit_TFTLCD::reset()                          ./libraries/Adafruit_TFTLCD.o
                                                  ./source/nfc_pos_display.o
Adafruit_TFTLCD::setAddrWindow(int, int, int, int) ./libraries/Adafruit_TFTLCD.o
Adafruit_TFTLCD::setLR()                          ./libraries/Adafruit_TFTLCD.o
Adafruit_TFTLCD::setReadDir()                     ./libraries/Adafruit_TFTLCD.o
Adafruit_TFTLCD::setRotation(unsigned char)       ./libraries/Adafruit_TFTLCD.o
                                                  ./source/nfc_pos_display.o
Adafruit_TFTLCD::setWriteDir()                    ./libraries/Adafruit_TFTLCD.o
Adafruit_TFTLCD::writeRegister16(unsigned int, unsigned int) ./libraries/Adafruit_TFTLCD.o
Adafruit_TFTLCD::writeRegister8(unsigned char, unsigned char) ./libraries/Adafruit_TFTLCD.o
Adafruit_TFTLCD::writeRegisterPair(unsigned char, unsigned char, unsigned int) ./libraries/Adafruit_TFTLCD.o
HardwareSerial::HardwareSerial(ring_buffer*, ring_buffer*, unsigned char volatile*, unsigned char volatile*, unsigned char volatile*, unsigned char volatile*, unsigned char volatile*, unsigned char volatile*, unsigned char, unsigned char, unsigned char, unsigned char, unsigned char) ./src/HardwareSerial.o
HardwareSerial::HardwareSerial(ring_buffer*, ring_buffer*, unsigned char volatile*, unsigned char volatile*, unsigned char volatile*, unsigned char volatile*, unsigned char volatile*, unsigned char volatile*, unsigned char, unsigned char, unsigned char, unsigned char, unsigned char) ./src/HardwareSerial.o
HardwareSerial::available()                       ./src/HardwareSerial.o
HardwareSerial::begin(unsigned long)              ./src/HardwareSerial.o
                                                  ./source/nfc_pos_main.o
HardwareSerial::begin(unsigned long, unsigned char) ./src/HardwareSerial.o
HardwareSerial::end()                             ./src/HardwareSerial.o
HardwareSerial::flush()                           ./src/HardwareSerial.o
HardwareSerial::operator bool()                   ./src/HardwareSerial.o
HardwareSerial::peek()                            ./src/HardwareSerial.o
HardwareSerial::read()                            ./src/HardwareSerial.o
HardwareSerial::write(unsigned char)              ./src/HardwareSerial.o
Point::Point()                                    ./libraries/TouchScreen.o
Point::Point()                                    ./libraries/TouchScreen.o
                                                  ./source/nfc_pos_display.o
Point::Point(int, int, int)                       ./libraries/TouchScreen.o
Point::Point(int, int, int)                       ./libraries/TouchScreen.o
Point::operator!=(Point)                          ./libraries/TouchScreen.o
Point::operator==(Point)                          ./libraries/TouchScreen.o
Print::print(Printable const&)                    ./src/Print.o
Print::print(String const&)                       ./src/Print.o
Print::print(__FlashStringHelper const*)          ./src/Print.o
Print::print(char const*)                         ./src/Print.o
                                                  ./libraries/Adafruit_NFCShield_I2C.o
                                                  ./source/nfc_pos_transaction.o
Print::print(char)                                ./src/Print.o
                                                  ./libraries/Adafruit_NFCShield_I2C.o
                                                  ./source/nfc_pos_transaction.o
                                                  ./source/nfc_pos_main.o
Print::print(double, int)                         ./src/Print.o
Print::print(int, int)                            ./src/Print.o
                                                  ./libraries/Adafruit_NFCShield_I2C.o
                                                  ./source/nfc_pos_display.o
Print::print(long, int)                           ./src/Print.o
Print::print(unsigned char, int)                  ./src/Print.o
                                                  ./libraries/Adafruit_NFCShield_I2C.o
Print::print(unsigned int, int)                   ./src/Print.o
Print::print(unsigned long, int)                  ./src/Print.o
                                                  ./source/nfc_pos_transaction.o
Print::printFloat(double, unsigned char)          ./src/Print.o
Print::printNumber(unsigned long, unsigned char)  ./src/Print.o
Print::println()                                  ./src/Print.o
                                                  ./source/nfc_pos_main.o
                                                  ./source/nfc_pos_display.o
Print::println(Printable const&)                  ./src/Print.o
Print::println(String const&)                     ./src/Print.o
Print::println(__FlashStringHelper const*)        ./src/Print.o
Print::println(char const*)                       ./src/Print.o
                                                  ./libraries/Adafruit_NFCShield_I2C.o
                                                  ./source/nfc_pos_transaction.o
                                                  ./source/nfc_pos_display.o
Print::println(char)                              ./src/Print.o
Print::println(double, int)                       ./src/Print.o
                                                  ./source/nfc_pos_display.o
Print::println(int, int)                          ./src/Print.o
                                                  ./source/nfc_pos_transaction.o
                                                  ./source/nfc_pos_display.o
Print::println(long, int)                         ./src/Print.o
Print::println(unsigned char, int)                ./src/Print.o
                                                  ./libraries/Adafruit_NFCShield_I2C.o
Print::println(unsigned int, int)                 ./src/Print.o
Print::println(unsigned long, int)                ./src/Print.o
                                                  ./source/nfc_pos_transaction.o
                                                  ./source/nfc_pos_display.o
Print::write(char const*)                         ./src/Print.o
Print::write(unsigned char const*, unsigned int)  ./src/Print.o
                                                  ./libraries/Wire.o
                                                  ./libraries/Adafruit_TFTLCD.o
                                                  ./src/HardwareSerial.o
SPI                                               ./src/SPI.o
SPIClass::begin()                                 ./src/SPI.o
SPIClass::end()                                   ./src/SPI.o
SPIClass::setBitOrder(unsigned char)              ./src/SPI.o
SPIClass::setClockDivider(unsigned char)          ./src/SPI.o
SPIClass::setDataMode(unsigned char)              ./src/SPI.o
Serial                                            ./src/HardwareSerial.o
                                                  ./libraries/Adafruit_NFCShield_I2C.o
                                                  ./source/nfc_pos_transaction.o
                                                  ./source/nfc_pos_main.o
                                                  ./source/nfc_pos_display.o
Stream::find(char*)                               ./src/Stream.o
Stream::find(char*, unsigned int)                 ./src/Stream.o
Stream::findUntil(char*, char*)                   ./src/Stream.o
Stream::findUntil(char*, unsigned int, char*, unsigned int) ./src/Stream.o
Stream::parseFloat()                              ./src/Stream.o
Stream::parseFloat(char)                          ./src/Stream.o
Stream::parseInt()                                ./src/Stream.o
Stream::parseInt(char)                            ./src/Stream.o
Stream::peekNextDigit()                           ./src/Stream.o
Stream::readBytes(char*, unsigned int)            ./src/Stream.o
Stream::readBytesUntil(char, char*, unsigned int) ./src/Stream.o
Stream::readString()                              ./src/Stream.o
Stream::readStringUntil(char)                     ./src/Stream.o
Stream::setTimeout(unsigned long)                 ./src/Stream.o
Stream::timedPeek()                               ./src/Stream.o
Stream::timedRead()                               ./src/Stream.o
String::String(String const&)                     ./src/WString.o
String::String(String const&)                     ./src/WString.o
String::String(char const*)                       ./src/WString.o
String::String(char const*)                       ./src/WString.o
                                                  ./src/Stream.o
String::String(char)                              ./src/WString.o
String::String(char)                              ./src/WString.o
String::String(int, unsigned char)                ./src/WString.o
String::String(int, unsigned char)                ./src/WString.o
String::String(long, unsigned char)               ./src/WString.o
String::String(long, unsigned char)               ./src/WString.o
String::String(unsigned char, unsigned char)      ./src/WString.o
String::String(unsigned char, unsigned char)      ./src/WString.o
String::String(unsigned int, unsigned char)       ./src/WString.o
String::String(unsigned int, unsigned char)       ./src/WString.o
String::String(unsigned long, unsigned char)      ./src/WString.o
String::String(unsigned long, unsigned char)      ./src/WString.o
String::changeBuffer(unsigned int)                ./src/WString.o
String::charAt(unsigned int) const                ./src/WString.o
String::compareTo(String const&) const            ./src/WString.o
String::concat(String const&)                     ./src/WString.o
String::concat(char const*)                       ./src/WString.o
String::concat(char const*, unsigned int)         ./src/WString.o
String::concat(char)                              ./src/WString.o
                                                  ./src/Stream.o
String::concat(int)                               ./src/WString.o
String::concat(long)                              ./src/WString.o
String::concat(unsigned char)                     ./src/WString.o
String::concat(unsigned int)                      ./src/WString.o
String::concat(unsigned long)                     ./src/WString.o
String::copy(char const*, unsigned int)           ./src/WString.o
String::endsWith(String const&) const             ./src/WString.o
String::equals(String const&) const               ./src/WString.o
String::equals(char const*) const                 ./src/WString.o
String::equalsIgnoreCase(String const&) const     ./src/WString.o
String::getBytes(unsigned char*, unsigned int, unsigned int) const ./src/WString.o
String::indexOf(String const&) const              ./src/WString.o
String::indexOf(String const&, unsigned int) const ./src/WString.o
String::indexOf(char) const                       ./src/WString.o
String::indexOf(char, unsigned int) const         ./src/WString.o
String::invalidate()                              ./src/WString.o
String::lastIndexOf(String const&) const          ./src/WString.o
String::lastIndexOf(String const&, unsigned int) const ./src/WString.o
String::lastIndexOf(char) const                   ./src/WString.o
String::lastIndexOf(char, unsigned int) const     ./src/WString.o
String::operator<(String const&) const            ./src/WString.o
String::operator<=(String const&) const           ./src/WString.o
String::operator=(String const&)                  ./src/WString.o
String::operator=(char const*)                    ./src/WString.o
String::operator>(String const&) const            ./src/WString.o
String::operator>=(String const&) const           ./src/WString.o
String::operator[](unsigned int)                  ./src/WString.o
String::operator[](unsigned int) const            ./src/WString.o
                                                  ./src/Print.o
String::replace(String const&, String const&)     ./src/WString.o
String::replace(char, char)                       ./src/WString.o
String::reserve(unsigned int)                     ./src/WString.o
String::setCharAt(unsigned int, char)             ./src/WString.o
String::startsWith(String const&) const           ./src/WString.o
String::startsWith(String const&, unsigned int) const ./src/WString.o
String::substring(unsigned int) const             ./src/WString.o
String::substring(unsigned int, unsigned int) const ./src/WString.o
String::toInt() const                             ./src/WString.o
String::toLowerCase()                             ./src/WString.o
String::toUpperCase()                             ./src/WString.o
String::trim()                                    ./src/WString.o
String::~String()                                 ./src/WString.o
String::~String()                                 ./src/WString.o
TouchScreen::TouchScreen(unsigned char, unsigned char, unsigned char, unsigned char) ./libraries/TouchScreen.o
TouchScreen::TouchScreen(unsigned char, unsigned char, unsigned char, unsigned char) ./libraries/TouchScreen.o
TouchScreen::TouchScreen(unsigned char, unsigned char, unsigned char, unsigned char, unsigned int) ./libraries/TouchScreen.o
TouchScreen::TouchScreen(unsigned char, unsigned char, unsigned char, unsigned char, unsigned int) ./libraries/TouchScreen.o
                                                  ./source/nfc_pos_display.o
TouchScreen::getPoint()                           ./libraries/TouchScreen.o
                                                  ./source/nfc_pos_display.o
TouchScreen::pressure()                           ./libraries/TouchScreen.o
TouchScreen::readTouchX()                         ./libraries/TouchScreen.o
TouchScreen::readTouchY()                         ./libraries/TouchScreen.o
TwoWire::TwoWire()                                ./libraries/Wire.o
TwoWire::TwoWire()                                ./libraries/Wire.o
TwoWire::available()                              ./libraries/Wire.o
TwoWire::begin()                                  ./libraries/Wire.o
                                                  ./libraries/Adafruit_NFCShield_I2C.o
TwoWire::begin(int)                               ./libraries/Wire.o
TwoWire::begin(unsigned char)                     ./libraries/Wire.o
TwoWire::beginTransmission(int)                   ./libraries/Wire.o
                                                  ./libraries/Adafruit_NFCShield_I2C.o
TwoWire::beginTransmission(unsigned char)         ./libraries/Wire.o
TwoWire::endTransmission()                        ./libraries/Wire.o
                                                  ./libraries/Adafruit_NFCShield_I2C.o
TwoWire::endTransmission(unsigned char)           ./libraries/Wire.o
TwoWire::flush()                                  ./libraries/Wire.o
TwoWire::onReceive(void (*)(int))                 ./libraries/Wire.o
TwoWire::onReceiveService(unsigned char*, int)    ./libraries/Wire.o
TwoWire::onRequest(void (*)())                    ./libraries/Wire.o
TwoWire::onRequestService()                       ./libraries/Wire.o
TwoWire::peek()                                   ./libraries/Wire.o
TwoWire::read()                                   ./libraries/Wire.o
                                                  ./libraries/Adafruit_NFCShield_I2C.o
TwoWire::requestFrom(int, int)                    ./libraries/Wire.o
TwoWire::requestFrom(int, int, int)               ./libraries/Wire.o
TwoWire::requestFrom(unsigned char, unsigned char) ./libraries/Wire.o
                                                  ./libraries/Adafruit_NFCShield_I2C.o
TwoWire::requestFrom(unsigned char, unsigned char, unsigned char) ./libraries/Wire.o
TwoWire::rxBuffer                                 ./libraries/Wire.o
TwoWire::rxBufferIndex                            ./libraries/Wire.o
TwoWire::rxBufferLength                           ./libraries/Wire.o
TwoWire::transmitting                             ./libraries/Wire.o
TwoWire::txAddress                                ./libraries/Wire.o
TwoWire::txBuffer                                 ./libraries/Wire.o
TwoWire::txBufferIndex                            ./libraries/Wire.o
TwoWire::txBufferLength                           ./libraries/Wire.o
TwoWire::user_onReceive                           ./libraries/Wire.o
TwoWire::user_onRequest                           ./libraries/Wire.o
TwoWire::write(unsigned char const*, unsigned int) ./libraries/Wire.o
TwoWire::write(unsigned char)                     ./libraries/Wire.o
                                                  ./libraries/Adafruit_NFCShield_I2C.o
Wire                                              ./libraries/Wire.o
                                                  ./libraries/Adafruit_NFCShield_I2C.o
__addsf3                                          d:/winavr-20100110/bin/../lib/gcc/avr/4.3.3/../../../../avr/lib/avr5\libm.a(addsf3.o)
                                                  ./src/Print.o
__addsf3x                                         d:/winavr-20100110/bin/../lib/gcc/avr/4.3.3/../../../../avr/lib/avr5\libm.a(addsf3x.o)
                                                  d:/winavr-20100110/bin/../lib/gcc/avr/4.3.3/../../../../avr/lib/avr5\libm.a(addsf3.o)
__bad_interrupt                                   d:/winavr-20100110/bin/../lib/gcc/avr/4.3.3/../../../../avr/lib/avr5/crtm328p.o
__brkval                                          ./src/avr-libc/realloc.o
                                                  ./src/avr-libc/malloc.o
__bss_end                                         d:/winavr-20100110/bin/../lib/gcc/avr/4.3.3/avr5\libgcc.a(_clear_bss.o)
__bss_start                                       d:/winavr-20100110/bin/../lib/gcc/avr/4.3.3/avr5\libgcc.a(_clear_bss.o)
__cmpsf2                                          d:/winavr-20100110/bin/../lib/gcc/avr/4.3.3/../../../../avr/lib/avr5\libm.a(cmpsf2.o)
__ctors_end                                       d:/winavr-20100110/bin/../lib/gcc/avr/4.3.3/avr5\libgcc.a(_ctors.o)
__ctors_start                                     d:/winavr-20100110/bin/../lib/gcc/avr/4.3.3/avr5\libgcc.a(_ctors.o)
__ctype_isfalse                                   d:/winavr-20100110/bin/../lib/gcc/avr/4.3.3/../../../../avr/lib/avr5\libc.a(cty_isfalse.o)
                                                  d:/winavr-20100110/bin/../lib/gcc/avr/4.3.3/../../../../avr/lib/avr5\libc.a(isspace.o)
__ctype_istrue                                    d:/winavr-20100110/bin/../lib/gcc/avr/4.3.3/../../../../avr/lib/avr5\libc.a(cty_isfalse.o)
__cxa_guard_abort                                 ./src/new.o
__cxa_guard_acquire                               ./src/new.o
__cxa_guard_release                               ./src/new.o
__cxa_pure_virtual                                ./src/new.o
                                                  ./libraries/Wire.o
                                                  ./src/Print.o
                                                  ./src/HardwareSerial.o
__data_end                                        d:/winavr-20100110/bin/../lib/gcc/avr/4.3.3/avr5\libgcc.a(_copy_data.o)
__data_load_start                                 d:/winavr-20100110/bin/../lib/gcc/avr/4.3.3/avr5\libgcc.a(_copy_data.o)
__data_start                                      d:/winavr-20100110/bin/../lib/gcc/avr/4.3.3/avr5\libgcc.a(_copy_data.o)
__divmodhi4                                       d:/winavr-20100110/bin/../lib/gcc/avr/4.3.3/avr5\libgcc.a(_divmodhi4.o)
                                                  ./libraries/Adafruit_GFX.o
__divmodsi4                                       d:/winavr-20100110/bin/../lib/gcc/avr/4.3.3/avr5\libgcc.a(_divmodsi4.o)
                                                  d:/winavr-20100110/bin/../lib/gcc/avr/4.3.3/../../../../avr/lib/avr5\libc.a(random.o)
                                                  ./src/WMath.o
__divsf3                                          d:/winavr-20100110/bin/../lib/gcc/avr/4.3.3/../../../../avr/lib/avr5\libm.a(divsf3.o)
                                                  ./libraries/TouchScreen.o
                                                  ./src/Print.o
__divsf3_pse                                      d:/winavr-20100110/bin/../lib/gcc/avr/4.3.3/../../../../avr/lib/avr5\libm.a(divsf3x.o)
__divsf3x                                         d:/winavr-20100110/bin/../lib/gcc/avr/4.3.3/../../../../avr/lib/avr5\libm.a(divsf3x.o)
                                                  d:/winavr-20100110/bin/../lib/gcc/avr/4.3.3/../../../../avr/lib/avr5\libm.a(divsf3.o)
__do_clear_bss                                    d:/winavr-20100110/bin/../lib/gcc/avr/4.3.3/avr5\libgcc.a(_clear_bss.o)
                                                  ./libraries/twi.o
                                                  ./libraries/Wire.o
                                                  ./libraries/Adafruit_NFCShield_I2C.o
                                                  ./source/nfc_pos_transaction.o
                                                  ./source/nfc_pos_main.o
                                                  ./source/nfc_pos_display.o
                                                  ./src/wiring.o
                                                  ./src/WString.o
                                                  ./src/WInterrupts.o
                                                  ./src/Tone.o
                                                  ./src/SPI.o
                                                  ./src/HardwareSerial.o
                                                  ./src/avr-libc/malloc.o
__do_copy_data                                    d:/winavr-20100110/bin/../lib/gcc/avr/4.3.3/avr5\libgcc.a(_copy_data.o)
                                                  d:/winavr-20100110/bin/../lib/gcc/avr/4.3.3/../../../../avr/lib/avr5\libc.a(random.o)
                                                  ./libraries/Wire.o
                                                  ./libraries/Adafruit_TFTLCD.o
                                                  ./libraries/Adafruit_NFCShield_I2C.o
                                                  ./source/nfc_pos_transaction.o
                                                  ./source/nfc_pos_main.o
                                                  ./source/nfc_pos_display.o
                                                  ./src/wiring_analog.o
                                                  ./src/WString.o
                                                  ./src/Tone.o
                                                  ./src/Stream.o
                                                  ./src/Print.o
                                                  ./src/HardwareSerial.o
                                                  ./src/avr-libc/malloc.o
__do_global_ctors                                 d:/winavr-20100110/bin/../lib/gcc/avr/4.3.3/avr5\libgcc.a(_ctors.o)
                                                  ./libraries/Wire.o
                                                  ./source/nfc_pos_transaction.o
                                                  ./source/nfc_pos_display.o
                                                  ./src/HardwareSerial.o
__epilogue_restores__                             d:/winavr-20100110/bin/../lib/gcc/avr/4.3.3/avr5\libgcc.a(_epilogue.o)
                                                  d:/winavr-20100110/bin/../lib/gcc/avr/4.3.3/../../../../avr/lib/avr5\libc.a(vfprintf_std.o)
                                                  d:/winavr-20100110/bin/../lib/gcc/avr/4.3.3/../../../../avr/lib/avr5\libc.a(sprintf.o)
                                                  d:/winavr-20100110/bin/../lib/gcc/avr/4.3.3/../../../../avr/lib/avr5\libc.a(random.o)
__eqsf2                                           d:/winavr-20100110/bin/../lib/gcc/avr/4.3.3/../../../../avr/lib/avr5\libm.a(cmpsf2.o)
__fixsfsi                                         d:/winavr-20100110/bin/../lib/gcc/avr/4.3.3/../../../../avr/lib/avr5\libm.a(fixsfsi.o)
                                                  ./libraries/TouchScreen.o
                                                  ./src/Print.o
__fixunssfsi                                      d:/winavr-20100110/bin/../lib/gcc/avr/4.3.3/../../../../avr/lib/avr5\libm.a(fixunssfsi.o)
                                                  d:/winavr-20100110/bin/../lib/gcc/avr/4.3.3/../../../../avr/lib/avr5\libm.a(fixsfsi.o)
                                                  ./libraries/TouchScreen.o
                                                  ./src/Print.o
__floatsisf                                       d:/winavr-20100110/bin/../lib/gcc/avr/4.3.3/../../../../avr/lib/avr5\libm.a(floatsisf.o)
                                                  ./libraries/TouchScreen.o
                                                  ./src/Stream.o
                                                  ./src/Print.o
__floatunsisf                                     d:/winavr-20100110/bin/../lib/gcc/avr/4.3.3/../../../../avr/lib/avr5\libm.a(floatsisf.o)
                                                  ./libraries/TouchScreen.o
                                                  ./src/Print.o
__flp                                             ./src/avr-libc/realloc.o
                                                  ./src/avr-libc/malloc.o
__fp_cmp                                          d:/winavr-20100110/bin/../lib/gcc/avr/4.3.3/../../../../avr/lib/avr5\libm.a(fp_cmp.o)
                                                  d:/winavr-20100110/bin/../lib/gcc/avr/4.3.3/../../../../avr/lib/avr5\libm.a(unordsf2.o)
                                                  d:/winavr-20100110/bin/../lib/gcc/avr/4.3.3/../../../../avr/lib/avr5\libm.a(gesf2.o)
                                                  d:/winavr-20100110/bin/../lib/gcc/avr/4.3.3/../../../../avr/lib/avr5\libm.a(cmpsf2.o)
__fp_inf                                          d:/winavr-20100110/bin/../lib/gcc/avr/4.3.3/../../../../avr/lib/avr5\libm.a(fp_inf.o)
                                                  d:/winavr-20100110/bin/../lib/gcc/avr/4.3.3/../../../../avr/lib/avr5\libm.a(mulsf3x.o)
                                                  d:/winavr-20100110/bin/../lib/gcc/avr/4.3.3/../../../../avr/lib/avr5\libm.a(divsf3x.o)
                                                  d:/winavr-20100110/bin/../lib/gcc/avr/4.3.3/../../../../avr/lib/avr5\libm.a(addsf3x.o)
__fp_nan                                          d:/winavr-20100110/bin/../lib/gcc/avr/4.3.3/../../../../avr/lib/avr5\libm.a(fp_nan.o)
                                                  d:/winavr-20100110/bin/../lib/gcc/avr/4.3.3/../../../../avr/lib/avr5\libm.a(mulsf3x.o)
                                                  d:/winavr-20100110/bin/../lib/gcc/avr/4.3.3/../../../../avr/lib/avr5\libm.a(divsf3x.o)
                                                  d:/winavr-20100110/bin/../lib/gcc/avr/4.3.3/../../../../avr/lib/avr5\libm.a(addsf3x.o)
__fp_pscA                                         d:/winavr-20100110/bin/../lib/gcc/avr/4.3.3/../../../../avr/lib/avr5\libm.a(fp_pscA.o)
                                                  d:/winavr-20100110/bin/../lib/gcc/avr/4.3.3/../../../../avr/lib/avr5\libm.a(mulsf3x.o)
                                                  d:/winavr-20100110/bin/../lib/gcc/avr/4.3.3/../../../../avr/lib/avr5\libm.a(divsf3x.o)
                                                  d:/winavr-20100110/bin/../lib/gcc/avr/4.3.3/../../../../avr/lib/avr5\libm.a(addsf3x.o)
__fp_pscB                                         d:/winavr-20100110/bin/../lib/gcc/avr/4.3.3/../../../../avr/lib/avr5\libm.a(fp_pscB.o)
                                                  d:/winavr-20100110/bin/../lib/gcc/avr/4.3.3/../../../../avr/lib/avr5\libm.a(mulsf3x.o)
                                                  d:/winavr-20100110/bin/../lib/gcc/avr/4.3.3/../../../../avr/lib/avr5\libm.a(divsf3x.o)
                                                  d:/winavr-20100110/bin/../lib/gcc/avr/4.3.3/../../../../avr/lib/avr5\libm.a(addsf3x.o)
__fp_round                                        d:/winavr-20100110/bin/../lib/gcc/avr/4.3.3/../../../../avr/lib/avr5\libm.a(fp_round.o)
                                                  d:/winavr-20100110/bin/../lib/gcc/avr/4.3.3/../../../../avr/lib/avr5\libm.a(mulsf3.o)
                                                  d:/winavr-20100110/bin/../lib/gcc/avr/4.3.3/../../../../avr/lib/avr5\libm.a(divsf3.o)
                                                  d:/winavr-20100110/bin/../lib/gcc/avr/4.3.3/../../../../avr/lib/avr5\libm.a(addsf3.o)
__fp_split3                                       d:/winavr-20100110/bin/../lib/gcc/avr/4.3.3/../../../../avr/lib/avr5\libm.a(fp_split3.o)
                                                  d:/winavr-20100110/bin/../lib/gcc/avr/4.3.3/../../../../avr/lib/avr5\libm.a(mulsf3x.o)
                                                  d:/winavr-20100110/bin/../lib/gcc/avr/4.3.3/../../../../avr/lib/avr5\libm.a(divsf3x.o)
                                                  d:/winavr-20100110/bin/../lib/gcc/avr/4.3.3/../../../../avr/lib/avr5\libm.a(addsf3x.o)
__fp_splitA                                       d:/winavr-20100110/bin/../lib/gcc/avr/4.3.3/../../../../avr/lib/avr5\libm.a(fp_split3.o)
                                                  d:/winavr-20100110/bin/../lib/gcc/avr/4.3.3/../../../../avr/lib/avr5\libm.a(fixunssfsi.o)
__fp_szero                                        d:/winavr-20100110/bin/../lib/gcc/avr/4.3.3/../../../../avr/lib/avr5\libm.a(fp_zero.o)
                                                  d:/winavr-20100110/bin/../lib/gcc/avr/4.3.3/../../../../avr/lib/avr5\libm.a(mulsf3x.o)
                                                  d:/winavr-20100110/bin/../lib/gcc/avr/4.3.3/../../../../avr/lib/avr5\libm.a(fixsfsi.o)
                                                  d:/winavr-20100110/bin/../lib/gcc/avr/4.3.3/../../../../avr/lib/avr5\libm.a(divsf3x.o)
__fp_zero                                         d:/winavr-20100110/bin/../lib/gcc/avr/4.3.3/../../../../avr/lib/avr5\libm.a(fp_zero.o)
                                                  d:/winavr-20100110/bin/../lib/gcc/avr/4.3.3/../../../../avr/lib/avr5\libm.a(fixunssfsi.o)
                                                  d:/winavr-20100110/bin/../lib/gcc/avr/4.3.3/../../../../avr/lib/avr5\libm.a(addsf3x.o)
__gesf2                                           d:/winavr-20100110/bin/../lib/gcc/avr/4.3.3/../../../../avr/lib/avr5\libm.a(gesf2.o)
__gtsf2                                           d:/winavr-20100110/bin/../lib/gcc/avr/4.3.3/../../../../avr/lib/avr5\libm.a(gesf2.o)
                                                  ./src/Print.o
__heap_end                                        d:/winavr-20100110/bin/../lib/gcc/avr/4.3.3/../../../../avr/lib/avr5/crtm328p.o
                                                  ./src/avr-libc/malloc.o
__heap_start                                      ./src/avr-libc/malloc.o
__init                                            d:/winavr-20100110/bin/../lib/gcc/avr/4.3.3/../../../../avr/lib/avr5/crtm328p.o
__lesf2                                           d:/winavr-20100110/bin/../lib/gcc/avr/4.3.3/../../../../avr/lib/avr5\libm.a(cmpsf2.o)
                                                  ./src/Print.o
__ltsf2                                           d:/winavr-20100110/bin/../lib/gcc/avr/4.3.3/../../../../avr/lib/avr5\libm.a(cmpsf2.o)
                                                  ./src/Print.o
__malloc_heap_end                                 ./src/avr-libc/malloc.o
                                                  ./src/avr-libc/realloc.o
__malloc_heap_start                               ./src/avr-libc/malloc.o
__malloc_margin                                   ./src/avr-libc/malloc.o
                                                  ./src/avr-libc/realloc.o
__mulhi_const_10                                  d:/winavr-20100110/bin/../lib/gcc/avr/4.3.3/../../../../avr/lib/avr5\libc.a(mul10.o)
                                                  d:/winavr-20100110/bin/../lib/gcc/avr/4.3.3/../../../../avr/lib/avr5\libc.a(atoi.o)
__mulsf3                                          d:/winavr-20100110/bin/../lib/gcc/avr/4.3.3/../../../../avr/lib/avr5\libm.a(mulsf3.o)
                                                  ./libraries/TouchScreen.o
                                                  ./src/Stream.o
                                                  ./src/Print.o
__mulsf3_pse                                      d:/winavr-20100110/bin/../lib/gcc/avr/4.3.3/../../../../avr/lib/avr5\libm.a(mulsf3x.o)
__mulsf3x                                         d:/winavr-20100110/bin/../lib/gcc/avr/4.3.3/../../../../avr/lib/avr5\libm.a(mulsf3x.o)
                                                  d:/winavr-20100110/bin/../lib/gcc/avr/4.3.3/../../../../avr/lib/avr5\libm.a(mulsf3.o)
__mulsi3                                          d:/winavr-20100110/bin/../lib/gcc/avr/4.3.3/avr5\libgcc.a(_mulsi3.o)
                                                  d:/winavr-20100110/bin/../lib/gcc/avr/4.3.3/../../../../avr/lib/avr5\libc.a(random.o)
                                                  ./libraries/Adafruit_TFTLCD.o
                                                  ./src/wiring_pulse.o
                                                  ./src/WMath.o
                                                  ./src/Tone.o
                                                  ./src/Stream.o
                                                  ./src/Print.o
__mulsi_const_10                                  d:/winavr-20100110/bin/../lib/gcc/avr/4.3.3/../../../../avr/lib/avr5\libc.a(mulsi10.o)
                                                  d:/winavr-20100110/bin/../lib/gcc/avr/4.3.3/../../../../avr/lib/avr5\libc.a(atol.o)
__nesf2                                           d:/winavr-20100110/bin/../lib/gcc/avr/4.3.3/../../../../avr/lib/avr5\libm.a(cmpsf2.o)
__prologue_saves__                                d:/winavr-20100110/bin/../lib/gcc/avr/4.3.3/avr5\libgcc.a(_prologue.o)
                                                  d:/winavr-20100110/bin/../lib/gcc/avr/4.3.3/../../../../avr/lib/avr5\libc.a(vfprintf_std.o)
                                                  d:/winavr-20100110/bin/../lib/gcc/avr/4.3.3/../../../../avr/lib/avr5\libc.a(sprintf.o)
                                                  d:/winavr-20100110/bin/../lib/gcc/avr/4.3.3/../../../../avr/lib/avr5\libc.a(random.o)
__stack                                           d:/winavr-20100110/bin/../lib/gcc/avr/4.3.3/../../../../avr/lib/avr5/crtm328p.o
__subsf3                                          d:/winavr-20100110/bin/../lib/gcc/avr/4.3.3/../../../../avr/lib/avr5\libm.a(addsf3.o)
                                                  ./libraries/TouchScreen.o
                                                  ./src/Print.o
__tablejump2__                                    d:/winavr-20100110/bin/../lib/gcc/avr/4.3.3/avr5\libgcc.a(_tablejump.o)
__tablejump__                                     d:/winavr-20100110/bin/../lib/gcc/avr/4.3.3/avr5\libgcc.a(_tablejump.o)
                                                  d:/winavr-20100110/bin/../lib/gcc/avr/4.3.3/avr5\libgcc.a(_ctors.o)
__udivmodhi4                                      d:/winavr-20100110/bin/../lib/gcc/avr/4.3.3/avr5\libgcc.a(_udivmodhi4.o)
                                                  d:/winavr-20100110/bin/../lib/gcc/avr/4.3.3/../../../../avr/lib/avr5\libc.a(utoa.o)
                                                  d:/winavr-20100110/bin/../lib/gcc/avr/4.3.3/../../../../avr/lib/avr5\libc.a(itoa.o)
                                                  d:/winavr-20100110/bin/../lib/gcc/avr/4.3.3/avr5\libgcc.a(_divmodhi4.o)
__udivmodsi4                                      d:/winavr-20100110/bin/../lib/gcc/avr/4.3.3/avr5\libgcc.a(_udivmodsi4.o)
                                                  d:/winavr-20100110/bin/../lib/gcc/avr/4.3.3/../../../../avr/lib/avr5\libc.a(ultoa.o)
                                                  d:/winavr-20100110/bin/../lib/gcc/avr/4.3.3/../../../../avr/lib/avr5\libc.a(ltoa.o)
                                                  d:/winavr-20100110/bin/../lib/gcc/avr/4.3.3/avr5\libgcc.a(_divmodsi4.o)
                                                  ./src/Tone.o
                                                  ./src/Print.o
                                                  ./src/HardwareSerial.o
__ultoa_invert                                    d:/winavr-20100110/bin/../lib/gcc/avr/4.3.3/../../../../avr/lib/avr5\libc.a(ultoa_invert.o)
                                                  d:/winavr-20100110/bin/../lib/gcc/avr/4.3.3/../../../../avr/lib/avr5\libc.a(vfprintf_std.o)
__unordsf2                                        d:/winavr-20100110/bin/../lib/gcc/avr/4.3.3/../../../../avr/lib/avr5\libm.a(unordsf2.o)
                                                  ./src/Print.o
__vector_1                                        ./src/WInterrupts.o
                                                  d:/winavr-20100110/bin/../lib/gcc/avr/4.3.3/../../../../avr/lib/avr5/crtm328p.o
__vector_10                                       d:/winavr-20100110/bin/../lib/gcc/avr/4.3.3/../../../../avr/lib/avr5/crtm328p.o
__vector_11                                       d:/winavr-20100110/bin/../lib/gcc/avr/4.3.3/../../../../avr/lib/avr5/crtm328p.o
__vector_12                                       d:/winavr-20100110/bin/../lib/gcc/avr/4.3.3/../../../../avr/lib/avr5/crtm328p.o
__vector_13                                       d:/winavr-20100110/bin/../lib/gcc/avr/4.3.3/../../../../avr/lib/avr5/crtm328p.o
__vector_14                                       d:/winavr-20100110/bin/../lib/gcc/avr/4.3.3/../../../../avr/lib/avr5/crtm328p.o
__vector_15                                       d:/winavr-20100110/bin/../lib/gcc/avr/4.3.3/../../../../avr/lib/avr5/crtm328p.o
__vector_16                                       ./src/wiring.o
                                                  d:/winavr-20100110/bin/../lib/gcc/avr/4.3.3/../../../../avr/lib/avr5/crtm328p.o
__vector_17                                       d:/winavr-20100110/bin/../lib/gcc/avr/4.3.3/../../../../avr/lib/avr5/crtm328p.o
__vector_18                                       ./src/HardwareSerial.o
                                                  d:/winavr-20100110/bin/../lib/gcc/avr/4.3.3/../../../../avr/lib/avr5/crtm328p.o
__vector_19                                       ./src/HardwareSerial.o
                                                  d:/winavr-20100110/bin/../lib/gcc/avr/4.3.3/../../../../avr/lib/avr5/crtm328p.o
__vector_2                                        ./src/WInterrupts.o
                                                  d:/winavr-20100110/bin/../lib/gcc/avr/4.3.3/../../../../avr/lib/avr5/crtm328p.o
__vector_20                                       d:/winavr-20100110/bin/../lib/gcc/avr/4.3.3/../../../../avr/lib/avr5/crtm328p.o
__vector_21                                       d:/winavr-20100110/bin/../lib/gcc/avr/4.3.3/../../../../avr/lib/avr5/crtm328p.o
__vector_22                                       d:/winavr-20100110/bin/../lib/gcc/avr/4.3.3/../../../../avr/lib/avr5/crtm328p.o
__vector_23                                       d:/winavr-20100110/bin/../lib/gcc/avr/4.3.3/../../../../avr/lib/avr5/crtm328p.o
__vector_24                                       ./libraries/twi.o
                                                  d:/winavr-20100110/bin/../lib/gcc/avr/4.3.3/../../../../avr/lib/avr5/crtm328p.o
__vector_25                                       d:/winavr-20100110/bin/../lib/gcc/avr/4.3.3/../../../../avr/lib/avr5/crtm328p.o
__vector_3                                        d:/winavr-20100110/bin/../lib/gcc/avr/4.3.3/../../../../avr/lib/avr5/crtm328p.o
__vector_4                                        d:/winavr-20100110/bin/../lib/gcc/avr/4.3.3/../../../../avr/lib/avr5/crtm328p.o
__vector_5                                        d:/winavr-20100110/bin/../lib/gcc/avr/4.3.3/../../../../avr/lib/avr5/crtm328p.o
__vector_6                                        d:/winavr-20100110/bin/../lib/gcc/avr/4.3.3/../../../../avr/lib/avr5/crtm328p.o
__vector_7                                        ./src/Tone.o
                                                  d:/winavr-20100110/bin/../lib/gcc/avr/4.3.3/../../../../avr/lib/avr5/crtm328p.o